/home/moebius/reactos/output-posix-amd64/boot/empty
loader/efisys.bin=/home/moebius/reactos/output-posix-amd64/boot/efisys.bin
reactos/reactos.inf=/home/moebius/reactos/output-posix-amd64/boot/bootdata/packages/reactos.inf
reactos/txtsetup.sif=/home/moebius/reactos/boot/bootdata/txtsetup.sif
reactos/caroots.inf=/home/moebius/reactos/output-posix-amd64/boot/bootdata/caroots.inf
/icon.ico=/home/moebius/reactos/boot/bootdata/icon.ico
/readme.txt=/home/moebius/reactos/boot/bootdata/readme.txt
/freeldr.ini=/home/moebius/reactos/boot/bootdata/bootcd.ini
reactos/unattend.inf=/home/moebius/reactos/boot/bootdata/bootcdregtest/unattend.inf
loader/dosmbr.bin=/home/moebius/reactos/output-posix-amd64/boot/freeldr/bootsect/dosmbr.bin
loader/ext.bin=/home/moebius/reactos/output-posix-amd64/boot/freeldr/bootsect/ext.bin
loader/extldr.sys=/home/moebius/reactos/output-posix-amd64/boot/freeldr/bootsect/extldr.sys
loader/btrfs.bin=/home/moebius/reactos/output-posix-amd64/boot/freeldr/bootsect/btrfs.bin
loader/fat.bin=/home/moebius/reactos/output-posix-amd64/boot/freeldr/bootsect/fat.bin
loader/fat32.bin=/home/moebius/reactos/output-posix-amd64/boot/freeldr/bootsect/fat32.bin
loader/ntfs.bin=/home/moebius/reactos/output-posix-amd64/boot/freeldr/bootsect/ntfs.bin
loader/isoboot.bin=/home/moebius/reactos/output-posix-amd64/boot/freeldr/bootsect/isoboot.bin
loader/isobtrt.bin=/home/moebius/reactos/output-posix-amd64/boot/freeldr/bootsect/isobtrt.bin
loader/freeldr.sys=/home/moebius/reactos/output-posix-amd64/boot/freeldr/freeldr/freeldr.sys
reactos/system32/setuplib.dll=/home/moebius/reactos/output-posix-amd64/base/setup/lib/setuplib.dll
reactos/system32/smss.exe=/home/moebius/reactos/output-posix-amd64/base/setup/usetup/usetup.exe
reactos/system32/ntdll.dll=/home/moebius/reactos/output-posix-amd64/dll/ntdll/ntdll.dll
reactos/system32/bootvid.dll=/home/moebius/reactos/output-posix-amd64/drivers/base/bootvid/bootvid.dll
reactos/system32/drivers/condrv.sys=/home/moebius/reactos/output-posix-amd64/drivers/base/condrv/condrv.sys
reactos/system32/kdcom.dll=/home/moebius/reactos/output-posix-amd64/drivers/base/kdrosdbg/kdcom.dll
reactos/system32/drivers/nmidebug.sys=/home/moebius/reactos/output-posix-amd64/drivers/base/nmidebug/nmidebug.sys
reactos/system32/drivers/acpi.sys=/home/moebius/reactos/output-posix-amd64/drivers/bus/acpi/acpi.sys
reactos/system32/drivers/isapnp.sys=/home/moebius/reactos/output-posix-amd64/drivers/bus/isapnp/isapnp.sys
reactos/system32/drivers/pci.sys=/home/moebius/reactos/output-posix-amd64/drivers/bus/pci/pci.sys
reactos/system32/drivers/pcix.sys=/home/moebius/reactos/output-posix-amd64/drivers/bus/pcix/pcix.sys
reactos/system32/drivers/pcmcia.sys=/home/moebius/reactos/output-posix-amd64/drivers/bus/pcmcia/pcmcia.sys
reactos/system32/drivers/ksecdd.sys=/home/moebius/reactos/output-posix-amd64/drivers/crypto/ksecdd/ksecdd.sys
reactos/system32/drivers/btrfs.sys=/home/moebius/reactos/output-posix-amd64/drivers/filesystems/btrfs/btrfs.sys
reactos/system32/drivers/cdfs.sys=/home/moebius/reactos/output-posix-amd64/drivers/filesystems/cdfs/cdfs.sys
reactos/system32/drivers/fastfat.sys=/home/moebius/reactos/output-posix-amd64/drivers/filesystems/fastfat/fastfat.sys
reactos/system32/drivers/fltmgr.sys=/home/moebius/reactos/output-posix-amd64/drivers/filters/fltmgr/fltmgr.sys
reactos/system32/drivers/hidclass.sys=/home/moebius/reactos/output-posix-amd64/drivers/hid/hidclass/hidclass.sys
reactos/system32/drivers/hidparse.sys=/home/moebius/reactos/output-posix-amd64/drivers/hid/hidparse/hidparse.sys
reactos/system32/drivers/hidusb.sys=/home/moebius/reactos/output-posix-amd64/drivers/hid/hidusb/hidusb.sys
reactos/system32/drivers/kbdhid.sys=/home/moebius/reactos/output-posix-amd64/drivers/hid/kbdhid/kbdhid.sys
reactos/system32/drivers/i8042prt.sys=/home/moebius/reactos/output-posix-amd64/drivers/input/i8042prt/i8042prt.sys
reactos/system32/drivers/kbdclass.sys=/home/moebius/reactos/output-posix-amd64/drivers/input/kbdclass/kbdclass.sys
reactos/system32/drivers/swenum.sys=/home/moebius/reactos/output-posix-amd64/drivers/ksfilter/swenum/swenum.sys
reactos/system32/drivers/sacdrv.sys=/home/moebius/reactos/output-posix-amd64/drivers/sac/driver/sacdrv.sys
reactos/system32/drivers/blue.sys=/home/moebius/reactos/output-posix-amd64/drivers/setup/blue/blue.sys
reactos/system32/drivers/cdrom.sys=/home/moebius/reactos/output-posix-amd64/drivers/storage/class/cdrom/cdrom.sys
reactos/system32/drivers/classpnp.sys=/home/moebius/reactos/output-posix-amd64/drivers/storage/class/classpnp/classpnp.sys
reactos/system32/drivers/disk.sys=/home/moebius/reactos/output-posix-amd64/drivers/storage/class/disk/disk.sys
reactos/system32/drivers/ramdisk.sys=/home/moebius/reactos/output-posix-amd64/drivers/storage/class/ramdisk/ramdisk.sys
reactos/system32/drivers/floppy.sys=/home/moebius/reactos/output-posix-amd64/drivers/storage/floppy/floppy/floppy.sys
reactos/system32/drivers/atapi.sys=/home/moebius/reactos/output-posix-amd64/drivers/storage/ide/atapi/atapi.sys
reactos/system32/drivers/pciide.sys=/home/moebius/reactos/output-posix-amd64/drivers/storage/ide/pciide/pciide.sys
reactos/system32/drivers/pciidex.sys=/home/moebius/reactos/output-posix-amd64/drivers/storage/ide/pciidex/pciidex.sys
reactos/system32/drivers/uniata.sys=/home/moebius/reactos/output-posix-amd64/drivers/storage/ide/uniata/uniata.sys
reactos/system32/drivers/mountmgr.sys=/home/moebius/reactos/output-posix-amd64/drivers/storage/mountmgr/mountmgr.sys
reactos/system32/drivers/partmgr.sys=/home/moebius/reactos/output-posix-amd64/drivers/storage/partmgr/partmgr.sys
reactos/system32/drivers/buslogic.sys=/home/moebius/reactos/output-posix-amd64/drivers/storage/port/buslogic/buslogic.sys
reactos/system32/drivers/scsiport.sys=/home/moebius/reactos/output-posix-amd64/drivers/storage/port/scsiport/scsiport.sys
reactos/system32/drivers/storport.sys=/home/moebius/reactos/output-posix-amd64/drivers/storage/port/storport/storport.sys
reactos/system32/drivers/usbccgp.sys=/home/moebius/reactos/output-posix-amd64/drivers/usb/usbccgp/usbccgp.sys
reactos/system32/drivers/usbd.sys=/home/moebius/reactos/output-posix-amd64/drivers/usb/usbd/usbd.sys
reactos/system32/drivers/usbehci.sys=/home/moebius/reactos/output-posix-amd64/drivers/usb/usbehci/usbehci.sys
reactos/system32/drivers/usbhub.sys=/home/moebius/reactos/output-posix-amd64/drivers/usb/usbhub/usbhub.sys
reactos/system32/drivers/usbohci.sys=/home/moebius/reactos/output-posix-amd64/drivers/usb/usbohci/usbohci.sys
reactos/system32/drivers/usbport.sys=/home/moebius/reactos/output-posix-amd64/drivers/usb/usbport/usbport.sys
reactos/system32/drivers/usbstor.sys=/home/moebius/reactos/output-posix-amd64/drivers/usb/usbstor/usbstor.sys
reactos/system32/drivers/usbuhci.sys=/home/moebius/reactos/output-posix-amd64/drivers/usb/usbuhci/usbuhci.sys
reactos/system32/drivers/wmilib.sys=/home/moebius/reactos/output-posix-amd64/drivers/wmi/wmilib.sys
reactos/system32/hal.dll=/home/moebius/reactos/output-posix-amd64/hal/halx86/hal.dll
reactos/system32/halmp.dll=/home/moebius/reactos/output-posix-amd64/hal/halx86/halmp.dll
reactos/system32/c_1252.nls=/home/moebius/reactos/output-posix-amd64/media/nls/c_1252.nls
reactos/system32/c_437.nls=/home/moebius/reactos/output-posix-amd64/media/nls/c_437.nls
reactos/system32/l_intl.nls=/home/moebius/reactos/media/nls/l_intl.nls
reactos/vgafonts.cab=/home/moebius/reactos/output-posix-amd64/media/vgafonts/vgafonts.cab
reactos/system32/ntoskrnl.exe=/home/moebius/reactos/output-posix-amd64/ntoskrnl/ntoskrnl.exe
reactos/system32/ntkrnlmp.exe=/home/moebius/reactos/output-posix-amd64/ntoskrnl/ntkrnlmp/ntkrnlmp.exe
reactos/registry.inf=/home/moebius/reactos/output-posix-amd64/boot/bootdata/registry.inf
reactos/SETUPREG.HIV=/home/moebius/reactos/output-posix-amd64/boot/bootdata/SETUPREG.HIV
efi/boot/BCD=/home/moebius/reactos/output-posix-amd64/boot/bootdata/BCD
reactos/reactos.cab=/home/moebius/reactos/output-posix-amd64/reactos.cab
