/home/moebius/reactos/output-posix-amd64/boot/empty
livecd/Profiles/All Users/Application Data=/home/moebius/reactos/output-posix-amd64/boot/empty
livecd/Profiles/All Users/Documents/My Music=/home/moebius/reactos/output-posix-amd64/boot/empty
livecd/Profiles/All Users/Documents/My Pictures=/home/moebius/reactos/output-posix-amd64/boot/empty
livecd/Profiles/All Users/Documents/My Videos=/home/moebius/reactos/output-posix-amd64/boot/empty
livecd/Profiles/All Users/Favorites=/home/moebius/reactos/output-posix-amd64/boot/empty
livecd/Profiles/All Users/My Documents=/home/moebius/reactos/output-posix-amd64/boot/empty
livecd/Profiles/All Users/Start Menu/Programs/StartUp=/home/moebius/reactos/output-posix-amd64/boot/empty
livecd/Profiles/All Users/Templates=/home/moebius/reactos/output-posix-amd64/boot/empty
livecd/Profiles/Default User/Application Data=/home/moebius/reactos/output-posix-amd64/boot/empty
livecd/Profiles/Default User/Application Data/Microsoft/Internet Explorer/Quick Launch=/home/moebius/reactos/output-posix-amd64/boot/empty
livecd/Profiles/Default User/Cookies=/home/moebius/reactos/output-posix-amd64/boot/empty
livecd/Profiles/Default User/Desktop=/home/moebius/reactos/output-posix-amd64/boot/empty
livecd/Profiles/Default User/Favorites=/home/moebius/reactos/output-posix-amd64/boot/empty
livecd/Profiles/Default User/Local Settings/Application Data=/home/moebius/reactos/output-posix-amd64/boot/empty
livecd/Profiles/Default User/Local Settings/History=/home/moebius/reactos/output-posix-amd64/boot/empty
livecd/Profiles/Default User/Local Settings/Temporary Internet Files=/home/moebius/reactos/output-posix-amd64/boot/empty
livecd/Profiles/Default User/My Music=/home/moebius/reactos/output-posix-amd64/boot/empty
livecd/Profiles/Default User/My Pictures=/home/moebius/reactos/output-posix-amd64/boot/empty
livecd/Profiles/Default User/My Videos=/home/moebius/reactos/output-posix-amd64/boot/empty
livecd/Profiles/Default User/NetHood=/home/moebius/reactos/output-posix-amd64/boot/empty
livecd/Profiles/Default User/PrintHood=/home/moebius/reactos/output-posix-amd64/boot/empty
livecd/Profiles/Default User/Recent=/home/moebius/reactos/output-posix-amd64/boot/empty
livecd/Profiles/Default User/SendTo=/home/moebius/reactos/output-posix-amd64/boot/empty
livecd/Profiles/Default User/Start Menu/Programs=/home/moebius/reactos/output-posix-amd64/boot/empty
livecd/Profiles/Default User/Start Menu/Programs/Administrative Tools=/home/moebius/reactos/output-posix-amd64/boot/empty
livecd/Profiles/Default User/Start Menu/Programs/StartUp=/home/moebius/reactos/output-posix-amd64/boot/empty
livecd/Profiles/Default User/Templates=/home/moebius/reactos/output-posix-amd64/boot/empty
loader/efisys.bin=/home/moebius/reactos/output-posix-amd64/boot/efisys.bin
livecd/efi/boot/bootx64.efi=$<TARGET_FILE:uefildr>
efi/boot/bootx64.efi=$<TARGET_FILE:uefildr>
bootcd/reactos/reactos.inf=/home/moebius/reactos/output-posix-amd64/boot/bootdata/packages/reactos.inf
bootcd/reactos/txtsetup.sif=/home/moebius/reactos/boot/bootdata/txtsetup.sif
bootcd/reactos/caroots.inf=/home/moebius/reactos/output-posix-amd64/boot/bootdata/caroots.inf
livecd/reactos/bin/regtest.cmd=/home/moebius/reactos/boot/bootdata/bootcdregtest/regtest.cmd
/autorun.inf=/home/moebius/reactos/boot/bootdata/autorun-hybridcd.inf
/icon.ico=/home/moebius/reactos/boot/bootdata/icon.ico
/readme.txt=/home/moebius/reactos/boot/bootdata/readme.txt
livecd/reactos/readme.txt=/home/moebius/reactos/boot/bootdata/readme.txt
bootcd/reactos/welcome.ini=/home/moebius/reactos/boot/bootdata/welcome_config/welcome.ini
/freeldr.ini=/home/moebius/reactos/boot/bootdata/hybridcd.ini
bootcd/reactos/unattend.inf=/home/moebius/reactos/boot/bootdata/bootcd/unattend.inf
livecd/reactos/unattend.inf=/home/moebius/reactos/boot/bootdata/livecd/unattend.inf
livecd/Profiles/Default User/My Documents/livecd_start.cmd=/home/moebius/reactos/boot/bootdata/livecd_start.cmd
livecd/Profiles/All Users/Desktop/Read Me.lnk=/home/moebius/reactos/output-posix-amd64/boot/bootdata/Read Me.lnk
livecd/Profiles/All Users/Desktop/Command Prompt.lnk=/home/moebius/reactos/output-posix-amd64/boot/bootdata/Command Prompt.lnk
livecd/Profiles/All Users/Start Menu/Programs/Administrative Tools/Device Manager.lnk=/home/moebius/reactos/output-posix-amd64/boot/bootdata/Device Manager.lnk
livecd/Profiles/All Users/Start Menu/Programs/Administrative Tools/Event Viewer.lnk=/home/moebius/reactos/output-posix-amd64/boot/bootdata/Event Viewer.lnk
livecd/Profiles/All Users/Start Menu/Programs/Administrative Tools/Service Manager.lnk=/home/moebius/reactos/output-posix-amd64/boot/bootdata/Service Manager.lnk
livecd/Profiles/All Users/Start Menu/Programs/Administrative Tools/System Configuration.lnk=/home/moebius/reactos/output-posix-amd64/boot/bootdata/System Configuration.lnk
livecd/Profiles/All Users/Start Menu/Programs/Accessories/Accessibility/Accessibility Utility Manager.lnk=/home/moebius/reactos/output-posix-amd64/boot/bootdata/Accessibility Utility Manager.lnk
livecd/Profiles/All Users/Start Menu/Programs/Accessories/Accessibility/Magnify.lnk=/home/moebius/reactos/output-posix-amd64/boot/bootdata/Magnify.lnk
livecd/Profiles/All Users/Start Menu/Programs/Accessories/Accessibility/On-Screen Keyboard.lnk=/home/moebius/reactos/output-posix-amd64/boot/bootdata/On-Screen Keyboard.lnk
livecd/Profiles/All Users/Start Menu/Programs/Accessories/Communications/Remote Desktop Connection.lnk=/home/moebius/reactos/output-posix-amd64/boot/bootdata/Remote Desktop Connection.lnk
livecd/Profiles/All Users/Start Menu/Programs/Accessories/Entertainment/Multimedia Player.lnk=/home/moebius/reactos/output-posix-amd64/boot/bootdata/Multimedia Player.lnk
livecd/Profiles/All Users/Start Menu/Programs/Accessories/Entertainment/Sound Recorder.lnk=/home/moebius/reactos/output-posix-amd64/boot/bootdata/Sound Recorder.lnk
livecd/Profiles/All Users/Start Menu/Programs/Accessories/Entertainment/Volume Control.lnk=/home/moebius/reactos/output-posix-amd64/boot/bootdata/Volume Control.lnk
livecd/Profiles/All Users/Start Menu/Programs/Accessories/System Tools/Character Map.lnk=/home/moebius/reactos/output-posix-amd64/boot/bootdata/Character Map.lnk
livecd/Profiles/All Users/Start Menu/Programs/Accessories/System Tools/Clipboard Viewer.lnk=/home/moebius/reactos/output-posix-amd64/boot/bootdata/Clipboard Viewer.lnk
livecd/Profiles/All Users/Start Menu/Programs/Accessories/System Tools/Keyboard Layout Switcher.lnk=/home/moebius/reactos/output-posix-amd64/boot/bootdata/Keyboard Layout Switcher.lnk
livecd/Profiles/All Users/Start Menu/Programs/Accessories/System Tools/ReactX Diagnostic.lnk=/home/moebius/reactos/output-posix-amd64/boot/bootdata/ReactX Diagnostic.lnk
livecd/Profiles/All Users/Start Menu/Programs/Accessories/System Tools/Registry Editor.lnk=/home/moebius/reactos/output-posix-amd64/boot/bootdata/Registry Editor.lnk
livecd/Profiles/All Users/Start Menu/Programs/Accessories/System Tools/Task Manager.lnk=/home/moebius/reactos/output-posix-amd64/boot/bootdata/Task Manager.lnk
livecd/Profiles/All Users/Start Menu/Programs/Accessories/Calculator.lnk=/home/moebius/reactos/output-posix-amd64/boot/bootdata/Calculator.lnk
livecd/Profiles/All Users/Start Menu/Programs/Accessories/Command Prompt.lnk=/home/moebius/reactos/output-posix-amd64/boot/bootdata/Command Prompt.lnk
livecd/Profiles/All Users/Start Menu/Programs/Accessories/Paint.lnk=/home/moebius/reactos/output-posix-amd64/boot/bootdata/Paint.lnk
livecd/Profiles/All Users/Start Menu/Programs/Accessories/Notepad.lnk=/home/moebius/reactos/output-posix-amd64/boot/bootdata/Notepad.lnk
livecd/Profiles/All Users/Start Menu/Programs/Accessories/WordPad.lnk=/home/moebius/reactos/output-posix-amd64/boot/bootdata/WordPad.lnk
livecd/Profiles/All Users/Start Menu/Programs/Games/Solitaire.lnk=/home/moebius/reactos/output-posix-amd64/boot/bootdata/Solitaire.lnk
livecd/Profiles/All Users/Start Menu/Programs/Games/Spider Solitaire.lnk=/home/moebius/reactos/output-posix-amd64/boot/bootdata/Spider Solitaire.lnk
livecd/Profiles/All Users/Start Menu/Programs/Games/WineMine.lnk=/home/moebius/reactos/output-posix-amd64/boot/bootdata/WineMine.lnk
livecd/Profiles/All Users/Start Menu/Programs/ReactOS Explorer.lnk=/home/moebius/reactos/output-posix-amd64/boot/bootdata/ReactOS Explorer.lnk
livecd/Profiles/Default User/Application Data/Microsoft/Internet Explorer/Quick Launch/Command Prompt.lnk=/home/moebius/reactos/output-posix-amd64/boot/bootdata/Command Prompt.lnk
livecd/Profiles/Default User/Application Data/Microsoft/Internet Explorer/Quick Launch/ReactOS Explorer.lnk=/home/moebius/reactos/output-posix-amd64/boot/bootdata/ReactOS Explorer.lnk
bootcd/loader/dosmbr.bin=/home/moebius/reactos/output-posix-amd64/boot/freeldr/bootsect/dosmbr.bin
bootcd/loader/ext.bin=/home/moebius/reactos/output-posix-amd64/boot/freeldr/bootsect/ext.bin
bootcd/loader/extldr.sys=/home/moebius/reactos/output-posix-amd64/boot/freeldr/bootsect/extldr.sys
bootcd/loader/btrfs.bin=/home/moebius/reactos/output-posix-amd64/boot/freeldr/bootsect/btrfs.bin
bootcd/loader/fat.bin=/home/moebius/reactos/output-posix-amd64/boot/freeldr/bootsect/fat.bin
bootcd/loader/fat32.bin=/home/moebius/reactos/output-posix-amd64/boot/freeldr/bootsect/fat32.bin
bootcd/loader/ntfs.bin=/home/moebius/reactos/output-posix-amd64/boot/freeldr/bootsect/ntfs.bin
loader/isoboot.bin=/home/moebius/reactos/output-posix-amd64/boot/freeldr/bootsect/isoboot.bin
loader/freeldr.sys=/home/moebius/reactos/output-posix-amd64/boot/freeldr/freeldr/freeldr.sys
loader/$<TARGET_FILE_NAME:installfreeldr>=$<TARGET_FILE:installfreeldr>
livecd/reactos/system32/$<TARGET_FILE_NAME:atactl>=$<TARGET_FILE:atactl>
livecd/reactos/system32/$<TARGET_FILE_NAME:cacls>=$<TARGET_FILE:cacls>
livecd/reactos/system32/$<TARGET_FILE_NAME:calc>=$<TARGET_FILE:calc>
livecd/reactos/system32/$<TARGET_FILE_NAME:charmap>=$<TARGET_FILE:charmap>
livecd/reactos/system32/$<TARGET_FILE_NAME:cleanmgr>=$<TARGET_FILE:cleanmgr>
livecd/reactos/system32/$<TARGET_FILE_NAME:clipbrd>=$<TARGET_FILE:clipbrd>
livecd/reactos/system32/$<TARGET_FILE_NAME:at>=$<TARGET_FILE:at>
livecd/reactos/system32/$<TARGET_FILE_NAME:attrib>=$<TARGET_FILE:attrib>
livecd/reactos/system32/$<TARGET_FILE_NAME:certutil>=$<TARGET_FILE:certutil>
livecd/reactos/system32/$<TARGET_FILE_NAME:chcp>=$<TARGET_FILE:chcp>
livecd/reactos/system32/$<TARGET_FILE_NAME:clip>=$<TARGET_FILE:clip>
livecd/reactos/system32/$<TARGET_FILE_NAME:comp>=$<TARGET_FILE:comp>
livecd/reactos/system32/$<TARGET_FILE_NAME:cscript>=$<TARGET_FILE:cscript>
livecd/reactos/system32/$<TARGET_FILE_NAME:dbgprint>=$<TARGET_FILE:dbgprint>
livecd/reactos/system32/$<TARGET_FILE_NAME:doskey>=$<TARGET_FILE:doskey>
livecd/reactos/system32/$<TARGET_FILE_NAME:eventcreate>=$<TARGET_FILE:eventcreate>
livecd/reactos/system32/$<TARGET_FILE_NAME:fc>=$<TARGET_FILE:fc>
livecd/reactos/system32/$<TARGET_FILE_NAME:find>=$<TARGET_FILE:find>
livecd/reactos/system32/$<TARGET_FILE_NAME:fsutil>=$<TARGET_FILE:fsutil>
livecd/reactos/system32/$<TARGET_FILE_NAME:cmd_help>=$<TARGET_FILE:cmd_help>
livecd/reactos/system32/$<TARGET_FILE_NAME:hostname>=$<TARGET_FILE:hostname>
livecd/reactos/system32/$<TARGET_FILE_NAME:label>=$<TARGET_FILE:label>
livecd/reactos/system32/$<TARGET_FILE_NAME:lodctr>=$<TARGET_FILE:lodctr>
livecd/reactos/system32/$<TARGET_FILE_NAME:mode>=$<TARGET_FILE:mode>
livecd/reactos/system32/wbem/$<TARGET_FILE_NAME:mofcomp>=$<TARGET_FILE:mofcomp>
livecd/reactos/system32/$<TARGET_FILE_NAME:more>=$<TARGET_FILE:more>
livecd/reactos/system32/$<TARGET_FILE_NAME:reg>=$<TARGET_FILE:reg>
livecd/reactos/system32/$<TARGET_FILE_NAME:replace>=$<TARGET_FILE:replace>
livecd/reactos/system32/$<TARGET_FILE_NAME:schtasks>=$<TARGET_FILE:schtasks>
livecd/reactos/system32/$<TARGET_FILE_NAME:sort>=$<TARGET_FILE:sort>
livecd/reactos/system32/$<TARGET_FILE_NAME:taskkill>=$<TARGET_FILE:taskkill>
livecd/reactos/system32/$<TARGET_FILE_NAME:tasklist>=$<TARGET_FILE:tasklist>
livecd/reactos/system32/$<TARGET_FILE_NAME:timeout>=$<TARGET_FILE:timeout>
livecd/reactos/system32/$<TARGET_FILE_NAME:tree>=$<TARGET_FILE:tree>
livecd/reactos/system32/$<TARGET_FILE_NAME:where>=$<TARGET_FILE:where>
livecd/reactos/system32/$<TARGET_FILE_NAME:whoami>=$<TARGET_FILE:whoami>
livecd/reactos/system32/wbem/$<TARGET_FILE_NAME:wmic>=$<TARGET_FILE:wmic>
livecd/reactos/system32/$<TARGET_FILE_NAME:wscript>=$<TARGET_FILE:wscript>
livecd/reactos/system32/$<TARGET_FILE_NAME:xcopy>=$<TARGET_FILE:xcopy>
livecd/reactos/system32/$<TARGET_FILE_NAME:control>=$<TARGET_FILE:control>
livecd/reactos/system32/$<TARGET_FILE_NAME:drwtsn32>=$<TARGET_FILE:drwtsn32>
livecd/reactos/system32/$<TARGET_FILE_NAME:dxdiag>=$<TARGET_FILE:dxdiag>
livecd/reactos/system32/$<TARGET_FILE_NAME:extrac32>=$<TARGET_FILE:extrac32>
livecd/reactos/system32/$<TARGET_FILE_NAME:findstr>=$<TARGET_FILE:findstr>
livecd/reactos/system32/$<TARGET_FILE_NAME:fltmc>=$<TARGET_FILE:fltmc>
livecd/reactos/system32/$<TARGET_FILE_NAME:fontview>=$<TARGET_FILE:fontview>
livecd/reactos/system32/$<TARGET_FILE_NAME:sol>=$<TARGET_FILE:sol>
livecd/reactos/system32/$<TARGET_FILE_NAME:spider>=$<TARGET_FILE:spider>
livecd/reactos/system32/$<TARGET_FILE_NAME:winmine>=$<TARGET_FILE:winmine>
livecd/reactos/$<TARGET_FILE_NAME:hh>=$<TARGET_FILE:hh>
livecd/reactos/$<TARGET_FILE_NAME:iexplore>=$<TARGET_FILE:iexplore>
livecd/reactos/system32/$<TARGET_FILE_NAME:kbswitch>=$<TARGET_FILE:kbswitch>
livecd/reactos/system32/$<TARGET_FILE_NAME:indicdll>=$<TARGET_FILE:indicdll>
livecd/reactos/system32/$<TARGET_FILE_NAME:logoff>=$<TARGET_FILE:logoff>
livecd/reactos/system32/$<TARGET_FILE_NAME:magnify>=$<TARGET_FILE:magnify>
livecd/reactos/system32/$<TARGET_FILE_NAME:mmc>=$<TARGET_FILE:mmc>
livecd/reactos/system32/$<TARGET_FILE_NAME:mplay32>=$<TARGET_FILE:mplay32>
livecd/reactos/system32/$<TARGET_FILE_NAME:msconfig>=$<TARGET_FILE:msconfig>
livecd/reactos/system32/$<TARGET_FILE_NAME:devmgmt>=$<TARGET_FILE:devmgmt>
livecd/reactos/system32/$<TARGET_FILE_NAME:eventvwr>=$<TARGET_FILE:eventvwr>
livecd/reactos/system32/$<TARGET_FILE_NAME:servman>=$<TARGET_FILE:servman>
livecd/reactos/system32/$<TARGET_FILE_NAME:mshta>=$<TARGET_FILE:mshta>
livecd/reactos/system32/$<TARGET_FILE_NAME:mspaint>=$<TARGET_FILE:mspaint>
livecd/reactos/system32/$<TARGET_FILE_NAME:mstsc>=$<TARGET_FILE:mstsc>
livecd/reactos/system32/$<TARGET_FILE_NAME:arp>=$<TARGET_FILE:arp>
livecd/reactos/system32/$<TARGET_FILE_NAME:dwnl>=$<TARGET_FILE:dwnl>
livecd/reactos/system32/$<TARGET_FILE_NAME:finger>=$<TARGET_FILE:finger>
livecd/reactos/system32/$<TARGET_FILE_NAME:ftp>=$<TARGET_FILE:ftp>
livecd/reactos/system32/$<TARGET_FILE_NAME:ipconfig>=$<TARGET_FILE:ipconfig>
livecd/reactos/system32/$<TARGET_FILE_NAME:net>=$<TARGET_FILE:net>
livecd/reactos/system32/$<TARGET_FILE_NAME:netsh>=$<TARGET_FILE:netsh>
livecd/reactos/system32/$<TARGET_FILE_NAME:netstat>=$<TARGET_FILE:netstat>
livecd/reactos/system32/$<TARGET_FILE_NAME:nslookup>=$<TARGET_FILE:nslookup>
livecd/reactos/system32/$<TARGET_FILE_NAME:ping>=$<TARGET_FILE:ping>
livecd/reactos/system32/$<TARGET_FILE_NAME:route>=$<TARGET_FILE:route>
livecd/reactos/system32/$<TARGET_FILE_NAME:telnet>=$<TARGET_FILE:telnet>
livecd/reactos/system32/$<TARGET_FILE_NAME:tracert>=$<TARGET_FILE:tracert>
livecd/reactos/system32/$<TARGET_FILE_NAME:whois>=$<TARGET_FILE:whois>
livecd/reactos/system32/$<TARGET_FILE_NAME:wlanconf>=$<TARGET_FILE:wlanconf>
livecd/reactos/$<TARGET_FILE_NAME:notepad>=$<TARGET_FILE:notepad>
livecd/reactos/system32/$<TARGET_FILE_NAME:notepad>=$<TARGET_FILE:notepad>
livecd/reactos/system32/$<TARGET_FILE_NAME:osk>=$<TARGET_FILE:osk>
livecd/reactos/system32/$<TARGET_FILE_NAME:rapps>=$<TARGET_FILE:rapps>
livecd/reactos/system32/$<TARGET_FILE_NAME:rapps.com>=$<TARGET_FILE:rapps.com>
livecd/reactos/$<TARGET_FILE_NAME:regedit>=$<TARGET_FILE:regedit>
livecd/reactos/system32/$<TARGET_FILE_NAME:clb>=$<TARGET_FILE:clb>
livecd/reactos/system32/$<TARGET_FILE_NAME:regedt32>=$<TARGET_FILE:regedt32>
livecd/reactos/system32/$<TARGET_FILE_NAME:runas>=$<TARGET_FILE:runas>
livecd/reactos/system32/$<TARGET_FILE_NAME:sc>=$<TARGET_FILE:sc>
livecd/reactos/system32/$<TARGET_FILE_NAME:3dtext>=$<TARGET_FILE:3dtext>
livecd/reactos/system32/$<TARGET_FILE_NAME:logon>=$<TARGET_FILE:logon>
livecd/reactos/system32/$<TARGET_FILE_NAME:sdbinst>=$<TARGET_FILE:sdbinst>
livecd/reactos/system32/$<TARGET_FILE_NAME:setup16>=$<TARGET_FILE:setup16>
livecd/reactos/system32/$<TARGET_FILE_NAME:shutdown>=$<TARGET_FILE:shutdown>
livecd/reactos/system32/$<TARGET_FILE_NAME:sndrec32>=$<TARGET_FILE:sndrec32>
livecd/reactos/system32/$<TARGET_FILE_NAME:sndvol32>=$<TARGET_FILE:sndvol32>
livecd/reactos/system32/$<TARGET_FILE_NAME:taskmgr>=$<TARGET_FILE:taskmgr>
livecd/reactos/system32/$<TARGET_FILE_NAME:utilman>=$<TARGET_FILE:utilman>
livecd/reactos/system32/$<TARGET_FILE_NAME:umandlg>=$<TARGET_FILE:umandlg>
livecd/reactos/$<TARGET_FILE_NAME:winhlp32>=$<TARGET_FILE:winhlp32>
livecd/reactos/system32/$<TARGET_FILE_NAME:winver>=$<TARGET_FILE:winver>
livecd/reactos/system32/$<TARGET_FILE_NAME:wordpad>=$<TARGET_FILE:wordpad>
livecd/reactos/system32/$<TARGET_FILE_NAME:write>=$<TARGET_FILE:write>
livecd/reactos/system32/$<TARGET_FILE_NAME:wusa>=$<TARGET_FILE:wusa>
livecd/reactos/system32/$<TARGET_FILE_NAME:ctfmon>=$<TARGET_FILE:ctfmon>
livecd/reactos/system32/$<TARGET_FILE_NAME:msctf>=$<TARGET_FILE:msctf>
livecd/reactos/system32/$<TARGET_FILE_NAME:msctfime>=$<TARGET_FILE:msctfime>
livecd/reactos/system32/$<TARGET_FILE_NAME:msutb>=$<TARGET_FILE:msutb>
livecd/reactos/system32/$<TARGET_FILE_NAME:audiosrv>=$<TARGET_FILE:audiosrv>
livecd/reactos/system32/$<TARGET_FILE_NAME:browser>=$<TARGET_FILE:browser>
livecd/reactos/system32/$<TARGET_FILE_NAME:dcomlaunch>=$<TARGET_FILE:dcomlaunch>
livecd/reactos/system32/$<TARGET_FILE_NAME:dhcpcsvc>=$<TARGET_FILE:dhcpcsvc>
livecd/reactos/system32/$<TARGET_FILE_NAME:dnsrslvr>=$<TARGET_FILE:dnsrslvr>
livecd/reactos/system32/$<TARGET_FILE_NAME:eventlog>=$<TARGET_FILE:eventlog>
livecd/reactos/system32/$<TARGET_FILE_NAME:netlogon>=$<TARGET_FILE:netlogon>
livecd/reactos/system32/$<TARGET_FILE_NAME:nfsd>=$<TARGET_FILE:nfsd>
livecd/reactos/system32/drivers/etc/netconfig=/home/moebius/reactos/base/services/nfsd/netconfig
livecd/reactos/system32/drivers/etc/ms-nfs41-idmap.conf=/home/moebius/reactos/base/services/nfsd/ms-nfs41-idmap.conf
livecd/reactos/system32/$<TARGET_FILE_NAME:rpcss>=$<TARGET_FILE:rpcss>
livecd/reactos/system32/$<TARGET_FILE_NAME:schedsvc>=$<TARGET_FILE:schedsvc>
livecd/reactos/system32/$<TARGET_FILE_NAME:seclogon>=$<TARGET_FILE:seclogon>
livecd/reactos/system32/$<TARGET_FILE_NAME:shsvcs>=$<TARGET_FILE:shsvcs>
livecd/reactos/system32/$<TARGET_FILE_NAME:srvsvc>=$<TARGET_FILE:srvsvc>
livecd/reactos/system32/$<TARGET_FILE_NAME:svchost>=$<TARGET_FILE:svchost>
livecd/reactos/system32/$<TARGET_FILE_NAME:tcpsvcs>=$<TARGET_FILE:tcpsvcs>
livecd/reactos/system32/drivers/etc/quotes=/home/moebius/reactos/base/services/tcpsvcs/quotes
livecd/reactos/system32/$<TARGET_FILE_NAME:telnetd>=$<TARGET_FILE:telnetd>
livecd/reactos/system32/$<TARGET_FILE_NAME:tftpd>=$<TARGET_FILE:tftpd>
livecd/reactos/system32/$<TARGET_FILE_NAME:umpnpmgr>=$<TARGET_FILE:umpnpmgr>
livecd/reactos/system32/$<TARGET_FILE_NAME:w32time>=$<TARGET_FILE:w32time>
livecd/reactos/system32/$<TARGET_FILE_NAME:wkssvc>=$<TARGET_FILE:wkssvc>
livecd/reactos/system32/$<TARGET_FILE_NAME:wlansvc>=$<TARGET_FILE:wlansvc>
livecd/reactos/system32/wbem/$<TARGET_FILE_NAME:wmisvc>=$<TARGET_FILE:wmisvc>
livecd/reactos/system32/$<TARGET_FILE_NAME:wuauserv>=$<TARGET_FILE:wuauserv>
bootcd/reactos/system32/$<TARGET_FILE_NAME:setuplib>=$<TARGET_FILE:setuplib>
bootcd/reactos/$<TARGET_FILE_NAME:reactos>=$<TARGET_FILE:reactos>
livecd/reactos/system32/$<TARGET_FILE_NAME:setup>=$<TARGET_FILE:setup>
bootcd/reactos/system32/smss.exe=$<TARGET_FILE:usetup>
bootcd/reactos/$<TARGET_FILE_NAME:welcome>=$<TARGET_FILE:welcome>
livecd/reactos/system32/$<TARGET_FILE_NAME:cmd>=$<TARGET_FILE:cmd>
livecd/reactos/$<TARGET_FILE_NAME:explorer>=$<TARGET_FILE:explorer>
livecd/reactos/$<TARGET_FILE_NAME:filebrowser>=$<TARGET_FILE:filebrowser>
livecd/reactos/system32/$<TARGET_FILE_NAME:progman>=$<TARGET_FILE:progman>
livecd/reactos/system32/$<TARGET_FILE_NAME:autochk>=$<TARGET_FILE:autochk>
livecd/reactos/system32/$<TARGET_FILE_NAME:bootok>=$<TARGET_FILE:bootok>
livecd/reactos/system32/$<TARGET_FILE_NAME:chkdsk>=$<TARGET_FILE:chkdsk>
livecd/reactos/system32/$<TARGET_FILE_NAME:diskpart>=$<TARGET_FILE:diskpart>
livecd/reactos/system32/$<TARGET_FILE_NAME:dllhost>=$<TARGET_FILE:dllhost>
livecd/reactos/system32/$<TARGET_FILE_NAME:expand>=$<TARGET_FILE:expand>
livecd/reactos/system32/$<TARGET_FILE_NAME:format>=$<TARGET_FILE:format>
livecd/reactos/system32/$<TARGET_FILE_NAME:logonui>=$<TARGET_FILE:logonui>
livecd/reactos/system32/$<TARGET_FILE_NAME:lsass>=$<TARGET_FILE:lsass>
livecd/reactos/system32/$<TARGET_FILE_NAME:msiexec>=$<TARGET_FILE:msiexec>
livecd/reactos/system32/$<TARGET_FILE_NAME:regsvr32>=$<TARGET_FILE:regsvr32>
livecd/reactos/system32/$<TARGET_FILE_NAME:rundll32>=$<TARGET_FILE:rundll32>
livecd/reactos/system32/$<TARGET_FILE_NAME:runonce>=$<TARGET_FILE:runonce>
livecd/reactos/system32/$<TARGET_FILE_NAME:services>=$<TARGET_FILE:services>
livecd/reactos/system32/$<TARGET_FILE_NAME:smss>=$<TARGET_FILE:smss>
livecd/reactos/system32/$<TARGET_FILE_NAME:subst>=$<TARGET_FILE:subst>
livecd/reactos/system32/$<TARGET_FILE_NAME:userinit>=$<TARGET_FILE:userinit>
livecd/reactos/system32/$<TARGET_FILE_NAME:winlogon>=$<TARGET_FILE:winlogon>
livecd/reactos/system32/$<TARGET_FILE_NAME:dxtn>=$<TARGET_FILE:dxtn>
livecd/reactos/system32/$<TARGET_FILE_NAME:libjpeg>=$<TARGET_FILE:libjpeg>
livecd/reactos/system32/$<TARGET_FILE_NAME:libpng>=$<TARGET_FILE:libpng>
livecd/reactos/system32/$<TARGET_FILE_NAME:libtiff>=$<TARGET_FILE:libtiff>
livecd/reactos/system32/$<TARGET_FILE_NAME:libtirpc>=$<TARGET_FILE:libtirpc>
livecd/reactos/system32/$<TARGET_FILE_NAME:libxslt>=$<TARGET_FILE:libxslt>
livecd/reactos/system32/$<TARGET_FILE_NAME:mbedtls>=$<TARGET_FILE:mbedtls>
livecd/reactos/system32/$<TARGET_FILE_NAME:apphelp>=$<TARGET_FILE:apphelp>
livecd/reactos/AppPatch/$<TARGET_FILE_NAME:acgenral>=$<TARGET_FILE:acgenral>
livecd/reactos/AppPatch/$<TARGET_FILE_NAME:aclayers>=$<TARGET_FILE:aclayers>
livecd/reactos/system32/$<TARGET_FILE_NAME:access>=$<TARGET_FILE:access>
livecd/reactos/system32/$<TARGET_FILE_NAME:appwiz>=$<TARGET_FILE:appwiz>
livecd/reactos/system32/$<TARGET_FILE_NAME:console>=$<TARGET_FILE:console>
livecd/reactos/system32/$<TARGET_FILE_NAME:desk>=$<TARGET_FILE:desk>
livecd/reactos/system32/$<TARGET_FILE_NAME:hdwwiz>=$<TARGET_FILE:hdwwiz>
livecd/reactos/system32/$<TARGET_FILE_NAME:hotplug>=$<TARGET_FILE:hotplug>
livecd/reactos/system32/$<TARGET_FILE_NAME:inetcpl>=$<TARGET_FILE:inetcpl>
livecd/reactos/system32/$<TARGET_FILE_NAME:input>=$<TARGET_FILE:input>
livecd/reactos/system32/$<TARGET_FILE_NAME:intl>=$<TARGET_FILE:intl>
livecd/reactos/system32/$<TARGET_FILE_NAME:joy>=$<TARGET_FILE:joy>
livecd/reactos/system32/$<TARGET_FILE_NAME:main>=$<TARGET_FILE:main>
livecd/reactos/system32/$<TARGET_FILE_NAME:mmsys>=$<TARGET_FILE:mmsys>
livecd/reactos/system32/$<TARGET_FILE_NAME:ncpa>=$<TARGET_FILE:ncpa>
livecd/reactos/system32/$<TARGET_FILE_NAME:odbccp32i>=$<TARGET_FILE:odbccp32i>
livecd/reactos/system32/$<TARGET_FILE_NAME:openglcfg>=$<TARGET_FILE:openglcfg>
livecd/reactos/system32/$<TARGET_FILE_NAME:powercfg>=$<TARGET_FILE:powercfg>
livecd/reactos/system32/$<TARGET_FILE_NAME:sysdm>=$<TARGET_FILE:sysdm>
livecd/reactos/system32/$<TARGET_FILE_NAME:telephon>=$<TARGET_FILE:telephon>
livecd/reactos/system32/$<TARGET_FILE_NAME:timedate>=$<TARGET_FILE:timedate>
livecd/reactos/system32/$<TARGET_FILE_NAME:usrmgr>=$<TARGET_FILE:usrmgr>
livecd/reactos/system32/$<TARGET_FILE_NAME:wined3dcfg>=$<TARGET_FILE:wined3dcfg>
livecd/reactos/system32/$<TARGET_FILE_NAME:d3d8thk>=$<TARGET_FILE:d3d8thk>
livecd/reactos/system32/$<TARGET_FILE_NAME:ksuser>=$<TARGET_FILE:ksuser>
livecd/reactos/system32/$<TARGET_FILE_NAME:amstream>=$<TARGET_FILE:amstream>
livecd/reactos/system32/$<TARGET_FILE_NAME:d3d8>=$<TARGET_FILE:d3d8>
livecd/reactos/system32/$<TARGET_FILE_NAME:d3d9>=$<TARGET_FILE:d3d9>
livecd/reactos/system32/$<TARGET_FILE_NAME:d3dcompiler_43>=$<TARGET_FILE:d3dcompiler_43>
livecd/reactos/system32/$<TARGET_FILE_NAME:d3drm>=$<TARGET_FILE:d3drm>
livecd/reactos/system32/$<TARGET_FILE_NAME:d3dx9_24>=$<TARGET_FILE:d3dx9_24>
livecd/reactos/system32/$<TARGET_FILE_NAME:d3dx9_25>=$<TARGET_FILE:d3dx9_25>
livecd/reactos/system32/$<TARGET_FILE_NAME:d3dx9_26>=$<TARGET_FILE:d3dx9_26>
livecd/reactos/system32/$<TARGET_FILE_NAME:d3dx9_27>=$<TARGET_FILE:d3dx9_27>
livecd/reactos/system32/$<TARGET_FILE_NAME:d3dx9_28>=$<TARGET_FILE:d3dx9_28>
livecd/reactos/system32/$<TARGET_FILE_NAME:d3dx9_29>=$<TARGET_FILE:d3dx9_29>
livecd/reactos/system32/$<TARGET_FILE_NAME:d3dx9_30>=$<TARGET_FILE:d3dx9_30>
livecd/reactos/system32/$<TARGET_FILE_NAME:d3dx9_31>=$<TARGET_FILE:d3dx9_31>
livecd/reactos/system32/$<TARGET_FILE_NAME:d3dx9_32>=$<TARGET_FILE:d3dx9_32>
livecd/reactos/system32/$<TARGET_FILE_NAME:d3dx9_33>=$<TARGET_FILE:d3dx9_33>
livecd/reactos/system32/$<TARGET_FILE_NAME:d3dx9_34>=$<TARGET_FILE:d3dx9_34>
livecd/reactos/system32/$<TARGET_FILE_NAME:d3dx9_35>=$<TARGET_FILE:d3dx9_35>
livecd/reactos/system32/$<TARGET_FILE_NAME:d3dx9_36>=$<TARGET_FILE:d3dx9_36>
livecd/reactos/system32/$<TARGET_FILE_NAME:d3dx9_37>=$<TARGET_FILE:d3dx9_37>
livecd/reactos/system32/$<TARGET_FILE_NAME:d3dx9_38>=$<TARGET_FILE:d3dx9_38>
livecd/reactos/system32/$<TARGET_FILE_NAME:d3dx9_39>=$<TARGET_FILE:d3dx9_39>
livecd/reactos/system32/$<TARGET_FILE_NAME:d3dx9_40>=$<TARGET_FILE:d3dx9_40>
livecd/reactos/system32/$<TARGET_FILE_NAME:d3dx9_41>=$<TARGET_FILE:d3dx9_41>
livecd/reactos/system32/$<TARGET_FILE_NAME:d3dx9_42>=$<TARGET_FILE:d3dx9_42>
livecd/reactos/system32/$<TARGET_FILE_NAME:d3dx9_43>=$<TARGET_FILE:d3dx9_43>
livecd/reactos/system32/$<TARGET_FILE_NAME:d3dxof>=$<TARGET_FILE:d3dxof>
livecd/reactos/system32/$<TARGET_FILE_NAME:ddraw>=$<TARGET_FILE:ddraw>
livecd/reactos/system32/$<TARGET_FILE_NAME:devenum>=$<TARGET_FILE:devenum>
livecd/reactos/system32/$<TARGET_FILE_NAME:dinput>=$<TARGET_FILE:dinput>
livecd/reactos/system32/$<TARGET_FILE_NAME:dinput8>=$<TARGET_FILE:dinput8>
livecd/reactos/system32/$<TARGET_FILE_NAME:dmusic>=$<TARGET_FILE:dmusic>
livecd/reactos/system32/$<TARGET_FILE_NAME:dplay>=$<TARGET_FILE:dplay>
livecd/reactos/system32/$<TARGET_FILE_NAME:dplayx>=$<TARGET_FILE:dplayx>
livecd/reactos/system32/$<TARGET_FILE_NAME:dpnhpast>=$<TARGET_FILE:dpnhpast>
livecd/reactos/system32/$<TARGET_FILE_NAME:dsound>=$<TARGET_FILE:dsound>
livecd/reactos/system32/$<TARGET_FILE_NAME:dxdiagn>=$<TARGET_FILE:dxdiagn>
livecd/reactos/system32/$<TARGET_FILE_NAME:msdmo>=$<TARGET_FILE:msdmo>
livecd/reactos/system32/$<TARGET_FILE_NAME:qcap>=$<TARGET_FILE:qcap>
livecd/reactos/system32/$<TARGET_FILE_NAME:qedit>=$<TARGET_FILE:qedit>
livecd/reactos/system32/$<TARGET_FILE_NAME:quartz>=$<TARGET_FILE:quartz>
livecd/reactos/system32/$<TARGET_FILE_NAME:d3dwine>=$<TARGET_FILE:d3dwine>
livecd/reactos/system32/$<TARGET_FILE_NAME:kbda1>=$<TARGET_FILE:kbda1>
livecd/reactos/system32/$<TARGET_FILE_NAME:kbda2>=$<TARGET_FILE:kbda2>
livecd/reactos/system32/$<TARGET_FILE_NAME:kbda3>=$<TARGET_FILE:kbda3>
livecd/reactos/system32/$<TARGET_FILE_NAME:kbdal>=$<TARGET_FILE:kbdal>
livecd/reactos/system32/$<TARGET_FILE_NAME:kbdarme>=$<TARGET_FILE:kbdarme>
livecd/reactos/system32/$<TARGET_FILE_NAME:kbdarmw>=$<TARGET_FILE:kbdarmw>
livecd/reactos/system32/$<TARGET_FILE_NAME:kbdaze>=$<TARGET_FILE:kbdaze>
livecd/reactos/system32/$<TARGET_FILE_NAME:kbdazel>=$<TARGET_FILE:kbdazel>
livecd/reactos/system32/$<TARGET_FILE_NAME:kbdbe>=$<TARGET_FILE:kbdbe>
livecd/reactos/system32/$<TARGET_FILE_NAME:kbdbga>=$<TARGET_FILE:kbdbga>
livecd/reactos/system32/$<TARGET_FILE_NAME:kbdbgt>=$<TARGET_FILE:kbdbgt>
livecd/reactos/system32/$<TARGET_FILE_NAME:kbdblr>=$<TARGET_FILE:kbdblr>
livecd/reactos/system32/$<TARGET_FILE_NAME:kbdbr>=$<TARGET_FILE:kbdbr>
livecd/reactos/system32/$<TARGET_FILE_NAME:kbdbu>=$<TARGET_FILE:kbdbu>
livecd/reactos/system32/$<TARGET_FILE_NAME:kbdbur>=$<TARGET_FILE:kbdbur>
livecd/reactos/system32/$<TARGET_FILE_NAME:kbdcan>=$<TARGET_FILE:kbdcan>
livecd/reactos/system32/$<TARGET_FILE_NAME:kbdcr>=$<TARGET_FILE:kbdcr>
livecd/reactos/system32/$<TARGET_FILE_NAME:kbdcz>=$<TARGET_FILE:kbdcz>
livecd/reactos/system32/$<TARGET_FILE_NAME:kbdcz1>=$<TARGET_FILE:kbdcz1>
livecd/reactos/system32/$<TARGET_FILE_NAME:kbdda>=$<TARGET_FILE:kbdda>
livecd/reactos/system32/$<TARGET_FILE_NAME:kbddv>=$<TARGET_FILE:kbddv>
livecd/reactos/system32/$<TARGET_FILE_NAME:kbdeo>=$<TARGET_FILE:kbdeo>
livecd/reactos/system32/$<TARGET_FILE_NAME:kbdest>=$<TARGET_FILE:kbdest>
livecd/reactos/system32/$<TARGET_FILE_NAME:kbdfc>=$<TARGET_FILE:kbdfc>
livecd/reactos/system32/$<TARGET_FILE_NAME:kbdfi>=$<TARGET_FILE:kbdfi>
livecd/reactos/system32/$<TARGET_FILE_NAME:kbdfr>=$<TARGET_FILE:kbdfr>
livecd/reactos/system32/$<TARGET_FILE_NAME:kbdgeo>=$<TARGET_FILE:kbdgeo>
livecd/reactos/system32/$<TARGET_FILE_NAME:kbdgerg>=$<TARGET_FILE:kbdgerg>
livecd/reactos/system32/$<TARGET_FILE_NAME:kbdgneo>=$<TARGET_FILE:kbdgneo>
livecd/reactos/system32/$<TARGET_FILE_NAME:kbdgr>=$<TARGET_FILE:kbdgr>
livecd/reactos/system32/$<TARGET_FILE_NAME:kbdgr1>=$<TARGET_FILE:kbdgr1>
livecd/reactos/system32/$<TARGET_FILE_NAME:kbdgrist>=$<TARGET_FILE:kbdgrist>
livecd/reactos/system32/$<TARGET_FILE_NAME:kbdhe>=$<TARGET_FILE:kbdhe>
livecd/reactos/system32/$<TARGET_FILE_NAME:kbdheb>=$<TARGET_FILE:kbdheb>
livecd/reactos/system32/$<TARGET_FILE_NAME:kbdhu>=$<TARGET_FILE:kbdhu>
livecd/reactos/system32/$<TARGET_FILE_NAME:kbdic>=$<TARGET_FILE:kbdic>
livecd/reactos/system32/$<TARGET_FILE_NAME:kbdinasa>=$<TARGET_FILE:kbdinasa>
livecd/reactos/system32/$<TARGET_FILE_NAME:kbdinben>=$<TARGET_FILE:kbdinben>
livecd/reactos/system32/$<TARGET_FILE_NAME:kbdindev>=$<TARGET_FILE:kbdindev>
livecd/reactos/system32/$<TARGET_FILE_NAME:kbdinguj>=$<TARGET_FILE:kbdinguj>
livecd/reactos/system32/$<TARGET_FILE_NAME:kbdinmal>=$<TARGET_FILE:kbdinmal>
livecd/reactos/system32/$<TARGET_FILE_NAME:kbdir>=$<TARGET_FILE:kbdir>
livecd/reactos/system32/$<TARGET_FILE_NAME:kbdit>=$<TARGET_FILE:kbdit>
livecd/reactos/system32/$<TARGET_FILE_NAME:kbdjpn>=$<TARGET_FILE:kbdjpn>
livecd/reactos/system32/$<TARGET_FILE_NAME:kbdkaz>=$<TARGET_FILE:kbdkaz>
livecd/reactos/system32/$<TARGET_FILE_NAME:kbdkor>=$<TARGET_FILE:kbdkor>
livecd/reactos/system32/$<TARGET_FILE_NAME:kbdla>=$<TARGET_FILE:kbdla>
livecd/reactos/system32/$<TARGET_FILE_NAME:kbdlt1>=$<TARGET_FILE:kbdlt1>
livecd/reactos/system32/$<TARGET_FILE_NAME:kbdlv>=$<TARGET_FILE:kbdlv>
livecd/reactos/system32/$<TARGET_FILE_NAME:kbdmac>=$<TARGET_FILE:kbdmac>
livecd/reactos/system32/$<TARGET_FILE_NAME:kbdne>=$<TARGET_FILE:kbdne>
livecd/reactos/system32/$<TARGET_FILE_NAME:kbdno>=$<TARGET_FILE:kbdno>
livecd/reactos/system32/$<TARGET_FILE_NAME:kbdpl>=$<TARGET_FILE:kbdpl>
livecd/reactos/system32/$<TARGET_FILE_NAME:kbdpl1>=$<TARGET_FILE:kbdpl1>
livecd/reactos/system32/$<TARGET_FILE_NAME:kbdpo>=$<TARGET_FILE:kbdpo>
livecd/reactos/system32/$<TARGET_FILE_NAME:kbdro>=$<TARGET_FILE:kbdro>
livecd/reactos/system32/$<TARGET_FILE_NAME:kbdrost>=$<TARGET_FILE:kbdrost>
livecd/reactos/system32/$<TARGET_FILE_NAME:kbdru>=$<TARGET_FILE:kbdru>
livecd/reactos/system32/$<TARGET_FILE_NAME:kbdru1>=$<TARGET_FILE:kbdru1>
livecd/reactos/system32/$<TARGET_FILE_NAME:kbdsf>=$<TARGET_FILE:kbdsf>
livecd/reactos/system32/$<TARGET_FILE_NAME:kbdsg>=$<TARGET_FILE:kbdsg>
livecd/reactos/system32/$<TARGET_FILE_NAME:kbdsl>=$<TARGET_FILE:kbdsl>
livecd/reactos/system32/$<TARGET_FILE_NAME:kbdsl1>=$<TARGET_FILE:kbdsl1>
livecd/reactos/system32/$<TARGET_FILE_NAME:kbdsp>=$<TARGET_FILE:kbdsp>
livecd/reactos/system32/$<TARGET_FILE_NAME:kbdsw>=$<TARGET_FILE:kbdsw>
livecd/reactos/system32/$<TARGET_FILE_NAME:kbdtat>=$<TARGET_FILE:kbdtat>
livecd/reactos/system32/$<TARGET_FILE_NAME:kbdth0>=$<TARGET_FILE:kbdth0>
livecd/reactos/system32/$<TARGET_FILE_NAME:kbdth1>=$<TARGET_FILE:kbdth1>
livecd/reactos/system32/$<TARGET_FILE_NAME:kbdth2>=$<TARGET_FILE:kbdth2>
livecd/reactos/system32/$<TARGET_FILE_NAME:kbdth3>=$<TARGET_FILE:kbdth3>
livecd/reactos/system32/$<TARGET_FILE_NAME:kbdtuf>=$<TARGET_FILE:kbdtuf>
livecd/reactos/system32/$<TARGET_FILE_NAME:kbdtuq>=$<TARGET_FILE:kbdtuq>
livecd/reactos/system32/$<TARGET_FILE_NAME:kbduk>=$<TARGET_FILE:kbduk>
livecd/reactos/system32/$<TARGET_FILE_NAME:kbdur>=$<TARGET_FILE:kbdur>
livecd/reactos/system32/$<TARGET_FILE_NAME:kbdurs>=$<TARGET_FILE:kbdurs>
livecd/reactos/system32/$<TARGET_FILE_NAME:kbdus>=$<TARGET_FILE:kbdus>
livecd/reactos/system32/$<TARGET_FILE_NAME:kbdusa>=$<TARGET_FILE:kbdusa>
livecd/reactos/system32/$<TARGET_FILE_NAME:kbdusl>=$<TARGET_FILE:kbdusl>
livecd/reactos/system32/$<TARGET_FILE_NAME:kbdusr>=$<TARGET_FILE:kbdusr>
livecd/reactos/system32/$<TARGET_FILE_NAME:kbdusx>=$<TARGET_FILE:kbdusx>
livecd/reactos/system32/$<TARGET_FILE_NAME:kbduzb>=$<TARGET_FILE:kbduzb>
livecd/reactos/system32/$<TARGET_FILE_NAME:kbdvntc>=$<TARGET_FILE:kbdvntc>
livecd/reactos/system32/$<TARGET_FILE_NAME:kbdycc>=$<TARGET_FILE:kbdycc>
livecd/reactos/system32/$<TARGET_FILE_NAME:kbdycl>=$<TARGET_FILE:kbdycl>
livecd/reactos/system32/$<TARGET_FILE_NAME:normaliz>=$<TARGET_FILE:normaliz>
livecd/reactos/system32/$<TARGET_FILE_NAME:nfs41_np>=$<TARGET_FILE:nfs41_np>
livecd/reactos/system32/$<TARGET_FILE_NAME:ntdll_vista>=$<TARGET_FILE:ntdll_vista>
bootcd/reactos/system32/$<TARGET_FILE_NAME:ntdll>=$<TARGET_FILE:ntdll>
livecd/reactos/system32/$<TARGET_FILE_NAME:ntdll>=$<TARGET_FILE:ntdll>
livecd/reactos/system32/$<TARGET_FILE_NAME:glu32>=$<TARGET_FILE:glu32>
livecd/reactos/system32/$<TARGET_FILE_NAME:opengl32>=$<TARGET_FILE:opengl32>
livecd/reactos/system32/$<TARGET_FILE_NAME:acppage>=$<TARGET_FILE:acppage>
livecd/reactos/system32/$<TARGET_FILE_NAME:cabview>=$<TARGET_FILE:cabview>
livecd/reactos/system32/$<TARGET_FILE_NAME:cryptext>=$<TARGET_FILE:cryptext>
livecd/reactos/system32/$<TARGET_FILE_NAME:deskadp>=$<TARGET_FILE:deskadp>
livecd/reactos/system32/$<TARGET_FILE_NAME:deskmon>=$<TARGET_FILE:deskmon>
livecd/reactos/system32/$<TARGET_FILE_NAME:devcpux>=$<TARGET_FILE:devcpux>
livecd/reactos/system32/$<TARGET_FILE_NAME:fontext>=$<TARGET_FILE:fontext>
livecd/reactos/system32/$<TARGET_FILE_NAME:mydocs>=$<TARGET_FILE:mydocs>
livecd/reactos/system32/$<TARGET_FILE_NAME:netplwiz>=$<TARGET_FILE:netplwiz>
livecd/reactos/system32/$<TARGET_FILE_NAME:netshell>=$<TARGET_FILE:netshell>
livecd/reactos/system32/$<TARGET_FILE_NAME:ntobjshex>=$<TARGET_FILE:ntobjshex>
livecd/reactos/system32/$<TARGET_FILE_NAME:sendmail>=$<TARGET_FILE:sendmail>
livecd/reactos/system32/$<TARGET_FILE_NAME:shellbtrfs>=$<TARGET_FILE:shellbtrfs>
livecd/reactos/system32/$<TARGET_FILE_NAME:stobject>=$<TARGET_FILE:stobject>
livecd/reactos/system32/$<TARGET_FILE_NAME:zipfldr>=$<TARGET_FILE:zipfldr>
livecd/reactos/system32/$<TARGET_FILE_NAME:acledit>=$<TARGET_FILE:acledit>
livecd/reactos/system32/$<TARGET_FILE_NAME:aclui>=$<TARGET_FILE:aclui>
livecd/reactos/system32/$<TARGET_FILE_NAME:activeds>=$<TARGET_FILE:activeds>
livecd/reactos/system32/$<TARGET_FILE_NAME:actxprxy>=$<TARGET_FILE:actxprxy>
livecd/reactos/system32/$<TARGET_FILE_NAME:advapi32>=$<TARGET_FILE:advapi32>
livecd/reactos/system32/$<TARGET_FILE_NAME:advapi32_vista>=$<TARGET_FILE:advapi32_vista>
livecd/reactos/system32/$<TARGET_FILE_NAME:advpack>=$<TARGET_FILE:advpack>
livecd/reactos/system32/$<TARGET_FILE_NAME:atl>=$<TARGET_FILE:atl>
livecd/reactos/system32/$<TARGET_FILE_NAME:atl100>=$<TARGET_FILE:atl100>
livecd/reactos/system32/$<TARGET_FILE_NAME:atl80>=$<TARGET_FILE:atl80>
livecd/reactos/system32/$<TARGET_FILE_NAME:authz>=$<TARGET_FILE:authz>
livecd/reactos/system32/$<TARGET_FILE_NAME:avicap32>=$<TARGET_FILE:avicap32>
livecd/reactos/system32/$<TARGET_FILE_NAME:avifil32>=$<TARGET_FILE:avifil32>
livecd/reactos/system32/$<TARGET_FILE_NAME:batt>=$<TARGET_FILE:batt>
livecd/reactos/system32/$<TARGET_FILE_NAME:bcrypt>=$<TARGET_FILE:bcrypt>
livecd/reactos/system32/$<TARGET_FILE_NAME:beepmidi>=$<TARGET_FILE:beepmidi>
livecd/reactos/system32/$<TARGET_FILE_NAME:browseui>=$<TARGET_FILE:browseui>
livecd/reactos/system32/$<TARGET_FILE_NAME:bthci>=$<TARGET_FILE:bthci>
livecd/reactos/system32/$<TARGET_FILE_NAME:cabinet>=$<TARGET_FILE:cabinet>
livecd/reactos/system32/$<TARGET_FILE_NAME:cards>=$<TARGET_FILE:cards>
livecd/reactos/system32/$<TARGET_FILE_NAME:cfgmgr32>=$<TARGET_FILE:cfgmgr32>
livecd/reactos/system32/$<TARGET_FILE_NAME:clusapi>=$<TARGET_FILE:clusapi>
livecd/reactos/system32/$<TARGET_FILE_NAME:comcat>=$<TARGET_FILE:comcat>
livecd/reactos/system32/$<TARGET_FILE_NAME:comctl32>=$<TARGET_FILE:comctl32>
livecd/reactos/winsxs/amd64_microsoft.windows.common-controls_6595b64144ccf1df_5.82.2600.2982_none_deadbeef/$<TARGET_FILE_NAME:comctl32>=$<TARGET_FILE:comctl32>
livecd/reactos/winsxs/amd64_microsoft.windows.common-controls_6595b64144ccf1df_6.0.2600.2982_none_deadbeef/$<TARGET_FILE_NAME:comctl32>=$<TARGET_FILE:comctl32>
livecd/reactos/winsxs/manifests/amd64_microsoft.windows.common-controls_6595b64144ccf1df_5.82.2600.2982_none_deadbeef.manifest=/home/moebius/reactos/dll/win32/comctl32/amd64_microsoft.windows.common-controls_6595b64144ccf1df_5.82.2600.2982_none_deadbeef.manifest
livecd/reactos/winsxs/manifests/amd64_microsoft.windows.common-controls_6595b64144ccf1df_6.0.2600.2982_none_deadbeef.manifest=/home/moebius/reactos/dll/win32/comctl32/amd64_microsoft.windows.common-controls_6595b64144ccf1df_6.0.2600.2982_none_deadbeef.manifest
livecd/reactos/system32/$<TARGET_FILE_NAME:comdlg32>=$<TARGET_FILE:comdlg32>
livecd/reactos/system32/$<TARGET_FILE_NAME:compstui>=$<TARGET_FILE:compstui>
livecd/reactos/system32/$<TARGET_FILE_NAME:credui>=$<TARGET_FILE:credui>
livecd/reactos/system32/$<TARGET_FILE_NAME:crypt32>=$<TARGET_FILE:crypt32>
livecd/reactos/system32/$<TARGET_FILE_NAME:cryptdlg>=$<TARGET_FILE:cryptdlg>
livecd/reactos/system32/$<TARGET_FILE_NAME:cryptdll>=$<TARGET_FILE:cryptdll>
livecd/reactos/system32/$<TARGET_FILE_NAME:cryptnet>=$<TARGET_FILE:cryptnet>
livecd/reactos/system32/$<TARGET_FILE_NAME:cryptui>=$<TARGET_FILE:cryptui>
livecd/reactos/system32/$<TARGET_FILE_NAME:dbgeng>=$<TARGET_FILE:dbgeng>
livecd/reactos/system32/$<TARGET_FILE_NAME:dbghelp>=$<TARGET_FILE:dbghelp>
livecd/reactos/system32/$<TARGET_FILE_NAME:dciman32>=$<TARGET_FILE:dciman32>
livecd/reactos/system32/$<TARGET_FILE_NAME:devmgr>=$<TARGET_FILE:devmgr>
livecd/reactos/system32/$<TARGET_FILE_NAME:dnsapi>=$<TARGET_FILE:dnsapi>
livecd/reactos/system32/$<TARGET_FILE_NAME:esent>=$<TARGET_FILE:esent>
livecd/reactos/system32/$<TARGET_FILE_NAME:faultrep>=$<TARGET_FILE:faultrep>
livecd/reactos/system32/$<TARGET_FILE_NAME:fltlib>=$<TARGET_FILE:fltlib>
livecd/reactos/system32/$<TARGET_FILE_NAME:fmifs>=$<TARGET_FILE:fmifs>
livecd/reactos/system32/$<TARGET_FILE_NAME:fontsub>=$<TARGET_FILE:fontsub>
livecd/reactos/system32/wbem/$<TARGET_FILE_NAME:framedyn>=$<TARGET_FILE:framedyn>
livecd/reactos/Microsoft.NET/Framework/v1.0.3705/$<TARGET_FILE_NAME:fusion>=$<TARGET_FILE:fusion>
livecd/reactos/system32/$<TARGET_FILE_NAME:fusion>=$<TARGET_FILE:fusion>
livecd/reactos/Microsoft.NET/Framework/v1.1.4322/$<TARGET_FILE_NAME:fusion_1_1>=$<TARGET_FILE:fusion_1_1>
livecd/reactos/Microsoft.NET/Framework/v2.0.50727/$<TARGET_FILE_NAME:fusion_2_0>=$<TARGET_FILE:fusion_2_0>
livecd/reactos/system32/$<TARGET_FILE_NAME:gdiplus>=$<TARGET_FILE:gdiplus>
livecd/reactos/winsxs/amd64_microsoft.windows.gdiplus_6595b64144ccf1df_1.1.7601.23038_none_deadbeef/$<TARGET_FILE_NAME:gdiplus>=$<TARGET_FILE:gdiplus>
livecd/reactos/winsxs/manifests/amd64_microsoft.windows.gdiplus_6595b64144ccf1df_1.1.7601.23038_none_deadbeef.manifest=/home/moebius/reactos/dll/win32/gdiplus/amd64_microsoft.windows.gdiplus_6595b64144ccf1df_1.1.7601.23038_none_deadbeef.manifest
livecd/reactos/winsxs/amd64_microsoft.windows.gdiplus_6595b64144ccf1df_1.0.14393.0_none_deadbeef/$<TARGET_FILE_NAME:gdiplus>=$<TARGET_FILE:gdiplus>
livecd/reactos/winsxs/manifests/amd64_microsoft.windows.gdiplus_6595b64144ccf1df_1.0.14393.0_none_deadbeef.manifest=/home/moebius/reactos/dll/win32/gdiplus/amd64_microsoft.windows.gdiplus_6595b64144ccf1df_1.0.14393.0_none_deadbeef.manifest
livecd/reactos/system32/$<TARGET_FILE_NAME:getuname>=$<TARGET_FILE:getuname>
livecd/reactos/system32/$<TARGET_FILE_NAME:hhctrl>=$<TARGET_FILE:hhctrl>
livecd/reactos/system32/$<TARGET_FILE_NAME:hid>=$<TARGET_FILE:hid>
livecd/reactos/system32/$<TARGET_FILE_NAME:hlink>=$<TARGET_FILE:hlink>
livecd/reactos/system32/$<TARGET_FILE_NAME:hnetcfg>=$<TARGET_FILE:hnetcfg>
livecd/reactos/system32/$<TARGET_FILE_NAME:httpapi>=$<TARGET_FILE:httpapi>
livecd/reactos/system32/$<TARGET_FILE_NAME:iccvid>=$<TARGET_FILE:iccvid>
livecd/reactos/system32/$<TARGET_FILE_NAME:icmp>=$<TARGET_FILE:icmp>
livecd/reactos/system32/$<TARGET_FILE_NAME:ieframe>=$<TARGET_FILE:ieframe>
livecd/reactos/system32/$<TARGET_FILE_NAME:iernonce>=$<TARGET_FILE:iernonce>
livecd/reactos/system32/$<TARGET_FILE_NAME:imaadp32.acm>=$<TARGET_FILE:imaadp32.acm>
livecd/reactos/system32/$<TARGET_FILE_NAME:imagehlp>=$<TARGET_FILE:imagehlp>
livecd/reactos/system32/$<TARGET_FILE_NAME:inetcomm>=$<TARGET_FILE:inetcomm>
livecd/reactos/system32/$<TARGET_FILE_NAME:inetmib1>=$<TARGET_FILE:inetmib1>
livecd/reactos/system32/$<TARGET_FILE_NAME:initpki>=$<TARGET_FILE:initpki>
livecd/reactos/system32/$<TARGET_FILE_NAME:inseng>=$<TARGET_FILE:inseng>
livecd/reactos/system32/$<TARGET_FILE_NAME:iologmsg>=$<TARGET_FILE:iologmsg>
livecd/reactos/system32/$<TARGET_FILE_NAME:iphlpapi>=$<TARGET_FILE:iphlpapi>
livecd/reactos/system32/$<TARGET_FILE_NAME:itircl>=$<TARGET_FILE:itircl>
livecd/reactos/system32/$<TARGET_FILE_NAME:itss>=$<TARGET_FILE:itss>
livecd/reactos/system32/$<TARGET_FILE_NAME:jscript>=$<TARGET_FILE:jscript>
livecd/reactos/system32/$<TARGET_FILE_NAME:jsproxy>=$<TARGET_FILE:jsproxy>
livecd/reactos/system32/$<TARGET_FILE_NAME:kernel32_vista>=$<TARGET_FILE:kernel32_vista>
livecd/reactos/system32/$<TARGET_FILE_NAME:kernel32>=$<TARGET_FILE:kernel32>
livecd/reactos/system32/$<TARGET_FILE_NAME:loadperf>=$<TARGET_FILE:loadperf>
livecd/reactos/system32/$<TARGET_FILE_NAME:lpk>=$<TARGET_FILE:lpk>
livecd/reactos/system32/$<TARGET_FILE_NAME:lsasrv>=$<TARGET_FILE:lsasrv>
livecd/reactos/system32/$<TARGET_FILE_NAME:lz32>=$<TARGET_FILE:lz32>
livecd/reactos/system32/$<TARGET_FILE_NAME:mapi32>=$<TARGET_FILE:mapi32>
livecd/reactos/system32/$<TARGET_FILE_NAME:mciavi32>=$<TARGET_FILE:mciavi32>
livecd/reactos/system32/$<TARGET_FILE_NAME:mcicda>=$<TARGET_FILE:mcicda>
livecd/reactos/system32/$<TARGET_FILE_NAME:mciqtz32>=$<TARGET_FILE:mciqtz32>
livecd/reactos/system32/$<TARGET_FILE_NAME:mciseq>=$<TARGET_FILE:mciseq>
livecd/reactos/system32/$<TARGET_FILE_NAME:mciwave>=$<TARGET_FILE:mciwave>
livecd/reactos/system32/$<TARGET_FILE_NAME:mgmtapi>=$<TARGET_FILE:mgmtapi>
livecd/reactos/system32/$<TARGET_FILE_NAME:mlang>=$<TARGET_FILE:mlang>
livecd/reactos/system32/$<TARGET_FILE_NAME:mmdrv>=$<TARGET_FILE:mmdrv>
livecd/reactos/system32/$<TARGET_FILE_NAME:modemui>=$<TARGET_FILE:modemui>
livecd/reactos/system32/$<TARGET_FILE_NAME:mpr>=$<TARGET_FILE:mpr>
livecd/reactos/system32/$<TARGET_FILE_NAME:mprapi>=$<TARGET_FILE:mprapi>
livecd/reactos/system32/$<TARGET_FILE_NAME:msacm32>=$<TARGET_FILE:msacm32>
livecd/reactos/system32/$<TARGET_FILE_NAME:msacm32.drv>=$<TARGET_FILE:msacm32.drv>
livecd/reactos/system32/$<TARGET_FILE_NAME:msadp32.acm>=$<TARGET_FILE:msadp32.acm>
livecd/reactos/system32/$<TARGET_FILE_NAME:msafd>=$<TARGET_FILE:msafd>
livecd/reactos/system32/$<TARGET_FILE_NAME:mscat32>=$<TARGET_FILE:mscat32>
livecd/reactos/system32/$<TARGET_FILE_NAME:mscms>=$<TARGET_FILE:mscms>
livecd/reactos/system32/$<TARGET_FILE_NAME:mscoree>=$<TARGET_FILE:mscoree>
livecd/reactos/system32/$<TARGET_FILE_NAME:msftedit>=$<TARGET_FILE:msftedit>
livecd/reactos/system32/$<TARGET_FILE_NAME:msg711.acm>=$<TARGET_FILE:msg711.acm>
livecd/reactos/system32/$<TARGET_FILE_NAME:msgina>=$<TARGET_FILE:msgina>
livecd/reactos/system32/$<TARGET_FILE_NAME:msgsm32.acm>=$<TARGET_FILE:msgsm32.acm>
livecd/reactos/system32/$<TARGET_FILE_NAME:mshtml>=$<TARGET_FILE:mshtml>
livecd/reactos/system32/$<TARGET_FILE_NAME:msi>=$<TARGET_FILE:msi>
livecd/reactos/system32/$<TARGET_FILE_NAME:mshtml.tlb>=$<TARGET_FILE:mshtml.tlb>
livecd/reactos/system32/$<TARGET_FILE_NAME:msimg32>=$<TARGET_FILE:msimg32>
livecd/reactos/system32/$<TARGET_FILE_NAME:msimtf>=$<TARGET_FILE:msimtf>
livecd/reactos/system32/$<TARGET_FILE_NAME:msisip>=$<TARGET_FILE:msisip>
livecd/reactos/system32/$<TARGET_FILE_NAME:msisys>=$<TARGET_FILE:msisys>
livecd/reactos/system32/$<TARGET_FILE_NAME:mspatcha>=$<TARGET_FILE:mspatcha>
livecd/reactos/system32/$<TARGET_FILE_NAME:msports>=$<TARGET_FILE:msports>
livecd/reactos/system32/$<TARGET_FILE_NAME:msrle32>=$<TARGET_FILE:msrle32>
livecd/reactos/system32/$<TARGET_FILE_NAME:mssign32>=$<TARGET_FILE:mssign32>
livecd/reactos/system32/$<TARGET_FILE_NAME:mssip32>=$<TARGET_FILE:mssip32>
livecd/reactos/system32/$<TARGET_FILE_NAME:mstask>=$<TARGET_FILE:mstask>
livecd/reactos/system32/$<TARGET_FILE_NAME:msv1_0>=$<TARGET_FILE:msv1_0>
livecd/reactos/system32/$<TARGET_FILE_NAME:msvcrt>=$<TARGET_FILE:msvcrt>
livecd/reactos/system32/$<TARGET_FILE_NAME:msvfw32>=$<TARGET_FILE:msvfw32>
livecd/reactos/system32/$<TARGET_FILE_NAME:msvidc32>=$<TARGET_FILE:msvidc32>
livecd/reactos/system32/$<TARGET_FILE_NAME:mswsock>=$<TARGET_FILE:mswsock>
livecd/reactos/system32/$<TARGET_FILE_NAME:msxml>=$<TARGET_FILE:msxml>
livecd/reactos/system32/$<TARGET_FILE_NAME:msxml2>=$<TARGET_FILE:msxml2>
livecd/reactos/system32/$<TARGET_FILE_NAME:msxml3>=$<TARGET_FILE:msxml3>
livecd/reactos/system32/$<TARGET_FILE_NAME:msxml3r>=$<TARGET_FILE:msxml3r>
livecd/reactos/system32/$<TARGET_FILE_NAME:msxml4>=$<TARGET_FILE:msxml4>
livecd/reactos/system32/$<TARGET_FILE_NAME:msxml6>=$<TARGET_FILE:msxml6>
livecd/reactos/system32/$<TARGET_FILE_NAME:mycomput>=$<TARGET_FILE:mycomput>
livecd/reactos/system32/$<TARGET_FILE_NAME:nddeapi>=$<TARGET_FILE:nddeapi>
livecd/reactos/system32/$<TARGET_FILE_NAME:netapi32>=$<TARGET_FILE:netapi32>
livecd/reactos/system32/$<TARGET_FILE_NAME:netcfgx>=$<TARGET_FILE:netcfgx>
livecd/reactos/system32/$<TARGET_FILE_NAME:netevent>=$<TARGET_FILE:netevent>
livecd/reactos/system32/$<TARGET_FILE_NAME:netid>=$<TARGET_FILE:netid>
livecd/reactos/system32/$<TARGET_FILE_NAME:netmsg>=$<TARGET_FILE:netmsg>
livecd/reactos/system32/$<TARGET_FILE_NAME:newdev>=$<TARGET_FILE:newdev>
livecd/reactos/system32/$<TARGET_FILE_NAME:npptools>=$<TARGET_FILE:npptools>
livecd/reactos/system32/$<TARGET_FILE_NAME:ntdsapi>=$<TARGET_FILE:ntdsapi>
livecd/reactos/system32/$<TARGET_FILE_NAME:ntlanman>=$<TARGET_FILE:ntlanman>
livecd/reactos/system32/$<TARGET_FILE_NAME:ntmarta>=$<TARGET_FILE:ntmarta>
livecd/reactos/system32/$<TARGET_FILE_NAME:objsel>=$<TARGET_FILE:objsel>
livecd/reactos/system32/$<TARGET_FILE_NAME:odbc32>=$<TARGET_FILE:odbc32>
livecd/reactos/system32/$<TARGET_FILE_NAME:odbccp32>=$<TARGET_FILE:odbccp32>
livecd/reactos/system32/$<TARGET_FILE_NAME:ole32>=$<TARGET_FILE:ole32>
livecd/reactos/system32/$<TARGET_FILE_NAME:oleacc>=$<TARGET_FILE:oleacc>
livecd/reactos/system32/$<TARGET_FILE_NAME:oleaut32>=$<TARGET_FILE:oleaut32>
livecd/reactos/system32/$<TARGET_FILE_NAME:olecli32>=$<TARGET_FILE:olecli32>
livecd/reactos/system32/$<TARGET_FILE_NAME:oledlg>=$<TARGET_FILE:oledlg>
livecd/reactos/system32/$<TARGET_FILE_NAME:olepro32>=$<TARGET_FILE:olepro32>
livecd/reactos/system32/$<TARGET_FILE_NAME:olesvr32>=$<TARGET_FILE:olesvr32>
livecd/reactos/system32/$<TARGET_FILE_NAME:olethk32>=$<TARGET_FILE:olethk32>
livecd/reactos/system32/$<TARGET_FILE_NAME:pdh>=$<TARGET_FILE:pdh>
livecd/reactos/system32/$<TARGET_FILE_NAME:pidgen>=$<TARGET_FILE:pidgen>
livecd/reactos/system32/$<TARGET_FILE_NAME:powrprof>=$<TARGET_FILE:powrprof>
livecd/reactos/system32/$<TARGET_FILE_NAME:profmap>=$<TARGET_FILE:profmap>
livecd/reactos/system32/$<TARGET_FILE_NAME:propsys>=$<TARGET_FILE:propsys>
livecd/reactos/system32/$<TARGET_FILE_NAME:psapi>=$<TARGET_FILE:psapi>
livecd/reactos/system32/$<TARGET_FILE_NAME:pstorec>=$<TARGET_FILE:pstorec>
livecd/reactos/system32/$<TARGET_FILE_NAME:qmgr>=$<TARGET_FILE:qmgr>
livecd/reactos/system32/$<TARGET_FILE_NAME:qmgrprxy>=$<TARGET_FILE:qmgrprxy>
livecd/reactos/system32/$<TARGET_FILE_NAME:query>=$<TARGET_FILE:query>
livecd/reactos/system32/$<TARGET_FILE_NAME:rasadhlp>=$<TARGET_FILE:rasadhlp>
livecd/reactos/system32/$<TARGET_FILE_NAME:rasapi32>=$<TARGET_FILE:rasapi32>
livecd/reactos/system32/$<TARGET_FILE_NAME:rasdlg>=$<TARGET_FILE:rasdlg>
livecd/reactos/system32/$<TARGET_FILE_NAME:rasman>=$<TARGET_FILE:rasman>
livecd/reactos/system32/$<TARGET_FILE_NAME:regapi>=$<TARGET_FILE:regapi>
livecd/reactos/system32/$<TARGET_FILE_NAME:resutils>=$<TARGET_FILE:resutils>
livecd/reactos/system32/$<TARGET_FILE_NAME:riched20>=$<TARGET_FILE:riched20>
livecd/reactos/system32/$<TARGET_FILE_NAME:riched32>=$<TARGET_FILE:riched32>
livecd/reactos/system32/$<TARGET_FILE_NAME:rpcrt4>=$<TARGET_FILE:rpcrt4>
livecd/reactos/system32/$<TARGET_FILE_NAME:rsabase>=$<TARGET_FILE:rsabase>
livecd/reactos/system32/$<TARGET_FILE_NAME:rsaenh>=$<TARGET_FILE:rsaenh>
livecd/reactos/system32/$<TARGET_FILE_NAME:samlib>=$<TARGET_FILE:samlib>
livecd/reactos/system32/$<TARGET_FILE_NAME:samsrv>=$<TARGET_FILE:samsrv>
livecd/reactos/system32/$<TARGET_FILE_NAME:sccbase>=$<TARGET_FILE:sccbase>
livecd/reactos/system32/$<TARGET_FILE_NAME:schannel>=$<TARGET_FILE:schannel>
livecd/reactos/system32/$<TARGET_FILE_NAME:scrrun>=$<TARGET_FILE:scrrun>
livecd/reactos/system32/$<TARGET_FILE_NAME:secur32>=$<TARGET_FILE:secur32>
livecd/reactos/system32/$<TARGET_FILE_NAME:security>=$<TARGET_FILE:security>
livecd/reactos/system32/$<TARGET_FILE_NAME:sensapi>=$<TARGET_FILE:sensapi>
livecd/reactos/system32/$<TARGET_FILE_NAME:serialui>=$<TARGET_FILE:serialui>
livecd/reactos/system32/$<TARGET_FILE_NAME:setupapi>=$<TARGET_FILE:setupapi>
livecd/reactos/system32/$<TARGET_FILE_NAME:sfc>=$<TARGET_FILE:sfc>
livecd/reactos/system32/$<TARGET_FILE_NAME:sfc_os>=$<TARGET_FILE:sfc_os>
livecd/reactos/system32/$<TARGET_FILE_NAME:sfcfiles>=$<TARGET_FILE:sfcfiles>
livecd/reactos/system32/$<TARGET_FILE_NAME:shdoclc>=$<TARGET_FILE:shdoclc>
livecd/reactos/system32/$<TARGET_FILE_NAME:shdocvw>=$<TARGET_FILE:shdocvw>
livecd/reactos/system32/$<TARGET_FILE_NAME:shell32>=$<TARGET_FILE:shell32>
livecd/reactos/system32/$<TARGET_FILE_NAME:shfolder>=$<TARGET_FILE:shfolder>
livecd/reactos/system32/$<TARGET_FILE_NAME:shimgvw>=$<TARGET_FILE:shimgvw>
livecd/reactos/system32/$<TARGET_FILE_NAME:shlwapi>=$<TARGET_FILE:shlwapi>
livecd/reactos/system32/$<TARGET_FILE_NAME:slbcsp>=$<TARGET_FILE:slbcsp>
livecd/reactos/system32/$<TARGET_FILE_NAME:sndblst>=$<TARGET_FILE:sndblst>
livecd/reactos/system32/$<TARGET_FILE_NAME:snmpapi>=$<TARGET_FILE:snmpapi>
livecd/reactos/system32/$<TARGET_FILE_NAME:softpub>=$<TARGET_FILE:softpub>
livecd/reactos/system32/$<TARGET_FILE_NAME:srclient>=$<TARGET_FILE:srclient>
livecd/reactos/system32/$<TARGET_FILE_NAME:stdole2.tlb>=$<TARGET_FILE:stdole2.tlb>
livecd/reactos/system32/$<TARGET_FILE_NAME:stdole32.tlb>=$<TARGET_FILE:stdole32.tlb>
livecd/reactos/system32/$<TARGET_FILE_NAME:sti>=$<TARGET_FILE:sti>
livecd/reactos/system32/$<TARGET_FILE_NAME:storprop>=$<TARGET_FILE:storprop>
livecd/reactos/system32/$<TARGET_FILE_NAME:streamci>=$<TARGET_FILE:streamci>
livecd/reactos/system32/$<TARGET_FILE_NAME:sxs>=$<TARGET_FILE:sxs>
livecd/reactos/system32/$<TARGET_FILE_NAME:syssetup>=$<TARGET_FILE:syssetup>
livecd/reactos/system32/$<TARGET_FILE_NAME:t2embed>=$<TARGET_FILE:t2embed>
livecd/reactos/system32/$<TARGET_FILE_NAME:tapi32>=$<TARGET_FILE:tapi32>
livecd/reactos/system32/$<TARGET_FILE_NAME:tapiui>=$<TARGET_FILE:tapiui>
livecd/reactos/system32/$<TARGET_FILE_NAME:themeui>=$<TARGET_FILE:themeui>
livecd/reactos/system32/$<TARGET_FILE_NAME:traffic>=$<TARGET_FILE:traffic>
livecd/reactos/$<TARGET_FILE_NAME:twain_32>=$<TARGET_FILE:twain_32>
livecd/reactos/system32/$<TARGET_FILE_NAME:ubtrfs>=$<TARGET_FILE:ubtrfs>
livecd/reactos/system32/$<TARGET_FILE_NAME:ucdfs>=$<TARGET_FILE:ucdfs>
livecd/reactos/system32/$<TARGET_FILE_NAME:ucrtbase>=$<TARGET_FILE:ucrtbase>
livecd/reactos/system32/$<TARGET_FILE_NAME:uext2>=$<TARGET_FILE:uext2>
livecd/reactos/system32/$<TARGET_FILE_NAME:ufat>=$<TARGET_FILE:ufat>
livecd/reactos/system32/$<TARGET_FILE_NAME:ufatx>=$<TARGET_FILE:ufatx>
livecd/reactos/system32/$<TARGET_FILE_NAME:untfs>=$<TARGET_FILE:untfs>
livecd/reactos/system32/$<TARGET_FILE_NAME:updspapi>=$<TARGET_FILE:updspapi>
livecd/reactos/system32/$<TARGET_FILE_NAME:url>=$<TARGET_FILE:url>
livecd/reactos/system32/$<TARGET_FILE_NAME:urlmon>=$<TARGET_FILE:urlmon>
livecd/reactos/system32/$<TARGET_FILE_NAME:userenv>=$<TARGET_FILE:userenv>
livecd/reactos/system32/$<TARGET_FILE_NAME:usp10>=$<TARGET_FILE:usp10>
livecd/reactos/system32/$<TARGET_FILE_NAME:uxtheme>=$<TARGET_FILE:uxtheme>
livecd/reactos/system32/$<TARGET_FILE_NAME:vbscript>=$<TARGET_FILE:vbscript>
livecd/reactos/system32/$<TARGET_FILE_NAME:verifier>=$<TARGET_FILE:verifier>
livecd/reactos/system32/$<TARGET_FILE_NAME:version>=$<TARGET_FILE:version>
livecd/reactos/system32/$<TARGET_FILE_NAME:vssapi>=$<TARGET_FILE:vssapi>
livecd/reactos/system32/wbem/$<TARGET_FILE_NAME:wbemdisp>=$<TARGET_FILE:wbemdisp>
livecd/reactos/system32/wbem/$<TARGET_FILE_NAME:wbemprox>=$<TARGET_FILE:wbemprox>
livecd/reactos/system32/$<TARGET_FILE_NAME:wdmaud.drv>=$<TARGET_FILE:wdmaud.drv>
livecd/reactos/system32/$<TARGET_FILE_NAME:windowscodecs>=$<TARGET_FILE:windowscodecs>
livecd/reactos/system32/$<TARGET_FILE_NAME:windowscodecsext>=$<TARGET_FILE:windowscodecsext>
livecd/reactos/system32/$<TARGET_FILE_NAME:winemp3.acm>=$<TARGET_FILE:winemp3.acm>
livecd/reactos/system32/$<TARGET_FILE_NAME:winfax>=$<TARGET_FILE:winfax>
livecd/reactos/system32/$<TARGET_FILE_NAME:wing32>=$<TARGET_FILE:wing32>
livecd/reactos/system32/$<TARGET_FILE_NAME:winhttp>=$<TARGET_FILE:winhttp>
livecd/reactos/system32/$<TARGET_FILE_NAME:wininet>=$<TARGET_FILE:wininet>
livecd/reactos/system32/$<TARGET_FILE_NAME:winmm>=$<TARGET_FILE:winmm>
livecd/reactos/system32/$<TARGET_FILE_NAME:midimap>=$<TARGET_FILE:midimap>
livecd/reactos/system32/$<TARGET_FILE_NAME:winscard>=$<TARGET_FILE:winscard>
livecd/reactos/system32/$<TARGET_FILE_NAME:winsta>=$<TARGET_FILE:winsta>
livecd/reactos/system32/$<TARGET_FILE_NAME:wintrust>=$<TARGET_FILE:wintrust>
livecd/reactos/system32/$<TARGET_FILE_NAME:wlanapi>=$<TARGET_FILE:wlanapi>
livecd/reactos/system32/$<TARGET_FILE_NAME:wldap32>=$<TARGET_FILE:wldap32>
livecd/reactos/system32/$<TARGET_FILE_NAME:wlnotify>=$<TARGET_FILE:wlnotify>
livecd/reactos/system32/$<TARGET_FILE_NAME:wmi>=$<TARGET_FILE:wmi>
livecd/reactos/system32/wbem/$<TARGET_FILE_NAME:wmiutils>=$<TARGET_FILE:wmiutils>
livecd/reactos/system32/$<TARGET_FILE_NAME:wmvcore>=$<TARGET_FILE:wmvcore>
livecd/reactos/system32/$<TARGET_FILE_NAME:ws2_32>=$<TARGET_FILE:ws2_32>
livecd/reactos/system32/$<TARGET_FILE_NAME:ws2help>=$<TARGET_FILE:ws2help>
livecd/reactos/system32/$<TARGET_FILE_NAME:wshirda>=$<TARGET_FILE:wshirda>
livecd/reactos/system32/$<TARGET_FILE_NAME:wshom>=$<TARGET_FILE:wshom>
livecd/reactos/system32/$<TARGET_FILE_NAME:wshtcpip>=$<TARGET_FILE:wshtcpip>
livecd/reactos/system32/$<TARGET_FILE_NAME:wsock32>=$<TARGET_FILE:wsock32>
livecd/reactos/system32/$<TARGET_FILE_NAME:wtsapi32>=$<TARGET_FILE:wtsapi32>
livecd/reactos/system32/$<TARGET_FILE_NAME:wuapi>=$<TARGET_FILE:wuapi>
livecd/reactos/system32/$<TARGET_FILE_NAME:xinput1_1>=$<TARGET_FILE:xinput1_1>
livecd/reactos/system32/$<TARGET_FILE_NAME:xinput1_2>=$<TARGET_FILE:xinput1_2>
livecd/reactos/system32/$<TARGET_FILE_NAME:xinput1_3>=$<TARGET_FILE:xinput1_3>
livecd/reactos/system32/$<TARGET_FILE_NAME:xinput9_1_0>=$<TARGET_FILE:xinput9_1_0>
livecd/reactos/system32/$<TARGET_FILE_NAME:xmllite>=$<TARGET_FILE:xmllite>
livecd/reactos/system32/$<TARGET_FILE_NAME:xolehlp>=$<TARGET_FILE:xolehlp>
livecd/reactos/system32/drivers/$<TARGET_FILE_NAME:cmbatt>=$<TARGET_FILE:cmbatt>
livecd/reactos/system32/drivers/$<TARGET_FILE_NAME:beep>=$<TARGET_FILE:beep>
bootcd/reactos/system32/$<TARGET_FILE_NAME:bootvid>=$<TARGET_FILE:bootvid>
livecd/reactos/system32/$<TARGET_FILE_NAME:bootvid>=$<TARGET_FILE:bootvid>
bootcd/reactos/system32/drivers/$<TARGET_FILE_NAME:condrv>=$<TARGET_FILE:condrv>
livecd/reactos/system32/drivers/$<TARGET_FILE_NAME:condrv>=$<TARGET_FILE:condrv>
bootcd/reactos/system32/$<TARGET_FILE_NAME:kdcom>=$<TARGET_FILE:kdcom>
livecd/reactos/system32/$<TARGET_FILE_NAME:kdcom>=$<TARGET_FILE:kdcom>
bootcd/reactos/system32/drivers/$<TARGET_FILE_NAME:nmidebug>=$<TARGET_FILE:nmidebug>
livecd/reactos/system32/drivers/$<TARGET_FILE_NAME:nmidebug>=$<TARGET_FILE:nmidebug>
livecd/reactos/system32/drivers/$<TARGET_FILE_NAME:null>=$<TARGET_FILE:null>
livecd/reactos/system32/drivers/$<TARGET_FILE_NAME:battc>=$<TARGET_FILE:battc>
livecd/reactos/system32/drivers/$<TARGET_FILE_NAME:compbatt>=$<TARGET_FILE:compbatt>
livecd/reactos/system32/drivers/$<TARGET_FILE_NAME:fbtusb>=$<TARGET_FILE:fbtusb>
bootcd/reactos/system32/drivers/$<TARGET_FILE_NAME:acpi>=$<TARGET_FILE:acpi>
livecd/reactos/system32/drivers/$<TARGET_FILE_NAME:acpi>=$<TARGET_FILE:acpi>
livecd/reactos/inf/acpi.inf=/home/moebius/reactos/output-posix-amd64/drivers/bus/acpi/acpi.inf
bootcd/reactos/system32/drivers/$<TARGET_FILE_NAME:isapnp>=$<TARGET_FILE:isapnp>
livecd/reactos/system32/drivers/$<TARGET_FILE_NAME:isapnp>=$<TARGET_FILE:isapnp>
bootcd/reactos/system32/drivers/$<TARGET_FILE_NAME:pci>=$<TARGET_FILE:pci>
livecd/reactos/system32/drivers/$<TARGET_FILE_NAME:pci>=$<TARGET_FILE:pci>
bootcd/reactos/system32/drivers/$<TARGET_FILE_NAME:pcix>=$<TARGET_FILE:pcix>
livecd/reactos/system32/drivers/$<TARGET_FILE_NAME:pcix>=$<TARGET_FILE:pcix>
bootcd/reactos/system32/drivers/$<TARGET_FILE_NAME:pcmcia>=$<TARGET_FILE:pcmcia>
livecd/reactos/system32/drivers/$<TARGET_FILE_NAME:pcmcia>=$<TARGET_FILE:pcmcia>
bootcd/reactos/system32/drivers/$<TARGET_FILE_NAME:ksecdd>=$<TARGET_FILE:ksecdd>
livecd/reactos/system32/drivers/$<TARGET_FILE_NAME:ksecdd>=$<TARGET_FILE:ksecdd>
bootcd/reactos/system32/drivers/$<TARGET_FILE_NAME:btrfs>=$<TARGET_FILE:btrfs>
livecd/reactos/system32/drivers/$<TARGET_FILE_NAME:btrfs>=$<TARGET_FILE:btrfs>
livecd/reactos/inf/btrfs.inf=/home/moebius/reactos/output-posix-amd64/drivers/filesystems/btrfs/btrfs.inf
bootcd/reactos/system32/drivers/$<TARGET_FILE_NAME:cdfs>=$<TARGET_FILE:cdfs>
livecd/reactos/system32/drivers/$<TARGET_FILE_NAME:cdfs>=$<TARGET_FILE:cdfs>
livecd/reactos/system32/drivers/$<TARGET_FILE_NAME:ext2fs>=$<TARGET_FILE:ext2fs>
bootcd/reactos/system32/drivers/$<TARGET_FILE_NAME:fastfat>=$<TARGET_FILE:fastfat>
livecd/reactos/system32/drivers/$<TARGET_FILE_NAME:fastfat>=$<TARGET_FILE:fastfat>
livecd/reactos/system32/drivers/$<TARGET_FILE_NAME:fs_rec>=$<TARGET_FILE:fs_rec>
livecd/reactos/system32/drivers/$<TARGET_FILE_NAME:msfs>=$<TARGET_FILE:msfs>
livecd/reactos/system32/drivers/$<TARGET_FILE_NAME:mup>=$<TARGET_FILE:mup>
livecd/reactos/system32/drivers/$<TARGET_FILE_NAME:nfs41_driver>=$<TARGET_FILE:nfs41_driver>
livecd/reactos/system32/drivers/$<TARGET_FILE_NAME:npfs>=$<TARGET_FILE:npfs>
livecd/reactos/system32/drivers/$<TARGET_FILE_NAME:ntfs>=$<TARGET_FILE:ntfs>
livecd/reactos/system32/drivers/$<TARGET_FILE_NAME:udfs>=$<TARGET_FILE:udfs>
bootcd/reactos/system32/drivers/$<TARGET_FILE_NAME:fltmgr>=$<TARGET_FILE:fltmgr>
livecd/reactos/system32/drivers/$<TARGET_FILE_NAME:fltmgr>=$<TARGET_FILE:fltmgr>
bootcd/reactos/system32/drivers/$<TARGET_FILE_NAME:hidclass>=$<TARGET_FILE:hidclass>
livecd/reactos/system32/drivers/$<TARGET_FILE_NAME:hidclass>=$<TARGET_FILE:hidclass>
bootcd/reactos/system32/drivers/$<TARGET_FILE_NAME:hidparse>=$<TARGET_FILE:hidparse>
livecd/reactos/system32/drivers/$<TARGET_FILE_NAME:hidparse>=$<TARGET_FILE:hidparse>
bootcd/reactos/system32/drivers/$<TARGET_FILE_NAME:hidusb>=$<TARGET_FILE:hidusb>
livecd/reactos/system32/drivers/$<TARGET_FILE_NAME:hidusb>=$<TARGET_FILE:hidusb>
bootcd/reactos/system32/drivers/$<TARGET_FILE_NAME:kbdhid>=$<TARGET_FILE:kbdhid>
livecd/reactos/system32/drivers/$<TARGET_FILE_NAME:kbdhid>=$<TARGET_FILE:kbdhid>
livecd/reactos/system32/drivers/$<TARGET_FILE_NAME:mouhid>=$<TARGET_FILE:mouhid>
bootcd/reactos/system32/drivers/$<TARGET_FILE_NAME:i8042prt>=$<TARGET_FILE:i8042prt>
livecd/reactos/system32/drivers/$<TARGET_FILE_NAME:i8042prt>=$<TARGET_FILE:i8042prt>
livecd/reactos/system32/drivers/$<TARGET_FILE_NAME:inport>=$<TARGET_FILE:inport>
bootcd/reactos/system32/drivers/$<TARGET_FILE_NAME:kbdclass>=$<TARGET_FILE:kbdclass>
livecd/reactos/system32/drivers/$<TARGET_FILE_NAME:kbdclass>=$<TARGET_FILE:kbdclass>
livecd/reactos/system32/drivers/$<TARGET_FILE_NAME:mouclass>=$<TARGET_FILE:mouclass>
livecd/reactos/system32/drivers/$<TARGET_FILE_NAME:sermouse>=$<TARGET_FILE:sermouse>
livecd/reactos/system32/drivers/$<TARGET_FILE_NAME:ks>=$<TARGET_FILE:ks>
bootcd/reactos/system32/drivers/$<TARGET_FILE_NAME:swenum>=$<TARGET_FILE:swenum>
livecd/reactos/system32/drivers/$<TARGET_FILE_NAME:swenum>=$<TARGET_FILE:swenum>
livecd/reactos/system32/drivers/$<TARGET_FILE_NAME:bdasup>=$<TARGET_FILE:bdasup>
livecd/reactos/system32/drivers/$<TARGET_FILE_NAME:afd>=$<TARGET_FILE:afd>
livecd/reactos/system32/drivers/$<TARGET_FILE_NAME:dc21x4>=$<TARGET_FILE:dc21x4>
livecd/reactos/inf/net21x4.inf=/home/moebius/reactos/output-posix-amd64/drivers/network/dd/dc21x4/net21x4.inf
livecd/reactos/system32/drivers/$<TARGET_FILE_NAME:e1000>=$<TARGET_FILE:e1000>
livecd/reactos/inf/nete1000.inf=/home/moebius/reactos/output-posix-amd64/drivers/network/dd/e1000/nete1000.inf
livecd/reactos/system32/drivers/$<TARGET_FILE_NAME:ne2000>=$<TARGET_FILE:ne2000>
livecd/reactos/inf/netne.inf=/home/moebius/reactos/output-posix-amd64/drivers/network/dd/ne2000/netne.inf
livecd/reactos/system32/drivers/$<TARGET_FILE_NAME:netkvm>=$<TARGET_FILE:netkvm>
livecd/reactos/inf/netkvm.inf=/home/moebius/reactos/output-posix-amd64/drivers/network/dd/netkvm/netkvm.inf
livecd/reactos/system32/drivers/$<TARGET_FILE_NAME:nvnet>=$<TARGET_FILE:nvnet>
livecd/reactos/inf/netnv.inf=/home/moebius/reactos/output-posix-amd64/drivers/network/dd/nvnet/netnv.inf
livecd/reactos/system32/drivers/$<TARGET_FILE_NAME:pcnet>=$<TARGET_FILE:pcnet>
livecd/reactos/inf/netamd.inf=/home/moebius/reactos/output-posix-amd64/drivers/network/dd/pcnet/netamd.inf
livecd/reactos/system32/drivers/$<TARGET_FILE_NAME:rtl8139>=$<TARGET_FILE:rtl8139>
livecd/reactos/inf/netrtl.inf=/home/moebius/reactos/output-posix-amd64/drivers/network/dd/rtl8139/netrtl.inf
livecd/reactos/system32/drivers/$<TARGET_FILE_NAME:ndis>=$<TARGET_FILE:ndis>
livecd/reactos/system32/drivers/$<TARGET_FILE_NAME:ndisuio>=$<TARGET_FILE:ndisuio>
livecd/reactos/system32/drivers/$<TARGET_FILE_NAME:tcpip>=$<TARGET_FILE:tcpip>
livecd/reactos/system32/drivers/$<TARGET_FILE_NAME:tdi>=$<TARGET_FILE:tdi>
livecd/reactos/system32/drivers/$<TARGET_FILE_NAME:parport>=$<TARGET_FILE:parport>
livecd/reactos/system32/drivers/$<TARGET_FILE_NAME:processr>=$<TARGET_FILE:processr>
livecd/reactos/inf/cpu.inf=/home/moebius/reactos/output-posix-amd64/drivers/processor/processr/cpu.inf
bootcd/reactos/system32/drivers/$<TARGET_FILE_NAME:sacdrv>=$<TARGET_FILE:sacdrv>
livecd/reactos/system32/drivers/$<TARGET_FILE_NAME:sacdrv>=$<TARGET_FILE:sacdrv>
livecd/reactos/system32/drivers/$<TARGET_FILE_NAME:serenum>=$<TARGET_FILE:serenum>
livecd/reactos/system32/drivers/$<TARGET_FILE_NAME:serial>=$<TARGET_FILE:serial>
bootcd/reactos/system32/drivers/$<TARGET_FILE_NAME:blue>=$<TARGET_FILE:blue>
livecd/reactos/system32/drivers/$<TARGET_FILE_NAME:blue>=$<TARGET_FILE:blue>
bootcd/reactos/system32/drivers/$<TARGET_FILE_NAME:cdrom>=$<TARGET_FILE:cdrom>
livecd/reactos/system32/drivers/$<TARGET_FILE_NAME:cdrom>=$<TARGET_FILE:cdrom>
livecd/reactos/inf/cdrom.inf=/home/moebius/reactos/output-posix-amd64/drivers/storage/class/cdrom/cdrom.inf
bootcd/reactos/system32/drivers/$<TARGET_FILE_NAME:classpnp>=$<TARGET_FILE:classpnp>
livecd/reactos/system32/drivers/$<TARGET_FILE_NAME:classpnp>=$<TARGET_FILE:classpnp>
bootcd/reactos/system32/drivers/$<TARGET_FILE_NAME:disk>=$<TARGET_FILE:disk>
livecd/reactos/system32/drivers/$<TARGET_FILE_NAME:disk>=$<TARGET_FILE:disk>
livecd/reactos/inf/disk.inf=/home/moebius/reactos/output-posix-amd64/drivers/storage/class/disk/disk.inf
bootcd/reactos/system32/drivers/$<TARGET_FILE_NAME:ramdisk>=$<TARGET_FILE:ramdisk>
livecd/reactos/system32/drivers/$<TARGET_FILE_NAME:ramdisk>=$<TARGET_FILE:ramdisk>
livecd/reactos/inf/ramdisk.inf=/home/moebius/reactos/output-posix-amd64/drivers/storage/class/ramdisk/ramdisk.inf
bootcd/reactos/system32/drivers/$<TARGET_FILE_NAME:floppy>=$<TARGET_FILE:floppy>
livecd/reactos/system32/drivers/$<TARGET_FILE_NAME:floppy>=$<TARGET_FILE:floppy>
bootcd/reactos/system32/drivers/$<TARGET_FILE_NAME:atapi>=$<TARGET_FILE:atapi>
livecd/reactos/system32/drivers/$<TARGET_FILE_NAME:atapi>=$<TARGET_FILE:atapi>
bootcd/reactos/system32/drivers/$<TARGET_FILE_NAME:pciide>=$<TARGET_FILE:pciide>
livecd/reactos/system32/drivers/$<TARGET_FILE_NAME:pciide>=$<TARGET_FILE:pciide>
bootcd/reactos/system32/drivers/$<TARGET_FILE_NAME:pciidex>=$<TARGET_FILE:pciidex>
livecd/reactos/system32/drivers/$<TARGET_FILE_NAME:pciidex>=$<TARGET_FILE:pciidex>
bootcd/reactos/system32/drivers/$<TARGET_FILE_NAME:uniata>=$<TARGET_FILE:uniata>
livecd/reactos/system32/drivers/$<TARGET_FILE_NAME:uniata>=$<TARGET_FILE:uniata>
livecd/reactos/inf/uniata_comm.inf=/home/moebius/reactos/output-posix-amd64/drivers/storage/ide/uniata/uniata_comm.inf
bootcd/reactos/system32/drivers/$<TARGET_FILE_NAME:mountmgr>=$<TARGET_FILE:mountmgr>
livecd/reactos/system32/drivers/$<TARGET_FILE_NAME:mountmgr>=$<TARGET_FILE:mountmgr>
bootcd/reactos/system32/drivers/$<TARGET_FILE_NAME:partmgr>=$<TARGET_FILE:partmgr>
livecd/reactos/system32/drivers/$<TARGET_FILE_NAME:partmgr>=$<TARGET_FILE:partmgr>
bootcd/reactos/system32/drivers/$<TARGET_FILE_NAME:buslogic>=$<TARGET_FILE:buslogic>
livecd/reactos/system32/drivers/$<TARGET_FILE_NAME:buslogic>=$<TARGET_FILE:buslogic>
bootcd/reactos/system32/drivers/$<TARGET_FILE_NAME:scsiport>=$<TARGET_FILE:scsiport>
livecd/reactos/system32/drivers/$<TARGET_FILE_NAME:scsiport>=$<TARGET_FILE:scsiport>
bootcd/reactos/system32/drivers/$<TARGET_FILE_NAME:storport>=$<TARGET_FILE:storport>
livecd/reactos/system32/drivers/$<TARGET_FILE_NAME:storport>=$<TARGET_FILE:storport>
bootcd/reactos/system32/drivers/$<TARGET_FILE_NAME:usbccgp>=$<TARGET_FILE:usbccgp>
livecd/reactos/system32/drivers/$<TARGET_FILE_NAME:usbccgp>=$<TARGET_FILE:usbccgp>
bootcd/reactos/system32/drivers/$<TARGET_FILE_NAME:usbd>=$<TARGET_FILE:usbd>
livecd/reactos/system32/drivers/$<TARGET_FILE_NAME:usbd>=$<TARGET_FILE:usbd>
bootcd/reactos/system32/drivers/$<TARGET_FILE_NAME:usbehci>=$<TARGET_FILE:usbehci>
livecd/reactos/system32/drivers/$<TARGET_FILE_NAME:usbehci>=$<TARGET_FILE:usbehci>
bootcd/reactos/system32/drivers/$<TARGET_FILE_NAME:usbhub>=$<TARGET_FILE:usbhub>
livecd/reactos/system32/drivers/$<TARGET_FILE_NAME:usbhub>=$<TARGET_FILE:usbhub>
bootcd/reactos/system32/drivers/$<TARGET_FILE_NAME:usbohci>=$<TARGET_FILE:usbohci>
livecd/reactos/system32/drivers/$<TARGET_FILE_NAME:usbohci>=$<TARGET_FILE:usbohci>
bootcd/reactos/system32/drivers/$<TARGET_FILE_NAME:usbport>=$<TARGET_FILE:usbport>
livecd/reactos/system32/drivers/$<TARGET_FILE_NAME:usbport>=$<TARGET_FILE:usbport>
bootcd/reactos/system32/drivers/$<TARGET_FILE_NAME:usbstor>=$<TARGET_FILE:usbstor>
livecd/reactos/system32/drivers/$<TARGET_FILE_NAME:usbstor>=$<TARGET_FILE:usbstor>
livecd/reactos/inf/usbstor.inf=/home/moebius/reactos/output-posix-amd64/drivers/usb/usbstor/usbstor.inf
bootcd/reactos/system32/drivers/$<TARGET_FILE_NAME:usbuhci>=$<TARGET_FILE:usbuhci>
livecd/reactos/system32/drivers/$<TARGET_FILE_NAME:usbuhci>=$<TARGET_FILE:usbuhci>
livecd/reactos/system32/drivers/$<TARGET_FILE_NAME:portcls>=$<TARGET_FILE:portcls>
livecd/reactos/system32/drivers/$<TARGET_FILE_NAME:ac97>=$<TARGET_FILE:ac97>
livecd/reactos/inf/ac97.inf=/home/moebius/reactos/output-posix-amd64/drivers/wdm/audio/drivers/ac97/ac97.inf
livecd/reactos/system32/drivers/$<TARGET_FILE_NAME:cmicontrol>=$<TARGET_FILE:cmicontrol>
livecd/reactos/system32/drivers/$<TARGET_FILE_NAME:cmicpl>=$<TARGET_FILE:cmicpl>
livecd/reactos/system32/drivers/$<TARGET_FILE_NAME:cmipci>=$<TARGET_FILE:cmipci>
livecd/reactos/inf/CM8738-x64.inf=/home/moebius/reactos/drivers/wdm/audio/drivers/CMIDriver/CM8738-x64.inf
livecd/reactos/system32/drivers/$<TARGET_FILE_NAME:drmk>=$<TARGET_FILE:drmk>
livecd/reactos/system32/drivers/$<TARGET_FILE_NAME:kmixer>=$<TARGET_FILE:kmixer>
livecd/reactos/system32/drivers/$<TARGET_FILE_NAME:hdaudbus>=$<TARGET_FILE:hdaudbus>
livecd/reactos/inf/hdaudbus.inf=/home/moebius/reactos/output-posix-amd64/drivers/wdm/audio/hdaudbus/hdaudbus.inf
livecd/reactos/system32/drivers/$<TARGET_FILE_NAME:wdmaud>=$<TARGET_FILE:wdmaud>
livecd/reactos/system32/drivers/$<TARGET_FILE_NAME:sysaudio>=$<TARGET_FILE:sysaudio>
bootcd/reactos/system32/drivers/$<TARGET_FILE_NAME:wmilib>=$<TARGET_FILE:wmilib>
livecd/reactos/system32/drivers/$<TARGET_FILE_NAME:wmilib>=$<TARGET_FILE:wmilib>
bootcd/reactos/system32/$<TARGET_FILE_NAME:hal>=$<TARGET_FILE:hal>
livecd/reactos/system32/$<TARGET_FILE_NAME:hal>=$<TARGET_FILE:hal>
bootcd/reactos/system32/$<TARGET_FILE_NAME:halmp>=$<TARGET_FILE:halmp>
livecd/reactos/system32/$<TARGET_FILE_NAME:halmp>=$<TARGET_FILE:halmp>
livecd/reactos/Fonts/arial.ttf=/home/moebius/reactos/media/fonts/arial.ttf
livecd/reactos/Fonts/arialbd.ttf=/home/moebius/reactos/media/fonts/arialbd.ttf
livecd/reactos/Fonts/arialbi.ttf=/home/moebius/reactos/media/fonts/arialbi.ttf
livecd/reactos/Fonts/ariali.ttf=/home/moebius/reactos/media/fonts/ariali.ttf
livecd/reactos/Fonts/ariblk.ttf=/home/moebius/reactos/media/fonts/ariblk.ttf
livecd/reactos/Fonts/comic.ttf=/home/moebius/reactos/media/fonts/comic.ttf
livecd/reactos/Fonts/comicbd.ttf=/home/moebius/reactos/media/fonts/comicbd.ttf
livecd/reactos/Fonts/cour.ttf=/home/moebius/reactos/media/fonts/cour.ttf
livecd/reactos/Fonts/courbd.ttf=/home/moebius/reactos/media/fonts/courbd.ttf
livecd/reactos/Fonts/courbi.ttf=/home/moebius/reactos/media/fonts/courbi.ttf
livecd/reactos/Fonts/couri.ttf=/home/moebius/reactos/media/fonts/couri.ttf
livecd/reactos/Fonts/framd.ttf=/home/moebius/reactos/media/fonts/framd.ttf
livecd/reactos/Fonts/framdit.ttf=/home/moebius/reactos/media/fonts/framdit.ttf
livecd/reactos/Fonts/FreeSans.ttf=/home/moebius/reactos/media/fonts/FreeSans.ttf
livecd/reactos/Fonts/FreeSansBold.ttf=/home/moebius/reactos/media/fonts/FreeSansBold.ttf
livecd/reactos/Fonts/FreeSansBoldOblique.ttf=/home/moebius/reactos/media/fonts/FreeSansBoldOblique.ttf
livecd/reactos/Fonts/FreeSansOblique.ttf=/home/moebius/reactos/media/fonts/FreeSansOblique.ttf
livecd/reactos/Fonts/FSEX301.ttf=/home/moebius/reactos/media/fonts/FSEX301.ttf
livecd/reactos/Fonts/FSEX301-L2.ttf=/home/moebius/reactos/media/fonts/FSEX301-L2.ttf
livecd/reactos/Fonts/georgia.ttf=/home/moebius/reactos/media/fonts/georgia.ttf
livecd/reactos/Fonts/georgiab.ttf=/home/moebius/reactos/media/fonts/georgiab.ttf
livecd/reactos/Fonts/georgiai.ttf=/home/moebius/reactos/media/fonts/georgiai.ttf
livecd/reactos/Fonts/georgiaz.ttf=/home/moebius/reactos/media/fonts/georgiaz.ttf
livecd/reactos/Fonts/lucon.ttf=/home/moebius/reactos/media/fonts/lucon.ttf
livecd/reactos/Fonts/Marlett.ttf=/home/moebius/reactos/media/fonts/Marlett.ttf
livecd/reactos/Fonts/micross.ttf=/home/moebius/reactos/media/fonts/micross.ttf
livecd/reactos/Fonts/pala.ttf=/home/moebius/reactos/media/fonts/pala.ttf
livecd/reactos/Fonts/palab.ttf=/home/moebius/reactos/media/fonts/palab.ttf
livecd/reactos/Fonts/palabi.ttf=/home/moebius/reactos/media/fonts/palabi.ttf
livecd/reactos/Fonts/palai.ttf=/home/moebius/reactos/media/fonts/palai.ttf
livecd/reactos/Fonts/SourceSansPro-Regular.ttf=/home/moebius/reactos/media/fonts/SourceSansPro-Regular.ttf
livecd/reactos/Fonts/SourceSansPro-Bold.ttf=/home/moebius/reactos/media/fonts/SourceSansPro-Bold.ttf
livecd/reactos/Fonts/SourceSansPro-BoldIt.ttf=/home/moebius/reactos/media/fonts/SourceSansPro-BoldIt.ttf
livecd/reactos/Fonts/SourceSansPro-It.ttf=/home/moebius/reactos/media/fonts/SourceSansPro-It.ttf
livecd/reactos/Fonts/symbol.ttf=/home/moebius/reactos/media/fonts/symbol.ttf
livecd/reactos/Fonts/tahoma.ttf=/home/moebius/reactos/media/fonts/tahoma.ttf
livecd/reactos/Fonts/tahomabd.ttf=/home/moebius/reactos/media/fonts/tahomabd.ttf
livecd/reactos/Fonts/times.ttf=/home/moebius/reactos/media/fonts/times.ttf
livecd/reactos/Fonts/timesbd.ttf=/home/moebius/reactos/media/fonts/timesbd.ttf
livecd/reactos/Fonts/timesbi.ttf=/home/moebius/reactos/media/fonts/timesbi.ttf
livecd/reactos/Fonts/timesi.ttf=/home/moebius/reactos/media/fonts/timesi.ttf
livecd/reactos/Fonts/trebuc.ttf=/home/moebius/reactos/media/fonts/trebuc.ttf
livecd/reactos/Fonts/trebucbd.ttf=/home/moebius/reactos/media/fonts/trebucbd.ttf
livecd/reactos/Fonts/trebucbi.ttf=/home/moebius/reactos/media/fonts/trebucbi.ttf
livecd/reactos/Fonts/trebucit.ttf=/home/moebius/reactos/media/fonts/trebucit.ttf
livecd/reactos/Fonts/UniVGA16.ttf=/home/moebius/reactos/media/fonts/UniVGA16.ttf
livecd/reactos/Fonts/verdanab.ttf=/home/moebius/reactos/media/fonts/verdanab.ttf
livecd/reactos/Fonts/verdanaz.ttf=/home/moebius/reactos/media/fonts/verdanaz.ttf
livecd/reactos/Fonts/verdanai.ttf=/home/moebius/reactos/media/fonts/verdanai.ttf
livecd/reactos/Fonts/verdana.ttf=/home/moebius/reactos/media/fonts/verdana.ttf
livecd/reactos/Fonts/wingding.ttf=/home/moebius/reactos/media/fonts/wingding.ttf
livecd/reactos/inf/audio.inf=/home/moebius/reactos/output-posix-amd64/media/inf/audio.inf
livecd/reactos/inf/battery.inf=/home/moebius/reactos/output-posix-amd64/media/inf/battery.inf
livecd/reactos/inf/bda.inf=/home/moebius/reactos/output-posix-amd64/media/inf/bda.inf
livecd/reactos/inf/bth.inf=/home/moebius/reactos/output-posix-amd64/media/inf/bth.inf
livecd/reactos/inf/c_image.inf=/home/moebius/reactos/output-posix-amd64/media/inf/c_image.inf
livecd/reactos/inf/display.inf=/home/moebius/reactos/output-posix-amd64/media/inf/display.inf
livecd/reactos/inf/fdc.inf=/home/moebius/reactos/output-posix-amd64/media/inf/fdc.inf
livecd/reactos/inf/flpydisk.inf=/home/moebius/reactos/output-posix-amd64/media/inf/flpydisk.inf
livecd/reactos/inf/hal.inf=/home/moebius/reactos/output-posix-amd64/media/inf/hal.inf
livecd/reactos/inf/hdc.inf=/home/moebius/reactos/output-posix-amd64/media/inf/hdc.inf
livecd/reactos/inf/input.inf=/home/moebius/reactos/output-posix-amd64/media/inf/input.inf
livecd/reactos/inf/keyboard.inf=/home/moebius/reactos/output-posix-amd64/media/inf/keyboard.inf
livecd/reactos/inf/ks.inf=/home/moebius/reactos/output-posix-amd64/media/inf/ks.inf
livecd/reactos/inf/kscaptur.inf=/home/moebius/reactos/output-posix-amd64/media/inf/kscaptur.inf
livecd/reactos/inf/legcydrv.inf=/home/moebius/reactos/output-posix-amd64/media/inf/legcydrv.inf
livecd/reactos/inf/machine.inf=/home/moebius/reactos/output-posix-amd64/media/inf/machine.inf
livecd/reactos/inf/monitor.inf=/home/moebius/reactos/output-posix-amd64/media/inf/monitor.inf
livecd/reactos/inf/msmouse.inf=/home/moebius/reactos/output-posix-amd64/media/inf/msmouse.inf
livecd/reactos/inf/ndisuio.inf=/home/moebius/reactos/output-posix-amd64/media/inf/ndisuio.inf
livecd/reactos/inf/NET_NIC.inf=/home/moebius/reactos/output-posix-amd64/media/inf/NET_NIC.inf
livecd/reactos/inf/nettcpip.inf=/home/moebius/reactos/output-posix-amd64/media/inf/nettcpip.inf
livecd/reactos/inf/ports.inf=/home/moebius/reactos/output-posix-amd64/media/inf/ports.inf
livecd/reactos/inf/scsi.inf=/home/moebius/reactos/output-posix-amd64/media/inf/scsi.inf
livecd/reactos/inf/shortcuts.inf=/home/moebius/reactos/output-posix-amd64/media/inf/shortcuts.inf
livecd/reactos/inf/unknown.inf=/home/moebius/reactos/output-posix-amd64/media/inf/unknown.inf
livecd/reactos/inf/usb.inf=/home/moebius/reactos/output-posix-amd64/media/inf/usb.inf
livecd/reactos/inf/usbport.inf=/home/moebius/reactos/output-posix-amd64/media/inf/usbport.inf
livecd/reactos/inf/volume.inf=/home/moebius/reactos/output-posix-amd64/media/inf/volume.inf
livecd/reactos/inf/wdmaudio.inf=/home/moebius/reactos/output-posix-amd64/media/inf/wdmaudio.inf
livecd/reactos/inf/wmiacpi.inf=/home/moebius/reactos/output-posix-amd64/media/inf/wmiacpi.inf
livecd/reactos/inf/defltwk.inf=/home/moebius/reactos/media/inf/defltwk.inf
livecd/reactos/inf/font.inf=/home/moebius/reactos/media/inf/font.inf
livecd/reactos/inf/intl.inf=/home/moebius/reactos/media/inf/intl.inf
livecd/reactos/inf/layout.inf=/home/moebius/reactos/media/inf/layout.inf
livecd/reactos/inf/syssetup.inf=/home/moebius/reactos/media/inf/syssetup.inf
livecd/reactos/system32/c_037.nls=/home/moebius/reactos/output-posix-amd64/media/nls/c_037.nls
livecd/reactos/system32/c_10000.nls=/home/moebius/reactos/output-posix-amd64/media/nls/c_10000.nls
livecd/reactos/system32/c_10001.nls=/home/moebius/reactos/output-posix-amd64/media/nls/c_10001.nls
livecd/reactos/system32/c_10002.nls=/home/moebius/reactos/output-posix-amd64/media/nls/c_10002.nls
livecd/reactos/system32/c_10003.nls=/home/moebius/reactos/output-posix-amd64/media/nls/c_10003.nls
livecd/reactos/system32/c_10004.nls=/home/moebius/reactos/output-posix-amd64/media/nls/c_10004.nls
livecd/reactos/system32/c_10005.nls=/home/moebius/reactos/output-posix-amd64/media/nls/c_10005.nls
livecd/reactos/system32/c_10006.nls=/home/moebius/reactos/output-posix-amd64/media/nls/c_10006.nls
livecd/reactos/system32/c_10007.nls=/home/moebius/reactos/output-posix-amd64/media/nls/c_10007.nls
livecd/reactos/system32/c_10008.nls=/home/moebius/reactos/output-posix-amd64/media/nls/c_10008.nls
livecd/reactos/system32/c_10010.nls=/home/moebius/reactos/output-posix-amd64/media/nls/c_10010.nls
livecd/reactos/system32/c_10017.nls=/home/moebius/reactos/output-posix-amd64/media/nls/c_10017.nls
livecd/reactos/system32/c_10021.nls=/home/moebius/reactos/output-posix-amd64/media/nls/c_10021.nls
livecd/reactos/system32/c_10029.nls=/home/moebius/reactos/output-posix-amd64/media/nls/c_10029.nls
livecd/reactos/system32/c_10079.nls=/home/moebius/reactos/output-posix-amd64/media/nls/c_10079.nls
livecd/reactos/system32/c_10081.nls=/home/moebius/reactos/output-posix-amd64/media/nls/c_10081.nls
livecd/reactos/system32/c_10082.nls=/home/moebius/reactos/output-posix-amd64/media/nls/c_10082.nls
livecd/reactos/system32/c_1006.nls=/home/moebius/reactos/output-posix-amd64/media/nls/c_1006.nls
livecd/reactos/system32/c_1026.nls=/home/moebius/reactos/output-posix-amd64/media/nls/c_1026.nls
livecd/reactos/system32/c_1047.nls=/home/moebius/reactos/output-posix-amd64/media/nls/c_1047.nls
livecd/reactos/system32/c_1140.nls=/home/moebius/reactos/output-posix-amd64/media/nls/c_1140.nls
livecd/reactos/system32/c_1141.nls=/home/moebius/reactos/output-posix-amd64/media/nls/c_1141.nls
livecd/reactos/system32/c_1142.nls=/home/moebius/reactos/output-posix-amd64/media/nls/c_1142.nls
livecd/reactos/system32/c_1143.nls=/home/moebius/reactos/output-posix-amd64/media/nls/c_1143.nls
livecd/reactos/system32/c_1144.nls=/home/moebius/reactos/output-posix-amd64/media/nls/c_1144.nls
livecd/reactos/system32/c_1145.nls=/home/moebius/reactos/output-posix-amd64/media/nls/c_1145.nls
livecd/reactos/system32/c_1146.nls=/home/moebius/reactos/output-posix-amd64/media/nls/c_1146.nls
livecd/reactos/system32/c_1147.nls=/home/moebius/reactos/output-posix-amd64/media/nls/c_1147.nls
livecd/reactos/system32/c_1148.nls=/home/moebius/reactos/output-posix-amd64/media/nls/c_1148.nls
livecd/reactos/system32/c_1149.nls=/home/moebius/reactos/output-posix-amd64/media/nls/c_1149.nls
livecd/reactos/system32/c_1250.nls=/home/moebius/reactos/output-posix-amd64/media/nls/c_1250.nls
livecd/reactos/system32/c_1251.nls=/home/moebius/reactos/output-posix-amd64/media/nls/c_1251.nls
bootcd/reactos/system32/c_1252.nls=/home/moebius/reactos/output-posix-amd64/media/nls/c_1252.nls
livecd/reactos/system32/c_1252.nls=/home/moebius/reactos/output-posix-amd64/media/nls/c_1252.nls
livecd/reactos/system32/c_1253.nls=/home/moebius/reactos/output-posix-amd64/media/nls/c_1253.nls
livecd/reactos/system32/c_1254.nls=/home/moebius/reactos/output-posix-amd64/media/nls/c_1254.nls
livecd/reactos/system32/c_1255.nls=/home/moebius/reactos/output-posix-amd64/media/nls/c_1255.nls
livecd/reactos/system32/c_1256.nls=/home/moebius/reactos/output-posix-amd64/media/nls/c_1256.nls
livecd/reactos/system32/c_1257.nls=/home/moebius/reactos/output-posix-amd64/media/nls/c_1257.nls
livecd/reactos/system32/c_1258.nls=/home/moebius/reactos/output-posix-amd64/media/nls/c_1258.nls
livecd/reactos/system32/c_1361.nls=/home/moebius/reactos/output-posix-amd64/media/nls/c_1361.nls
livecd/reactos/system32/c_20000.nls=/home/moebius/reactos/output-posix-amd64/media/nls/c_20000.nls
livecd/reactos/system32/c_20001.nls=/home/moebius/reactos/output-posix-amd64/media/nls/c_20001.nls
livecd/reactos/system32/c_20002.nls=/home/moebius/reactos/output-posix-amd64/media/nls/c_20002.nls
livecd/reactos/system32/c_20003.nls=/home/moebius/reactos/output-posix-amd64/media/nls/c_20003.nls
livecd/reactos/system32/c_20004.nls=/home/moebius/reactos/output-posix-amd64/media/nls/c_20004.nls
livecd/reactos/system32/c_20005.nls=/home/moebius/reactos/output-posix-amd64/media/nls/c_20005.nls
livecd/reactos/system32/c_20105.nls=/home/moebius/reactos/output-posix-amd64/media/nls/c_20105.nls
livecd/reactos/system32/c_20106.nls=/home/moebius/reactos/output-posix-amd64/media/nls/c_20106.nls
livecd/reactos/system32/c_20107.nls=/home/moebius/reactos/output-posix-amd64/media/nls/c_20107.nls
livecd/reactos/system32/c_20108.nls=/home/moebius/reactos/output-posix-amd64/media/nls/c_20108.nls
livecd/reactos/system32/c_20127.nls=/home/moebius/reactos/output-posix-amd64/media/nls/c_20127.nls
livecd/reactos/system32/c_20261.nls=/home/moebius/reactos/output-posix-amd64/media/nls/c_20261.nls
livecd/reactos/system32/c_20269.nls=/home/moebius/reactos/output-posix-amd64/media/nls/c_20269.nls
livecd/reactos/system32/c_20273.nls=/home/moebius/reactos/output-posix-amd64/media/nls/c_20273.nls
livecd/reactos/system32/c_20277.nls=/home/moebius/reactos/output-posix-amd64/media/nls/c_20277.nls
livecd/reactos/system32/c_20278.nls=/home/moebius/reactos/output-posix-amd64/media/nls/c_20278.nls
livecd/reactos/system32/c_20280.nls=/home/moebius/reactos/output-posix-amd64/media/nls/c_20280.nls
livecd/reactos/system32/c_20284.nls=/home/moebius/reactos/output-posix-amd64/media/nls/c_20284.nls
livecd/reactos/system32/c_20285.nls=/home/moebius/reactos/output-posix-amd64/media/nls/c_20285.nls
livecd/reactos/system32/c_20290.nls=/home/moebius/reactos/output-posix-amd64/media/nls/c_20290.nls
livecd/reactos/system32/c_20297.nls=/home/moebius/reactos/output-posix-amd64/media/nls/c_20297.nls
livecd/reactos/system32/c_20420.nls=/home/moebius/reactos/output-posix-amd64/media/nls/c_20420.nls
livecd/reactos/system32/c_20423.nls=/home/moebius/reactos/output-posix-amd64/media/nls/c_20423.nls
livecd/reactos/system32/c_20424.nls=/home/moebius/reactos/output-posix-amd64/media/nls/c_20424.nls
livecd/reactos/system32/c_20833.nls=/home/moebius/reactos/output-posix-amd64/media/nls/c_20833.nls
livecd/reactos/system32/c_20838.nls=/home/moebius/reactos/output-posix-amd64/media/nls/c_20838.nls
livecd/reactos/system32/c_20866.nls=/home/moebius/reactos/output-posix-amd64/media/nls/c_20866.nls
livecd/reactos/system32/c_20871.nls=/home/moebius/reactos/output-posix-amd64/media/nls/c_20871.nls
livecd/reactos/system32/c_20880.nls=/home/moebius/reactos/output-posix-amd64/media/nls/c_20880.nls
livecd/reactos/system32/c_20905.nls=/home/moebius/reactos/output-posix-amd64/media/nls/c_20905.nls
livecd/reactos/system32/c_20924.nls=/home/moebius/reactos/output-posix-amd64/media/nls/c_20924.nls
livecd/reactos/system32/c_21025.nls=/home/moebius/reactos/output-posix-amd64/media/nls/c_21025.nls
livecd/reactos/system32/c_21027.nls=/home/moebius/reactos/output-posix-amd64/media/nls/c_21027.nls
livecd/reactos/system32/c_21866.nls=/home/moebius/reactos/output-posix-amd64/media/nls/c_21866.nls
livecd/reactos/system32/c_28591.nls=/home/moebius/reactos/output-posix-amd64/media/nls/c_28591.nls
livecd/reactos/system32/c_28592.nls=/home/moebius/reactos/output-posix-amd64/media/nls/c_28592.nls
livecd/reactos/system32/c_28593.nls=/home/moebius/reactos/output-posix-amd64/media/nls/c_28593.nls
livecd/reactos/system32/c_28594.nls=/home/moebius/reactos/output-posix-amd64/media/nls/c_28594.nls
livecd/reactos/system32/c_28595.nls=/home/moebius/reactos/output-posix-amd64/media/nls/c_28595.nls
livecd/reactos/system32/c_28596.nls=/home/moebius/reactos/output-posix-amd64/media/nls/c_28596.nls
livecd/reactos/system32/c_28597.nls=/home/moebius/reactos/output-posix-amd64/media/nls/c_28597.nls
livecd/reactos/system32/c_28598.nls=/home/moebius/reactos/output-posix-amd64/media/nls/c_28598.nls
livecd/reactos/system32/c_28599.nls=/home/moebius/reactos/output-posix-amd64/media/nls/c_28599.nls
livecd/reactos/system32/c_28600.nls=/home/moebius/reactos/output-posix-amd64/media/nls/c_28600.nls
livecd/reactos/system32/c_28603.nls=/home/moebius/reactos/output-posix-amd64/media/nls/c_28603.nls
livecd/reactos/system32/c_28604.nls=/home/moebius/reactos/output-posix-amd64/media/nls/c_28604.nls
livecd/reactos/system32/c_28605.nls=/home/moebius/reactos/output-posix-amd64/media/nls/c_28605.nls
livecd/reactos/system32/c_28606.nls=/home/moebius/reactos/output-posix-amd64/media/nls/c_28606.nls
livecd/reactos/system32/c_29001.nls=/home/moebius/reactos/output-posix-amd64/media/nls/c_29001.nls
livecd/reactos/system32/c_424.nls=/home/moebius/reactos/output-posix-amd64/media/nls/c_424.nls
bootcd/reactos/system32/c_437.nls=/home/moebius/reactos/output-posix-amd64/media/nls/c_437.nls
livecd/reactos/system32/c_437.nls=/home/moebius/reactos/output-posix-amd64/media/nls/c_437.nls
livecd/reactos/system32/c_500.nls=/home/moebius/reactos/output-posix-amd64/media/nls/c_500.nls
livecd/reactos/system32/c_708.nls=/home/moebius/reactos/output-posix-amd64/media/nls/c_708.nls
livecd/reactos/system32/c_720.nls=/home/moebius/reactos/output-posix-amd64/media/nls/c_720.nls
livecd/reactos/system32/c_737.nls=/home/moebius/reactos/output-posix-amd64/media/nls/c_737.nls
livecd/reactos/system32/c_775.nls=/home/moebius/reactos/output-posix-amd64/media/nls/c_775.nls
livecd/reactos/system32/c_850.nls=/home/moebius/reactos/output-posix-amd64/media/nls/c_850.nls
livecd/reactos/system32/c_852.nls=/home/moebius/reactos/output-posix-amd64/media/nls/c_852.nls
livecd/reactos/system32/c_855.nls=/home/moebius/reactos/output-posix-amd64/media/nls/c_855.nls
livecd/reactos/system32/c_857.nls=/home/moebius/reactos/output-posix-amd64/media/nls/c_857.nls
livecd/reactos/system32/c_858.nls=/home/moebius/reactos/output-posix-amd64/media/nls/c_858.nls
livecd/reactos/system32/c_860.nls=/home/moebius/reactos/output-posix-amd64/media/nls/c_860.nls
livecd/reactos/system32/c_861.nls=/home/moebius/reactos/output-posix-amd64/media/nls/c_861.nls
livecd/reactos/system32/c_862.nls=/home/moebius/reactos/output-posix-amd64/media/nls/c_862.nls
livecd/reactos/system32/c_863.nls=/home/moebius/reactos/output-posix-amd64/media/nls/c_863.nls
livecd/reactos/system32/c_864.nls=/home/moebius/reactos/output-posix-amd64/media/nls/c_864.nls
livecd/reactos/system32/c_865.nls=/home/moebius/reactos/output-posix-amd64/media/nls/c_865.nls
livecd/reactos/system32/c_866.nls=/home/moebius/reactos/output-posix-amd64/media/nls/c_866.nls
livecd/reactos/system32/c_869.nls=/home/moebius/reactos/output-posix-amd64/media/nls/c_869.nls
livecd/reactos/system32/c_870.nls=/home/moebius/reactos/output-posix-amd64/media/nls/c_870.nls
livecd/reactos/system32/c_874.nls=/home/moebius/reactos/output-posix-amd64/media/nls/c_874.nls
livecd/reactos/system32/c_875.nls=/home/moebius/reactos/output-posix-amd64/media/nls/c_875.nls
livecd/reactos/system32/c_932.nls=/home/moebius/reactos/output-posix-amd64/media/nls/c_932.nls
livecd/reactos/system32/c_936.nls=/home/moebius/reactos/output-posix-amd64/media/nls/c_936.nls
livecd/reactos/system32/c_949.nls=/home/moebius/reactos/output-posix-amd64/media/nls/c_949.nls
livecd/reactos/system32/c_950.nls=/home/moebius/reactos/output-posix-amd64/media/nls/c_950.nls
bootcd/reactos/system32/l_intl.nls=/home/moebius/reactos/media/nls/l_intl.nls
livecd/reactos/system32/l_intl.nls=/home/moebius/reactos/media/nls/l_intl.nls
livecd/reactos/system32/c_856.nls=/home/moebius/reactos/media/nls/c_856.nls
livecd/reactos/system32/c_878.nls=/home/moebius/reactos/media/nls/c_878.nls
livecd/reactos/system32/ctype.nls=/home/moebius/reactos/media/nls/ctype.nls
livecd/reactos/system32/geo.nls=/home/moebius/reactos/media/nls/geo.nls
livecd/reactos/system32/l_except.nls=/home/moebius/reactos/media/nls/l_except.nls
livecd/reactos/system32/locale.nls=/home/moebius/reactos/media/nls/locale.nls
livecd/reactos/system32/sortkey.nls=/home/moebius/reactos/media/nls/sortkey.nls
livecd/reactos/system32/sorttbls.nls=/home/moebius/reactos/media/nls/sorttbls.nls
livecd/reactos/system32/unicode.nls=/home/moebius/reactos/media/nls/unicode.nls
livecd/reactos/AppPatch/sysmain.sdb=/home/moebius/reactos/output-posix-amd64/media/sdb/sysmain.sdb
livecd/reactos/media/ReactOS_Critical_Stop.wav=/home/moebius/reactos/media/sounds/ReactOS_Critical_Stop.wav
livecd/reactos/media/ReactOS_Startup.wav=/home/moebius/reactos/media/sounds/ReactOS_Startup.wav
livecd/reactos/media/ReactOS_Notify.wav=/home/moebius/reactos/media/sounds/ReactOS_Notify.wav
livecd/reactos/media/ReactOS_Recycle.wav=/home/moebius/reactos/media/sounds/ReactOS_Recycle.wav
livecd/reactos/Resources/Themes/Lautus/$<TARGET_FILE_NAME:lautus.msstyles>=$<TARGET_FILE:lautus.msstyles>
livecd/reactos/Resources/Themes/Lunar/$<TARGET_FILE_NAME:lunar.msstyles>=$<TARGET_FILE:lunar.msstyles>
livecd/reactos/Resources/Themes/Mizu/$<TARGET_FILE_NAME:mizu.msstyles>=$<TARGET_FILE:mizu.msstyles>
livecd/reactos/Resources/Themes/Modern/$<TARGET_FILE_NAME:modern.msstyles>=$<TARGET_FILE:modern.msstyles>
bootcd/reactos/vgafonts.cab=/home/moebius/reactos/output-posix-amd64/media/vgafonts/vgafonts.cab
livecd/reactos/vgafonts.cab=/home/moebius/reactos/output-posix-amd64/media/vgafonts/vgafonts.cab
livecd/reactos/system32/drivers/etc/hosts=/home/moebius/reactos/media/drivers/etc/hosts
livecd/reactos/system32/drivers/etc/KDBinit=/home/moebius/reactos/media/drivers/etc/KDBinit
livecd/reactos/system32/drivers/etc/networks=/home/moebius/reactos/media/drivers/etc/networks
livecd/reactos/system32/drivers/etc/protocol=/home/moebius/reactos/media/drivers/etc/protocol
livecd/reactos/system32/drivers/etc/services=/home/moebius/reactos/media/drivers/etc/services
livecd/reactos/winsxs/manifests/systemcompatible.manifest=/home/moebius/reactos/media/systemcompatible.manifest
bootcd/reactos/system32/$<TARGET_FILE_NAME:ntoskrnl>=$<TARGET_FILE:ntoskrnl>
livecd/reactos/system32/$<TARGET_FILE_NAME:ntoskrnl>=$<TARGET_FILE:ntoskrnl>
bootcd/reactos/system32/$<TARGET_FILE_NAME:ntkrnlmp>=$<TARGET_FILE:ntkrnlmp>
livecd/reactos/system32/$<TARGET_FILE_NAME:ntkrnlmp>=$<TARGET_FILE:ntkrnlmp>
livecd/reactos/system32/$<TARGET_FILE_NAME:csrsrv>=$<TARGET_FILE:csrsrv>
livecd/reactos/system32/$<TARGET_FILE_NAME:csrss>=$<TARGET_FILE:csrss>
livecd/reactos/system32/AUTOEXEC.NT=/home/moebius/reactos/subsystems/mvdm/config/AUTOEXEC.NT
livecd/reactos/repair/AUTOEXEC.NT=/home/moebius/reactos/subsystems/mvdm/config/AUTOEXEC.NT
livecd/reactos/system32/CONFIG.NT=/home/moebius/reactos/subsystems/mvdm/config/CONFIG.NT
livecd/reactos/repair/CONFIG.NT=/home/moebius/reactos/subsystems/mvdm/config/CONFIG.NT
livecd/reactos/system.ini=/home/moebius/reactos/subsystems/mvdm/config/system.ini
livecd/reactos/win.ini=/home/moebius/reactos/subsystems/mvdm/config/win.ini
livecd/reactos/system32/command.com=/home/moebius/reactos/output-posix-amd64/subsystems/mvdm/dos/command.com
livecd/reactos/system32/$<TARGET_FILE_NAME:ntvdm>=$<TARGET_FILE:ntvdm>
livecd/reactos/system32/$<TARGET_FILE_NAME:pifmgr>=$<TARGET_FILE:pifmgr>
livecd/reactos/system32/$<TARGET_FILE_NAME:vdmdbg>=$<TARGET_FILE:vdmdbg>
livecd/reactos/system32/$<TARGET_FILE_NAME:user>=$<TARGET_FILE:user>
livecd/reactos/system32/$<TARGET_FILE_NAME:basesrv>=$<TARGET_FILE:basesrv>
livecd/reactos/system32/$<TARGET_FILE_NAME:framebuf>=$<TARGET_FILE:framebuf>
livecd/reactos/system32/$<TARGET_FILE_NAME:vgaddi>=$<TARGET_FILE:vgaddi>
livecd/reactos/system32/$<TARGET_FILE_NAME:ftfd>=$<TARGET_FILE:ftfd>
livecd/reactos/system32/drivers/$<TARGET_FILE_NAME:bochsmp>=$<TARGET_FILE:bochsmp>
livecd/reactos/inf/bochsmp.inf=/home/moebius/reactos/output-posix-amd64/win32ss/drivers/miniport/bochs/bochsmp.inf
livecd/reactos/system32/drivers/$<TARGET_FILE_NAME:vgapnp>=$<TARGET_FILE:vgapnp>
livecd/reactos/system32/drivers/$<TARGET_FILE_NAME:vga>=$<TARGET_FILE:vga>
livecd/reactos/system32/drivers/$<TARGET_FILE_NAME:videoprt>=$<TARGET_FILE:videoprt>
livecd/reactos/system32/drivers/$<TARGET_FILE_NAME:watchdog>=$<TARGET_FILE:watchdog>
livecd/reactos/system32/$<TARGET_FILE_NAME:gdi32>=$<TARGET_FILE:gdi32>
livecd/reactos/system32/$<TARGET_FILE_NAME:gdi32_vista>=$<TARGET_FILE:gdi32_vista>
livecd/reactos/system32/$<TARGET_FILE_NAME:ntprint>=$<TARGET_FILE:ntprint>
livecd/reactos/system32/$<TARGET_FILE_NAME:printui>=$<TARGET_FILE:printui>
livecd/reactos/system32/$<TARGET_FILE_NAME:spoolss>=$<TARGET_FILE:spoolss>
livecd/reactos/system32/$<TARGET_FILE_NAME:spoolsv>=$<TARGET_FILE:spoolsv>
livecd/reactos/system32/$<TARGET_FILE_NAME:winspool>=$<TARGET_FILE:winspool>
livecd/reactos/system32/$<TARGET_FILE_NAME:localui>=$<TARGET_FILE:localui>
livecd/reactos/system32/$<TARGET_FILE_NAME:localmon>=$<TARGET_FILE:localmon>
livecd/reactos/system32/spool/prtprocs/x64/$<TARGET_FILE_NAME:winprint>=$<TARGET_FILE:winprint>
livecd/reactos/system32/$<TARGET_FILE_NAME:localspl>=$<TARGET_FILE:localspl>
livecd/reactos/system32/drivers/$<TARGET_FILE_NAME:dxapi>=$<TARGET_FILE:dxapi>
livecd/reactos/system32/drivers/$<TARGET_FILE_NAME:dxg>=$<TARGET_FILE:dxg>
livecd/reactos/system32/drivers/$<TARGET_FILE_NAME:dxgthk>=$<TARGET_FILE:dxgthk>
livecd/reactos/system32/$<TARGET_FILE_NAME:imm32>=$<TARGET_FILE:imm32>
livecd/reactos/system32/$<TARGET_FILE_NAME:user32>=$<TARGET_FILE:user32>
livecd/reactos/system32/$<TARGET_FILE_NAME:user32_vista>=$<TARGET_FILE:user32_vista>
livecd/reactos/system32/$<TARGET_FILE_NAME:winsrv>=$<TARGET_FILE:winsrv>
livecd/reactos/system32/$<TARGET_FILE_NAME:win32k>=$<TARGET_FILE:win32k>
bootcd/reactos/registry.inf=/home/moebius/reactos/output-posix-amd64/boot/bootdata/registry.inf
bootcd/reactos/SETUPREG.HIV=/home/moebius/reactos/output-posix-amd64/boot/bootdata/SETUPREG.HIV
livecd/reactos/system32/config/system=/home/moebius/reactos/output-posix-amd64/boot/bootdata/system
livecd/reactos/system32/config/software=/home/moebius/reactos/output-posix-amd64/boot/bootdata/software
livecd/reactos/system32/config/default=/home/moebius/reactos/output-posix-amd64/boot/bootdata/default
livecd/reactos/system32/config/sam=/home/moebius/reactos/output-posix-amd64/boot/bootdata/sam
livecd/reactos/system32/config/security=/home/moebius/reactos/output-posix-amd64/boot/bootdata/security
bootcd/efi/boot/BCD=/home/moebius/reactos/output-posix-amd64/boot/bootdata/BCD
livecd/efi/boot/BCD=/home/moebius/reactos/output-posix-amd64/boot/bootdata/BCD
bootcd/reactos/reactos.cab=/home/moebius/reactos/output-posix-amd64/reactos.cab
livecd/livecd.iso=/home/moebius/reactos/output-posix-amd64/livecd.iso