/home/moebius/reactos/output-posix-amd64/boot/empty
reactos/TEMP=/home/moebius/reactos/output-posix-amd64/boot/empty
Profiles/All Users/Application Data=/home/moebius/reactos/output-posix-amd64/boot/empty
Profiles/All Users/Documents/My Music=/home/moebius/reactos/output-posix-amd64/boot/empty
Profiles/All Users/Documents/My Pictures=/home/moebius/reactos/output-posix-amd64/boot/empty
Profiles/All Users/Documents/My Videos=/home/moebius/reactos/output-posix-amd64/boot/empty
Profiles/All Users/Favorites=/home/moebius/reactos/output-posix-amd64/boot/empty
Profiles/All Users/My Documents=/home/moebius/reactos/output-posix-amd64/boot/empty
Profiles/All Users/Start Menu/Programs/StartUp=/home/moebius/reactos/output-posix-amd64/boot/empty
Profiles/All Users/Templates=/home/moebius/reactos/output-posix-amd64/boot/empty
Profiles/Default User/Application Data=/home/moebius/reactos/output-posix-amd64/boot/empty
Profiles/Default User/Application Data/Microsoft/Internet Explorer/Quick Launch=/home/moebius/reactos/output-posix-amd64/boot/empty
Profiles/Default User/Cookies=/home/moebius/reactos/output-posix-amd64/boot/empty
Profiles/Default User/Desktop=/home/moebius/reactos/output-posix-amd64/boot/empty
Profiles/Default User/Favorites=/home/moebius/reactos/output-posix-amd64/boot/empty
Profiles/Default User/Local Settings/Application Data=/home/moebius/reactos/output-posix-amd64/boot/empty
Profiles/Default User/Local Settings/History=/home/moebius/reactos/output-posix-amd64/boot/empty
Profiles/Default User/Local Settings/Temporary Internet Files=/home/moebius/reactos/output-posix-amd64/boot/empty
Profiles/Default User/My Music=/home/moebius/reactos/output-posix-amd64/boot/empty
Profiles/Default User/My Pictures=/home/moebius/reactos/output-posix-amd64/boot/empty
Profiles/Default User/My Videos=/home/moebius/reactos/output-posix-amd64/boot/empty
Profiles/Default User/NetHood=/home/moebius/reactos/output-posix-amd64/boot/empty
Profiles/Default User/PrintHood=/home/moebius/reactos/output-posix-amd64/boot/empty
Profiles/Default User/Recent=/home/moebius/reactos/output-posix-amd64/boot/empty
Profiles/Default User/SendTo=/home/moebius/reactos/output-posix-amd64/boot/empty
Profiles/Default User/Start Menu/Programs=/home/moebius/reactos/output-posix-amd64/boot/empty
Profiles/Default User/Start Menu/Programs/Administrative Tools=/home/moebius/reactos/output-posix-amd64/boot/empty
Profiles/Default User/Start Menu/Programs/StartUp=/home/moebius/reactos/output-posix-amd64/boot/empty
Profiles/Default User/Templates=/home/moebius/reactos/output-posix-amd64/boot/empty
loader/efisys.bin=/home/moebius/reactos/output-posix-amd64/boot/efisys.bin
efi/boot/bootx64.efi=$<TARGET_FILE:uefildr>
reactos/bin/regtest.cmd=/home/moebius/reactos/boot/bootdata/bootcdregtest/regtest.cmd
/autorun.inf=/home/moebius/reactos/boot/bootdata/autorun-livecd.inf
/icon.ico=/home/moebius/reactos/boot/bootdata/icon.ico
/readme.txt=/home/moebius/reactos/boot/bootdata/readme.txt
reactos/readme.txt=/home/moebius/reactos/boot/bootdata/readme.txt
/freeldr.ini=/home/moebius/reactos/boot/bootdata/livecd.ini
reactos/unattend.inf=/home/moebius/reactos/boot/bootdata/livecd/unattend.inf
Profiles/Default User/My Documents/livecd_start.cmd=/home/moebius/reactos/boot/bootdata/livecd_start.cmd
Profiles/All Users/Desktop/Read Me.lnk=/home/moebius/reactos/output-posix-amd64/boot/bootdata/Read Me.lnk
Profiles/All Users/Desktop/Command Prompt.lnk=/home/moebius/reactos/output-posix-amd64/boot/bootdata/Command Prompt.lnk
Profiles/All Users/Start Menu/Programs/Administrative Tools/Device Manager.lnk=/home/moebius/reactos/output-posix-amd64/boot/bootdata/Device Manager.lnk
Profiles/All Users/Start Menu/Programs/Administrative Tools/Event Viewer.lnk=/home/moebius/reactos/output-posix-amd64/boot/bootdata/Event Viewer.lnk
Profiles/All Users/Start Menu/Programs/Administrative Tools/Service Manager.lnk=/home/moebius/reactos/output-posix-amd64/boot/bootdata/Service Manager.lnk
Profiles/All Users/Start Menu/Programs/Administrative Tools/System Configuration.lnk=/home/moebius/reactos/output-posix-amd64/boot/bootdata/System Configuration.lnk
Profiles/All Users/Start Menu/Programs/Accessories/Accessibility/Accessibility Utility Manager.lnk=/home/moebius/reactos/output-posix-amd64/boot/bootdata/Accessibility Utility Manager.lnk
Profiles/All Users/Start Menu/Programs/Accessories/Accessibility/Magnify.lnk=/home/moebius/reactos/output-posix-amd64/boot/bootdata/Magnify.lnk
Profiles/All Users/Start Menu/Programs/Accessories/Accessibility/On-Screen Keyboard.lnk=/home/moebius/reactos/output-posix-amd64/boot/bootdata/On-Screen Keyboard.lnk
Profiles/All Users/Start Menu/Programs/Accessories/Communications/Remote Desktop Connection.lnk=/home/moebius/reactos/output-posix-amd64/boot/bootdata/Remote Desktop Connection.lnk
Profiles/All Users/Start Menu/Programs/Accessories/Entertainment/Multimedia Player.lnk=/home/moebius/reactos/output-posix-amd64/boot/bootdata/Multimedia Player.lnk
Profiles/All Users/Start Menu/Programs/Accessories/Entertainment/Sound Recorder.lnk=/home/moebius/reactos/output-posix-amd64/boot/bootdata/Sound Recorder.lnk
Profiles/All Users/Start Menu/Programs/Accessories/Entertainment/Volume Control.lnk=/home/moebius/reactos/output-posix-amd64/boot/bootdata/Volume Control.lnk
Profiles/All Users/Start Menu/Programs/Accessories/System Tools/Character Map.lnk=/home/moebius/reactos/output-posix-amd64/boot/bootdata/Character Map.lnk
Profiles/All Users/Start Menu/Programs/Accessories/System Tools/Clipboard Viewer.lnk=/home/moebius/reactos/output-posix-amd64/boot/bootdata/Clipboard Viewer.lnk
Profiles/All Users/Start Menu/Programs/Accessories/System Tools/Keyboard Layout Switcher.lnk=/home/moebius/reactos/output-posix-amd64/boot/bootdata/Keyboard Layout Switcher.lnk
Profiles/All Users/Start Menu/Programs/Accessories/System Tools/ReactX Diagnostic.lnk=/home/moebius/reactos/output-posix-amd64/boot/bootdata/ReactX Diagnostic.lnk
Profiles/All Users/Start Menu/Programs/Accessories/System Tools/Registry Editor.lnk=/home/moebius/reactos/output-posix-amd64/boot/bootdata/Registry Editor.lnk
Profiles/All Users/Start Menu/Programs/Accessories/System Tools/Task Manager.lnk=/home/moebius/reactos/output-posix-amd64/boot/bootdata/Task Manager.lnk
Profiles/All Users/Start Menu/Programs/Accessories/Calculator.lnk=/home/moebius/reactos/output-posix-amd64/boot/bootdata/Calculator.lnk
Profiles/All Users/Start Menu/Programs/Accessories/Command Prompt.lnk=/home/moebius/reactos/output-posix-amd64/boot/bootdata/Command Prompt.lnk
Profiles/All Users/Start Menu/Programs/Accessories/Paint.lnk=/home/moebius/reactos/output-posix-amd64/boot/bootdata/Paint.lnk
Profiles/All Users/Start Menu/Programs/Accessories/Notepad.lnk=/home/moebius/reactos/output-posix-amd64/boot/bootdata/Notepad.lnk
Profiles/All Users/Start Menu/Programs/Accessories/WordPad.lnk=/home/moebius/reactos/output-posix-amd64/boot/bootdata/WordPad.lnk
Profiles/All Users/Start Menu/Programs/Games/Solitaire.lnk=/home/moebius/reactos/output-posix-amd64/boot/bootdata/Solitaire.lnk
Profiles/All Users/Start Menu/Programs/Games/Spider Solitaire.lnk=/home/moebius/reactos/output-posix-amd64/boot/bootdata/Spider Solitaire.lnk
Profiles/All Users/Start Menu/Programs/Games/WineMine.lnk=/home/moebius/reactos/output-posix-amd64/boot/bootdata/WineMine.lnk
Profiles/All Users/Start Menu/Programs/ReactOS Explorer.lnk=/home/moebius/reactos/output-posix-amd64/boot/bootdata/ReactOS Explorer.lnk
Profiles/Default User/Application Data/Microsoft/Internet Explorer/Quick Launch/Command Prompt.lnk=/home/moebius/reactos/output-posix-amd64/boot/bootdata/Command Prompt.lnk
Profiles/Default User/Application Data/Microsoft/Internet Explorer/Quick Launch/ReactOS Explorer.lnk=/home/moebius/reactos/output-posix-amd64/boot/bootdata/ReactOS Explorer.lnk
loader/isoboot.bin=/home/moebius/reactos/output-posix-amd64/boot/freeldr/bootsect/isoboot.bin
loader/freeldr.sys=/home/moebius/reactos/output-posix-amd64/boot/freeldr/freeldr/freeldr.sys
loader/$<TARGET_FILE_NAME:installfreeldr>=$<TARGET_FILE:installfreeldr>
reactos/system32/$<TARGET_FILE_NAME:atactl>=$<TARGET_FILE:atactl>
reactos/system32/$<TARGET_FILE_NAME:cacls>=$<TARGET_FILE:cacls>
reactos/system32/$<TARGET_FILE_NAME:calc>=$<TARGET_FILE:calc>
reactos/system32/$<TARGET_FILE_NAME:charmap>=$<TARGET_FILE:charmap>
reactos/system32/$<TARGET_FILE_NAME:cleanmgr>=$<TARGET_FILE:cleanmgr>
reactos/system32/$<TARGET_FILE_NAME:clipbrd>=$<TARGET_FILE:clipbrd>
reactos/system32/$<TARGET_FILE_NAME:at>=$<TARGET_FILE:at>
reactos/system32/$<TARGET_FILE_NAME:attrib>=$<TARGET_FILE:attrib>
reactos/system32/$<TARGET_FILE_NAME:certutil>=$<TARGET_FILE:certutil>
reactos/system32/$<TARGET_FILE_NAME:chcp>=$<TARGET_FILE:chcp>
reactos/system32/$<TARGET_FILE_NAME:clip>=$<TARGET_FILE:clip>
reactos/system32/$<TARGET_FILE_NAME:comp>=$<TARGET_FILE:comp>
reactos/system32/$<TARGET_FILE_NAME:cscript>=$<TARGET_FILE:cscript>
reactos/system32/$<TARGET_FILE_NAME:dbgprint>=$<TARGET_FILE:dbgprint>
reactos/system32/$<TARGET_FILE_NAME:doskey>=$<TARGET_FILE:doskey>
reactos/system32/$<TARGET_FILE_NAME:eventcreate>=$<TARGET_FILE:eventcreate>
reactos/system32/$<TARGET_FILE_NAME:fc>=$<TARGET_FILE:fc>
reactos/system32/$<TARGET_FILE_NAME:find>=$<TARGET_FILE:find>
reactos/system32/$<TARGET_FILE_NAME:fsutil>=$<TARGET_FILE:fsutil>
reactos/system32/$<TARGET_FILE_NAME:cmd_help>=$<TARGET_FILE:cmd_help>
reactos/system32/$<TARGET_FILE_NAME:hostname>=$<TARGET_FILE:hostname>
reactos/system32/$<TARGET_FILE_NAME:label>=$<TARGET_FILE:label>
reactos/system32/$<TARGET_FILE_NAME:lodctr>=$<TARGET_FILE:lodctr>
reactos/system32/$<TARGET_FILE_NAME:mode>=$<TARGET_FILE:mode>
reactos/system32/wbem/$<TARGET_FILE_NAME:mofcomp>=$<TARGET_FILE:mofcomp>
reactos/system32/$<TARGET_FILE_NAME:more>=$<TARGET_FILE:more>
reactos/system32/$<TARGET_FILE_NAME:reg>=$<TARGET_FILE:reg>
reactos/system32/$<TARGET_FILE_NAME:replace>=$<TARGET_FILE:replace>
reactos/system32/$<TARGET_FILE_NAME:schtasks>=$<TARGET_FILE:schtasks>
reactos/system32/$<TARGET_FILE_NAME:sort>=$<TARGET_FILE:sort>
reactos/system32/$<TARGET_FILE_NAME:taskkill>=$<TARGET_FILE:taskkill>
reactos/system32/$<TARGET_FILE_NAME:tasklist>=$<TARGET_FILE:tasklist>
reactos/system32/$<TARGET_FILE_NAME:timeout>=$<TARGET_FILE:timeout>
reactos/system32/$<TARGET_FILE_NAME:tree>=$<TARGET_FILE:tree>
reactos/system32/$<TARGET_FILE_NAME:where>=$<TARGET_FILE:where>
reactos/system32/$<TARGET_FILE_NAME:whoami>=$<TARGET_FILE:whoami>
reactos/system32/wbem/$<TARGET_FILE_NAME:wmic>=$<TARGET_FILE:wmic>
reactos/system32/$<TARGET_FILE_NAME:wscript>=$<TARGET_FILE:wscript>
reactos/system32/$<TARGET_FILE_NAME:xcopy>=$<TARGET_FILE:xcopy>
reactos/system32/$<TARGET_FILE_NAME:control>=$<TARGET_FILE:control>
reactos/system32/$<TARGET_FILE_NAME:drwtsn32>=$<TARGET_FILE:drwtsn32>
reactos/system32/$<TARGET_FILE_NAME:dxdiag>=$<TARGET_FILE:dxdiag>
reactos/system32/$<TARGET_FILE_NAME:extrac32>=$<TARGET_FILE:extrac32>
reactos/system32/$<TARGET_FILE_NAME:findstr>=$<TARGET_FILE:findstr>
reactos/system32/$<TARGET_FILE_NAME:fltmc>=$<TARGET_FILE:fltmc>
reactos/system32/$<TARGET_FILE_NAME:fontview>=$<TARGET_FILE:fontview>
reactos/system32/$<TARGET_FILE_NAME:sol>=$<TARGET_FILE:sol>
reactos/system32/$<TARGET_FILE_NAME:spider>=$<TARGET_FILE:spider>
reactos/system32/$<TARGET_FILE_NAME:winmine>=$<TARGET_FILE:winmine>
reactos/$<TARGET_FILE_NAME:hh>=$<TARGET_FILE:hh>
reactos/$<TARGET_FILE_NAME:iexplore>=$<TARGET_FILE:iexplore>
reactos/system32/$<TARGET_FILE_NAME:kbswitch>=$<TARGET_FILE:kbswitch>
reactos/system32/$<TARGET_FILE_NAME:indicdll>=$<TARGET_FILE:indicdll>
reactos/system32/$<TARGET_FILE_NAME:logoff>=$<TARGET_FILE:logoff>
reactos/system32/$<TARGET_FILE_NAME:magnify>=$<TARGET_FILE:magnify>
reactos/system32/$<TARGET_FILE_NAME:mmc>=$<TARGET_FILE:mmc>
reactos/system32/$<TARGET_FILE_NAME:mplay32>=$<TARGET_FILE:mplay32>
reactos/system32/$<TARGET_FILE_NAME:msconfig>=$<TARGET_FILE:msconfig>
reactos/system32/$<TARGET_FILE_NAME:devmgmt>=$<TARGET_FILE:devmgmt>
reactos/system32/$<TARGET_FILE_NAME:eventvwr>=$<TARGET_FILE:eventvwr>
reactos/system32/$<TARGET_FILE_NAME:servman>=$<TARGET_FILE:servman>
reactos/system32/$<TARGET_FILE_NAME:mshta>=$<TARGET_FILE:mshta>
reactos/system32/$<TARGET_FILE_NAME:mspaint>=$<TARGET_FILE:mspaint>
reactos/system32/$<TARGET_FILE_NAME:mstsc>=$<TARGET_FILE:mstsc>
reactos/system32/$<TARGET_FILE_NAME:arp>=$<TARGET_FILE:arp>
reactos/system32/$<TARGET_FILE_NAME:dwnl>=$<TARGET_FILE:dwnl>
reactos/system32/$<TARGET_FILE_NAME:finger>=$<TARGET_FILE:finger>
reactos/system32/$<TARGET_FILE_NAME:ftp>=$<TARGET_FILE:ftp>
reactos/system32/$<TARGET_FILE_NAME:ipconfig>=$<TARGET_FILE:ipconfig>
reactos/system32/$<TARGET_FILE_NAME:net>=$<TARGET_FILE:net>
reactos/system32/$<TARGET_FILE_NAME:netsh>=$<TARGET_FILE:netsh>
reactos/system32/$<TARGET_FILE_NAME:netstat>=$<TARGET_FILE:netstat>
reactos/system32/$<TARGET_FILE_NAME:nslookup>=$<TARGET_FILE:nslookup>
reactos/system32/$<TARGET_FILE_NAME:ping>=$<TARGET_FILE:ping>
reactos/system32/$<TARGET_FILE_NAME:route>=$<TARGET_FILE:route>
reactos/system32/$<TARGET_FILE_NAME:telnet>=$<TARGET_FILE:telnet>
reactos/system32/$<TARGET_FILE_NAME:tracert>=$<TARGET_FILE:tracert>
reactos/system32/$<TARGET_FILE_NAME:whois>=$<TARGET_FILE:whois>
reactos/system32/$<TARGET_FILE_NAME:wlanconf>=$<TARGET_FILE:wlanconf>
reactos/$<TARGET_FILE_NAME:notepad>=$<TARGET_FILE:notepad>
reactos/system32/$<TARGET_FILE_NAME:notepad>=$<TARGET_FILE:notepad>
reactos/system32/$<TARGET_FILE_NAME:osk>=$<TARGET_FILE:osk>
reactos/system32/$<TARGET_FILE_NAME:rapps>=$<TARGET_FILE:rapps>
reactos/system32/$<TARGET_FILE_NAME:rapps.com>=$<TARGET_FILE:rapps.com>
reactos/$<TARGET_FILE_NAME:regedit>=$<TARGET_FILE:regedit>
reactos/system32/$<TARGET_FILE_NAME:clb>=$<TARGET_FILE:clb>
reactos/system32/$<TARGET_FILE_NAME:regedt32>=$<TARGET_FILE:regedt32>
reactos/system32/$<TARGET_FILE_NAME:runas>=$<TARGET_FILE:runas>
reactos/system32/$<TARGET_FILE_NAME:sc>=$<TARGET_FILE:sc>
reactos/system32/$<TARGET_FILE_NAME:3dtext>=$<TARGET_FILE:3dtext>
reactos/system32/$<TARGET_FILE_NAME:logon>=$<TARGET_FILE:logon>
reactos/system32/$<TARGET_FILE_NAME:sdbinst>=$<TARGET_FILE:sdbinst>
reactos/system32/$<TARGET_FILE_NAME:setup16>=$<TARGET_FILE:setup16>
reactos/system32/$<TARGET_FILE_NAME:shutdown>=$<TARGET_FILE:shutdown>
reactos/system32/$<TARGET_FILE_NAME:sndrec32>=$<TARGET_FILE:sndrec32>
reactos/system32/$<TARGET_FILE_NAME:sndvol32>=$<TARGET_FILE:sndvol32>
reactos/system32/$<TARGET_FILE_NAME:taskmgr>=$<TARGET_FILE:taskmgr>
reactos/system32/$<TARGET_FILE_NAME:utilman>=$<TARGET_FILE:utilman>
reactos/system32/$<TARGET_FILE_NAME:umandlg>=$<TARGET_FILE:umandlg>
reactos/$<TARGET_FILE_NAME:winhlp32>=$<TARGET_FILE:winhlp32>
reactos/system32/$<TARGET_FILE_NAME:winver>=$<TARGET_FILE:winver>
reactos/system32/$<TARGET_FILE_NAME:wordpad>=$<TARGET_FILE:wordpad>
reactos/system32/$<TARGET_FILE_NAME:write>=$<TARGET_FILE:write>
reactos/system32/$<TARGET_FILE_NAME:wusa>=$<TARGET_FILE:wusa>
reactos/system32/$<TARGET_FILE_NAME:ctfmon>=$<TARGET_FILE:ctfmon>
reactos/system32/$<TARGET_FILE_NAME:msctf>=$<TARGET_FILE:msctf>
reactos/system32/$<TARGET_FILE_NAME:msctfime>=$<TARGET_FILE:msctfime>
reactos/system32/$<TARGET_FILE_NAME:msutb>=$<TARGET_FILE:msutb>
reactos/system32/$<TARGET_FILE_NAME:audiosrv>=$<TARGET_FILE:audiosrv>
reactos/system32/$<TARGET_FILE_NAME:browser>=$<TARGET_FILE:browser>
reactos/system32/$<TARGET_FILE_NAME:dcomlaunch>=$<TARGET_FILE:dcomlaunch>
reactos/system32/$<TARGET_FILE_NAME:dhcpcsvc>=$<TARGET_FILE:dhcpcsvc>
reactos/system32/$<TARGET_FILE_NAME:dnsrslvr>=$<TARGET_FILE:dnsrslvr>
reactos/system32/$<TARGET_FILE_NAME:eventlog>=$<TARGET_FILE:eventlog>
reactos/system32/$<TARGET_FILE_NAME:netlogon>=$<TARGET_FILE:netlogon>
reactos/system32/$<TARGET_FILE_NAME:nfsd>=$<TARGET_FILE:nfsd>
reactos/system32/drivers/etc/netconfig=/home/moebius/reactos/base/services/nfsd/netconfig
reactos/system32/drivers/etc/ms-nfs41-idmap.conf=/home/moebius/reactos/base/services/nfsd/ms-nfs41-idmap.conf
reactos/system32/$<TARGET_FILE_NAME:rpcss>=$<TARGET_FILE:rpcss>
reactos/system32/$<TARGET_FILE_NAME:schedsvc>=$<TARGET_FILE:schedsvc>
reactos/system32/$<TARGET_FILE_NAME:seclogon>=$<TARGET_FILE:seclogon>
reactos/system32/$<TARGET_FILE_NAME:shsvcs>=$<TARGET_FILE:shsvcs>
reactos/system32/$<TARGET_FILE_NAME:srvsvc>=$<TARGET_FILE:srvsvc>
reactos/system32/$<TARGET_FILE_NAME:svchost>=$<TARGET_FILE:svchost>
reactos/system32/$<TARGET_FILE_NAME:tcpsvcs>=$<TARGET_FILE:tcpsvcs>
reactos/system32/drivers/etc/quotes=/home/moebius/reactos/base/services/tcpsvcs/quotes
reactos/system32/$<TARGET_FILE_NAME:telnetd>=$<TARGET_FILE:telnetd>
reactos/system32/$<TARGET_FILE_NAME:tftpd>=$<TARGET_FILE:tftpd>
reactos/system32/$<TARGET_FILE_NAME:umpnpmgr>=$<TARGET_FILE:umpnpmgr>
reactos/system32/$<TARGET_FILE_NAME:w32time>=$<TARGET_FILE:w32time>
reactos/system32/$<TARGET_FILE_NAME:wkssvc>=$<TARGET_FILE:wkssvc>
reactos/system32/$<TARGET_FILE_NAME:wlansvc>=$<TARGET_FILE:wlansvc>
reactos/system32/wbem/$<TARGET_FILE_NAME:wmisvc>=$<TARGET_FILE:wmisvc>
reactos/system32/$<TARGET_FILE_NAME:wuauserv>=$<TARGET_FILE:wuauserv>
reactos/system32/$<TARGET_FILE_NAME:setup>=$<TARGET_FILE:setup>
reactos/system32/$<TARGET_FILE_NAME:cmd>=$<TARGET_FILE:cmd>
reactos/$<TARGET_FILE_NAME:explorer>=$<TARGET_FILE:explorer>
reactos/$<TARGET_FILE_NAME:filebrowser>=$<TARGET_FILE:filebrowser>
reactos/system32/$<TARGET_FILE_NAME:progman>=$<TARGET_FILE:progman>
reactos/system32/$<TARGET_FILE_NAME:autochk>=$<TARGET_FILE:autochk>
reactos/system32/$<TARGET_FILE_NAME:bootok>=$<TARGET_FILE:bootok>
reactos/system32/$<TARGET_FILE_NAME:chkdsk>=$<TARGET_FILE:chkdsk>
reactos/system32/$<TARGET_FILE_NAME:diskpart>=$<TARGET_FILE:diskpart>
reactos/system32/$<TARGET_FILE_NAME:dllhost>=$<TARGET_FILE:dllhost>
reactos/system32/$<TARGET_FILE_NAME:expand>=$<TARGET_FILE:expand>
reactos/system32/$<TARGET_FILE_NAME:format>=$<TARGET_FILE:format>
reactos/system32/$<TARGET_FILE_NAME:logonui>=$<TARGET_FILE:logonui>
reactos/system32/$<TARGET_FILE_NAME:lsass>=$<TARGET_FILE:lsass>
reactos/system32/$<TARGET_FILE_NAME:msiexec>=$<TARGET_FILE:msiexec>
reactos/system32/$<TARGET_FILE_NAME:regsvr32>=$<TARGET_FILE:regsvr32>
reactos/system32/$<TARGET_FILE_NAME:rundll32>=$<TARGET_FILE:rundll32>
reactos/system32/$<TARGET_FILE_NAME:runonce>=$<TARGET_FILE:runonce>
reactos/system32/$<TARGET_FILE_NAME:services>=$<TARGET_FILE:services>
reactos/system32/$<TARGET_FILE_NAME:smss>=$<TARGET_FILE:smss>
reactos/system32/$<TARGET_FILE_NAME:subst>=$<TARGET_FILE:subst>
reactos/system32/$<TARGET_FILE_NAME:userinit>=$<TARGET_FILE:userinit>
reactos/system32/$<TARGET_FILE_NAME:winlogon>=$<TARGET_FILE:winlogon>
reactos/system32/$<TARGET_FILE_NAME:dxtn>=$<TARGET_FILE:dxtn>
reactos/system32/$<TARGET_FILE_NAME:libjpeg>=$<TARGET_FILE:libjpeg>
reactos/system32/$<TARGET_FILE_NAME:libpng>=$<TARGET_FILE:libpng>
reactos/system32/$<TARGET_FILE_NAME:libtiff>=$<TARGET_FILE:libtiff>
reactos/system32/$<TARGET_FILE_NAME:libtirpc>=$<TARGET_FILE:libtirpc>
reactos/system32/$<TARGET_FILE_NAME:libxslt>=$<TARGET_FILE:libxslt>
reactos/system32/$<TARGET_FILE_NAME:mbedtls>=$<TARGET_FILE:mbedtls>
reactos/system32/$<TARGET_FILE_NAME:apphelp>=$<TARGET_FILE:apphelp>
reactos/AppPatch/$<TARGET_FILE_NAME:acgenral>=$<TARGET_FILE:acgenral>
reactos/AppPatch/$<TARGET_FILE_NAME:aclayers>=$<TARGET_FILE:aclayers>
reactos/system32/$<TARGET_FILE_NAME:access>=$<TARGET_FILE:access>
reactos/system32/$<TARGET_FILE_NAME:appwiz>=$<TARGET_FILE:appwiz>
reactos/system32/$<TARGET_FILE_NAME:console>=$<TARGET_FILE:console>
reactos/system32/$<TARGET_FILE_NAME:desk>=$<TARGET_FILE:desk>
reactos/system32/$<TARGET_FILE_NAME:hdwwiz>=$<TARGET_FILE:hdwwiz>
reactos/system32/$<TARGET_FILE_NAME:hotplug>=$<TARGET_FILE:hotplug>
reactos/system32/$<TARGET_FILE_NAME:inetcpl>=$<TARGET_FILE:inetcpl>
reactos/system32/$<TARGET_FILE_NAME:input>=$<TARGET_FILE:input>
reactos/system32/$<TARGET_FILE_NAME:intl>=$<TARGET_FILE:intl>
reactos/system32/$<TARGET_FILE_NAME:joy>=$<TARGET_FILE:joy>
reactos/system32/$<TARGET_FILE_NAME:main>=$<TARGET_FILE:main>
reactos/system32/$<TARGET_FILE_NAME:mmsys>=$<TARGET_FILE:mmsys>
reactos/system32/$<TARGET_FILE_NAME:ncpa>=$<TARGET_FILE:ncpa>
reactos/system32/$<TARGET_FILE_NAME:odbccp32i>=$<TARGET_FILE:odbccp32i>
reactos/system32/$<TARGET_FILE_NAME:openglcfg>=$<TARGET_FILE:openglcfg>
reactos/system32/$<TARGET_FILE_NAME:powercfg>=$<TARGET_FILE:powercfg>
reactos/system32/$<TARGET_FILE_NAME:sysdm>=$<TARGET_FILE:sysdm>
reactos/system32/$<TARGET_FILE_NAME:telephon>=$<TARGET_FILE:telephon>
reactos/system32/$<TARGET_FILE_NAME:timedate>=$<TARGET_FILE:timedate>
reactos/system32/$<TARGET_FILE_NAME:usrmgr>=$<TARGET_FILE:usrmgr>
reactos/system32/$<TARGET_FILE_NAME:wined3dcfg>=$<TARGET_FILE:wined3dcfg>
reactos/system32/$<TARGET_FILE_NAME:d3d8thk>=$<TARGET_FILE:d3d8thk>
reactos/system32/$<TARGET_FILE_NAME:ksuser>=$<TARGET_FILE:ksuser>
reactos/system32/$<TARGET_FILE_NAME:amstream>=$<TARGET_FILE:amstream>
reactos/system32/$<TARGET_FILE_NAME:d3d8>=$<TARGET_FILE:d3d8>
reactos/system32/$<TARGET_FILE_NAME:d3d9>=$<TARGET_FILE:d3d9>
reactos/system32/$<TARGET_FILE_NAME:d3dcompiler_43>=$<TARGET_FILE:d3dcompiler_43>
reactos/system32/$<TARGET_FILE_NAME:d3drm>=$<TARGET_FILE:d3drm>
reactos/system32/$<TARGET_FILE_NAME:d3dx9_24>=$<TARGET_FILE:d3dx9_24>
reactos/system32/$<TARGET_FILE_NAME:d3dx9_25>=$<TARGET_FILE:d3dx9_25>
reactos/system32/$<TARGET_FILE_NAME:d3dx9_26>=$<TARGET_FILE:d3dx9_26>
reactos/system32/$<TARGET_FILE_NAME:d3dx9_27>=$<TARGET_FILE:d3dx9_27>
reactos/system32/$<TARGET_FILE_NAME:d3dx9_28>=$<TARGET_FILE:d3dx9_28>
reactos/system32/$<TARGET_FILE_NAME:d3dx9_29>=$<TARGET_FILE:d3dx9_29>
reactos/system32/$<TARGET_FILE_NAME:d3dx9_30>=$<TARGET_FILE:d3dx9_30>
reactos/system32/$<TARGET_FILE_NAME:d3dx9_31>=$<TARGET_FILE:d3dx9_31>
reactos/system32/$<TARGET_FILE_NAME:d3dx9_32>=$<TARGET_FILE:d3dx9_32>
reactos/system32/$<TARGET_FILE_NAME:d3dx9_33>=$<TARGET_FILE:d3dx9_33>
reactos/system32/$<TARGET_FILE_NAME:d3dx9_34>=$<TARGET_FILE:d3dx9_34>
reactos/system32/$<TARGET_FILE_NAME:d3dx9_35>=$<TARGET_FILE:d3dx9_35>
reactos/system32/$<TARGET_FILE_NAME:d3dx9_36>=$<TARGET_FILE:d3dx9_36>
reactos/system32/$<TARGET_FILE_NAME:d3dx9_37>=$<TARGET_FILE:d3dx9_37>
reactos/system32/$<TARGET_FILE_NAME:d3dx9_38>=$<TARGET_FILE:d3dx9_38>
reactos/system32/$<TARGET_FILE_NAME:d3dx9_39>=$<TARGET_FILE:d3dx9_39>
reactos/system32/$<TARGET_FILE_NAME:d3dx9_40>=$<TARGET_FILE:d3dx9_40>
reactos/system32/$<TARGET_FILE_NAME:d3dx9_41>=$<TARGET_FILE:d3dx9_41>
reactos/system32/$<TARGET_FILE_NAME:d3dx9_42>=$<TARGET_FILE:d3dx9_42>
reactos/system32/$<TARGET_FILE_NAME:d3dx9_43>=$<TARGET_FILE:d3dx9_43>
reactos/system32/$<TARGET_FILE_NAME:d3dxof>=$<TARGET_FILE:d3dxof>
reactos/system32/$<TARGET_FILE_NAME:ddraw>=$<TARGET_FILE:ddraw>
reactos/system32/$<TARGET_FILE_NAME:devenum>=$<TARGET_FILE:devenum>
reactos/system32/$<TARGET_FILE_NAME:dinput>=$<TARGET_FILE:dinput>
reactos/system32/$<TARGET_FILE_NAME:dinput8>=$<TARGET_FILE:dinput8>
reactos/system32/$<TARGET_FILE_NAME:dmusic>=$<TARGET_FILE:dmusic>
reactos/system32/$<TARGET_FILE_NAME:dplay>=$<TARGET_FILE:dplay>
reactos/system32/$<TARGET_FILE_NAME:dplayx>=$<TARGET_FILE:dplayx>
reactos/system32/$<TARGET_FILE_NAME:dpnhpast>=$<TARGET_FILE:dpnhpast>
reactos/system32/$<TARGET_FILE_NAME:dsound>=$<TARGET_FILE:dsound>
reactos/system32/$<TARGET_FILE_NAME:dxdiagn>=$<TARGET_FILE:dxdiagn>
reactos/system32/$<TARGET_FILE_NAME:msdmo>=$<TARGET_FILE:msdmo>
reactos/system32/$<TARGET_FILE_NAME:qcap>=$<TARGET_FILE:qcap>
reactos/system32/$<TARGET_FILE_NAME:qedit>=$<TARGET_FILE:qedit>
reactos/system32/$<TARGET_FILE_NAME:quartz>=$<TARGET_FILE:quartz>
reactos/system32/$<TARGET_FILE_NAME:d3dwine>=$<TARGET_FILE:d3dwine>
reactos/system32/$<TARGET_FILE_NAME:kbda1>=$<TARGET_FILE:kbda1>
reactos/system32/$<TARGET_FILE_NAME:kbda2>=$<TARGET_FILE:kbda2>
reactos/system32/$<TARGET_FILE_NAME:kbda3>=$<TARGET_FILE:kbda3>
reactos/system32/$<TARGET_FILE_NAME:kbdal>=$<TARGET_FILE:kbdal>
reactos/system32/$<TARGET_FILE_NAME:kbdarme>=$<TARGET_FILE:kbdarme>
reactos/system32/$<TARGET_FILE_NAME:kbdarmw>=$<TARGET_FILE:kbdarmw>
reactos/system32/$<TARGET_FILE_NAME:kbdaze>=$<TARGET_FILE:kbdaze>
reactos/system32/$<TARGET_FILE_NAME:kbdazel>=$<TARGET_FILE:kbdazel>
reactos/system32/$<TARGET_FILE_NAME:kbdbe>=$<TARGET_FILE:kbdbe>
reactos/system32/$<TARGET_FILE_NAME:kbdbga>=$<TARGET_FILE:kbdbga>
reactos/system32/$<TARGET_FILE_NAME:kbdbgt>=$<TARGET_FILE:kbdbgt>
reactos/system32/$<TARGET_FILE_NAME:kbdblr>=$<TARGET_FILE:kbdblr>
reactos/system32/$<TARGET_FILE_NAME:kbdbr>=$<TARGET_FILE:kbdbr>
reactos/system32/$<TARGET_FILE_NAME:kbdbu>=$<TARGET_FILE:kbdbu>
reactos/system32/$<TARGET_FILE_NAME:kbdbur>=$<TARGET_FILE:kbdbur>
reactos/system32/$<TARGET_FILE_NAME:kbdcan>=$<TARGET_FILE:kbdcan>
reactos/system32/$<TARGET_FILE_NAME:kbdcr>=$<TARGET_FILE:kbdcr>
reactos/system32/$<TARGET_FILE_NAME:kbdcz>=$<TARGET_FILE:kbdcz>
reactos/system32/$<TARGET_FILE_NAME:kbdcz1>=$<TARGET_FILE:kbdcz1>
reactos/system32/$<TARGET_FILE_NAME:kbdda>=$<TARGET_FILE:kbdda>
reactos/system32/$<TARGET_FILE_NAME:kbddv>=$<TARGET_FILE:kbddv>
reactos/system32/$<TARGET_FILE_NAME:kbdeo>=$<TARGET_FILE:kbdeo>
reactos/system32/$<TARGET_FILE_NAME:kbdest>=$<TARGET_FILE:kbdest>
reactos/system32/$<TARGET_FILE_NAME:kbdfc>=$<TARGET_FILE:kbdfc>
reactos/system32/$<TARGET_FILE_NAME:kbdfi>=$<TARGET_FILE:kbdfi>
reactos/system32/$<TARGET_FILE_NAME:kbdfr>=$<TARGET_FILE:kbdfr>
reactos/system32/$<TARGET_FILE_NAME:kbdgeo>=$<TARGET_FILE:kbdgeo>
reactos/system32/$<TARGET_FILE_NAME:kbdgerg>=$<TARGET_FILE:kbdgerg>
reactos/system32/$<TARGET_FILE_NAME:kbdgneo>=$<TARGET_FILE:kbdgneo>
reactos/system32/$<TARGET_FILE_NAME:kbdgr>=$<TARGET_FILE:kbdgr>
reactos/system32/$<TARGET_FILE_NAME:kbdgr1>=$<TARGET_FILE:kbdgr1>
reactos/system32/$<TARGET_FILE_NAME:kbdgrist>=$<TARGET_FILE:kbdgrist>
reactos/system32/$<TARGET_FILE_NAME:kbdhe>=$<TARGET_FILE:kbdhe>
reactos/system32/$<TARGET_FILE_NAME:kbdheb>=$<TARGET_FILE:kbdheb>
reactos/system32/$<TARGET_FILE_NAME:kbdhu>=$<TARGET_FILE:kbdhu>
reactos/system32/$<TARGET_FILE_NAME:kbdic>=$<TARGET_FILE:kbdic>
reactos/system32/$<TARGET_FILE_NAME:kbdinasa>=$<TARGET_FILE:kbdinasa>
reactos/system32/$<TARGET_FILE_NAME:kbdinben>=$<TARGET_FILE:kbdinben>
reactos/system32/$<TARGET_FILE_NAME:kbdindev>=$<TARGET_FILE:kbdindev>
reactos/system32/$<TARGET_FILE_NAME:kbdinguj>=$<TARGET_FILE:kbdinguj>
reactos/system32/$<TARGET_FILE_NAME:kbdinmal>=$<TARGET_FILE:kbdinmal>
reactos/system32/$<TARGET_FILE_NAME:kbdir>=$<TARGET_FILE:kbdir>
reactos/system32/$<TARGET_FILE_NAME:kbdit>=$<TARGET_FILE:kbdit>
reactos/system32/$<TARGET_FILE_NAME:kbdjpn>=$<TARGET_FILE:kbdjpn>
reactos/system32/$<TARGET_FILE_NAME:kbdkaz>=$<TARGET_FILE:kbdkaz>
reactos/system32/$<TARGET_FILE_NAME:kbdkor>=$<TARGET_FILE:kbdkor>
reactos/system32/$<TARGET_FILE_NAME:kbdla>=$<TARGET_FILE:kbdla>
reactos/system32/$<TARGET_FILE_NAME:kbdlt1>=$<TARGET_FILE:kbdlt1>
reactos/system32/$<TARGET_FILE_NAME:kbdlv>=$<TARGET_FILE:kbdlv>
reactos/system32/$<TARGET_FILE_NAME:kbdmac>=$<TARGET_FILE:kbdmac>
reactos/system32/$<TARGET_FILE_NAME:kbdne>=$<TARGET_FILE:kbdne>
reactos/system32/$<TARGET_FILE_NAME:kbdno>=$<TARGET_FILE:kbdno>
reactos/system32/$<TARGET_FILE_NAME:kbdpl>=$<TARGET_FILE:kbdpl>
reactos/system32/$<TARGET_FILE_NAME:kbdpl1>=$<TARGET_FILE:kbdpl1>
reactos/system32/$<TARGET_FILE_NAME:kbdpo>=$<TARGET_FILE:kbdpo>
reactos/system32/$<TARGET_FILE_NAME:kbdro>=$<TARGET_FILE:kbdro>
reactos/system32/$<TARGET_FILE_NAME:kbdrost>=$<TARGET_FILE:kbdrost>
reactos/system32/$<TARGET_FILE_NAME:kbdru>=$<TARGET_FILE:kbdru>
reactos/system32/$<TARGET_FILE_NAME:kbdru1>=$<TARGET_FILE:kbdru1>
reactos/system32/$<TARGET_FILE_NAME:kbdsf>=$<TARGET_FILE:kbdsf>
reactos/system32/$<TARGET_FILE_NAME:kbdsg>=$<TARGET_FILE:kbdsg>
reactos/system32/$<TARGET_FILE_NAME:kbdsl>=$<TARGET_FILE:kbdsl>
reactos/system32/$<TARGET_FILE_NAME:kbdsl1>=$<TARGET_FILE:kbdsl1>
reactos/system32/$<TARGET_FILE_NAME:kbdsp>=$<TARGET_FILE:kbdsp>
reactos/system32/$<TARGET_FILE_NAME:kbdsw>=$<TARGET_FILE:kbdsw>
reactos/system32/$<TARGET_FILE_NAME:kbdtat>=$<TARGET_FILE:kbdtat>
reactos/system32/$<TARGET_FILE_NAME:kbdth0>=$<TARGET_FILE:kbdth0>
reactos/system32/$<TARGET_FILE_NAME:kbdth1>=$<TARGET_FILE:kbdth1>
reactos/system32/$<TARGET_FILE_NAME:kbdth2>=$<TARGET_FILE:kbdth2>
reactos/system32/$<TARGET_FILE_NAME:kbdth3>=$<TARGET_FILE:kbdth3>
reactos/system32/$<TARGET_FILE_NAME:kbdtuf>=$<TARGET_FILE:kbdtuf>
reactos/system32/$<TARGET_FILE_NAME:kbdtuq>=$<TARGET_FILE:kbdtuq>
reactos/system32/$<TARGET_FILE_NAME:kbduk>=$<TARGET_FILE:kbduk>
reactos/system32/$<TARGET_FILE_NAME:kbdur>=$<TARGET_FILE:kbdur>
reactos/system32/$<TARGET_FILE_NAME:kbdurs>=$<TARGET_FILE:kbdurs>
reactos/system32/$<TARGET_FILE_NAME:kbdus>=$<TARGET_FILE:kbdus>
reactos/system32/$<TARGET_FILE_NAME:kbdusa>=$<TARGET_FILE:kbdusa>
reactos/system32/$<TARGET_FILE_NAME:kbdusl>=$<TARGET_FILE:kbdusl>
reactos/system32/$<TARGET_FILE_NAME:kbdusr>=$<TARGET_FILE:kbdusr>
reactos/system32/$<TARGET_FILE_NAME:kbdusx>=$<TARGET_FILE:kbdusx>
reactos/system32/$<TARGET_FILE_NAME:kbduzb>=$<TARGET_FILE:kbduzb>
reactos/system32/$<TARGET_FILE_NAME:kbdvntc>=$<TARGET_FILE:kbdvntc>
reactos/system32/$<TARGET_FILE_NAME:kbdycc>=$<TARGET_FILE:kbdycc>
reactos/system32/$<TARGET_FILE_NAME:kbdycl>=$<TARGET_FILE:kbdycl>
reactos/system32/$<TARGET_FILE_NAME:normaliz>=$<TARGET_FILE:normaliz>
reactos/system32/$<TARGET_FILE_NAME:nfs41_np>=$<TARGET_FILE:nfs41_np>
reactos/system32/$<TARGET_FILE_NAME:ntdll_vista>=$<TARGET_FILE:ntdll_vista>
reactos/system32/$<TARGET_FILE_NAME:ntdll>=$<TARGET_FILE:ntdll>
reactos/system32/$<TARGET_FILE_NAME:glu32>=$<TARGET_FILE:glu32>
reactos/system32/$<TARGET_FILE_NAME:opengl32>=$<TARGET_FILE:opengl32>
reactos/system32/$<TARGET_FILE_NAME:acppage>=$<TARGET_FILE:acppage>
reactos/system32/$<TARGET_FILE_NAME:cabview>=$<TARGET_FILE:cabview>
reactos/system32/$<TARGET_FILE_NAME:cryptext>=$<TARGET_FILE:cryptext>
reactos/system32/$<TARGET_FILE_NAME:deskadp>=$<TARGET_FILE:deskadp>
reactos/system32/$<TARGET_FILE_NAME:deskmon>=$<TARGET_FILE:deskmon>
reactos/system32/$<TARGET_FILE_NAME:devcpux>=$<TARGET_FILE:devcpux>
reactos/system32/$<TARGET_FILE_NAME:fontext>=$<TARGET_FILE:fontext>
reactos/system32/$<TARGET_FILE_NAME:mydocs>=$<TARGET_FILE:mydocs>
reactos/system32/$<TARGET_FILE_NAME:netplwiz>=$<TARGET_FILE:netplwiz>
reactos/system32/$<TARGET_FILE_NAME:netshell>=$<TARGET_FILE:netshell>
reactos/system32/$<TARGET_FILE_NAME:ntobjshex>=$<TARGET_FILE:ntobjshex>
reactos/system32/$<TARGET_FILE_NAME:sendmail>=$<TARGET_FILE:sendmail>
reactos/system32/$<TARGET_FILE_NAME:shellbtrfs>=$<TARGET_FILE:shellbtrfs>
reactos/system32/$<TARGET_FILE_NAME:stobject>=$<TARGET_FILE:stobject>
reactos/system32/$<TARGET_FILE_NAME:zipfldr>=$<TARGET_FILE:zipfldr>
reactos/system32/$<TARGET_FILE_NAME:acledit>=$<TARGET_FILE:acledit>
reactos/system32/$<TARGET_FILE_NAME:aclui>=$<TARGET_FILE:aclui>
reactos/system32/$<TARGET_FILE_NAME:activeds>=$<TARGET_FILE:activeds>
reactos/system32/$<TARGET_FILE_NAME:actxprxy>=$<TARGET_FILE:actxprxy>
reactos/system32/$<TARGET_FILE_NAME:advapi32>=$<TARGET_FILE:advapi32>
reactos/system32/$<TARGET_FILE_NAME:advapi32_vista>=$<TARGET_FILE:advapi32_vista>
reactos/system32/$<TARGET_FILE_NAME:advpack>=$<TARGET_FILE:advpack>
reactos/system32/$<TARGET_FILE_NAME:atl>=$<TARGET_FILE:atl>
reactos/system32/$<TARGET_FILE_NAME:atl100>=$<TARGET_FILE:atl100>
reactos/system32/$<TARGET_FILE_NAME:atl80>=$<TARGET_FILE:atl80>
reactos/system32/$<TARGET_FILE_NAME:authz>=$<TARGET_FILE:authz>
reactos/system32/$<TARGET_FILE_NAME:avicap32>=$<TARGET_FILE:avicap32>
reactos/system32/$<TARGET_FILE_NAME:avifil32>=$<TARGET_FILE:avifil32>
reactos/system32/$<TARGET_FILE_NAME:batt>=$<TARGET_FILE:batt>
reactos/system32/$<TARGET_FILE_NAME:bcrypt>=$<TARGET_FILE:bcrypt>
reactos/system32/$<TARGET_FILE_NAME:beepmidi>=$<TARGET_FILE:beepmidi>
reactos/system32/$<TARGET_FILE_NAME:browseui>=$<TARGET_FILE:browseui>
reactos/system32/$<TARGET_FILE_NAME:bthci>=$<TARGET_FILE:bthci>
reactos/system32/$<TARGET_FILE_NAME:cabinet>=$<TARGET_FILE:cabinet>
reactos/system32/$<TARGET_FILE_NAME:cards>=$<TARGET_FILE:cards>
reactos/system32/$<TARGET_FILE_NAME:cfgmgr32>=$<TARGET_FILE:cfgmgr32>
reactos/system32/$<TARGET_FILE_NAME:clusapi>=$<TARGET_FILE:clusapi>
reactos/system32/$<TARGET_FILE_NAME:comcat>=$<TARGET_FILE:comcat>
reactos/system32/$<TARGET_FILE_NAME:comctl32>=$<TARGET_FILE:comctl32>
reactos/winsxs/amd64_microsoft.windows.common-controls_6595b64144ccf1df_5.82.2600.2982_none_deadbeef/$<TARGET_FILE_NAME:comctl32>=$<TARGET_FILE:comctl32>
reactos/winsxs/amd64_microsoft.windows.common-controls_6595b64144ccf1df_6.0.2600.2982_none_deadbeef/$<TARGET_FILE_NAME:comctl32>=$<TARGET_FILE:comctl32>
reactos/winsxs/manifests/amd64_microsoft.windows.common-controls_6595b64144ccf1df_5.82.2600.2982_none_deadbeef.manifest=/home/moebius/reactos/dll/win32/comctl32/amd64_microsoft.windows.common-controls_6595b64144ccf1df_5.82.2600.2982_none_deadbeef.manifest
reactos/winsxs/manifests/amd64_microsoft.windows.common-controls_6595b64144ccf1df_6.0.2600.2982_none_deadbeef.manifest=/home/moebius/reactos/dll/win32/comctl32/amd64_microsoft.windows.common-controls_6595b64144ccf1df_6.0.2600.2982_none_deadbeef.manifest
reactos/system32/$<TARGET_FILE_NAME:comdlg32>=$<TARGET_FILE:comdlg32>
reactos/system32/$<TARGET_FILE_NAME:compstui>=$<TARGET_FILE:compstui>
reactos/system32/$<TARGET_FILE_NAME:credui>=$<TARGET_FILE:credui>
reactos/system32/$<TARGET_FILE_NAME:crypt32>=$<TARGET_FILE:crypt32>
reactos/system32/$<TARGET_FILE_NAME:cryptdlg>=$<TARGET_FILE:cryptdlg>
reactos/system32/$<TARGET_FILE_NAME:cryptdll>=$<TARGET_FILE:cryptdll>
reactos/system32/$<TARGET_FILE_NAME:cryptnet>=$<TARGET_FILE:cryptnet>
reactos/system32/$<TARGET_FILE_NAME:cryptui>=$<TARGET_FILE:cryptui>
reactos/system32/$<TARGET_FILE_NAME:dbgeng>=$<TARGET_FILE:dbgeng>
reactos/system32/$<TARGET_FILE_NAME:dbghelp>=$<TARGET_FILE:dbghelp>
reactos/system32/$<TARGET_FILE_NAME:dciman32>=$<TARGET_FILE:dciman32>
reactos/system32/$<TARGET_FILE_NAME:devmgr>=$<TARGET_FILE:devmgr>
reactos/system32/$<TARGET_FILE_NAME:dnsapi>=$<TARGET_FILE:dnsapi>
reactos/system32/$<TARGET_FILE_NAME:esent>=$<TARGET_FILE:esent>
reactos/system32/$<TARGET_FILE_NAME:faultrep>=$<TARGET_FILE:faultrep>
reactos/system32/$<TARGET_FILE_NAME:fltlib>=$<TARGET_FILE:fltlib>
reactos/system32/$<TARGET_FILE_NAME:fmifs>=$<TARGET_FILE:fmifs>
reactos/system32/$<TARGET_FILE_NAME:fontsub>=$<TARGET_FILE:fontsub>
reactos/system32/wbem/$<TARGET_FILE_NAME:framedyn>=$<TARGET_FILE:framedyn>
reactos/Microsoft.NET/Framework/v1.0.3705/$<TARGET_FILE_NAME:fusion>=$<TARGET_FILE:fusion>
reactos/system32/$<TARGET_FILE_NAME:fusion>=$<TARGET_FILE:fusion>
reactos/Microsoft.NET/Framework/v1.1.4322/$<TARGET_FILE_NAME:fusion_1_1>=$<TARGET_FILE:fusion_1_1>
reactos/Microsoft.NET/Framework/v2.0.50727/$<TARGET_FILE_NAME:fusion_2_0>=$<TARGET_FILE:fusion_2_0>
reactos/system32/$<TARGET_FILE_NAME:gdiplus>=$<TARGET_FILE:gdiplus>
reactos/winsxs/amd64_microsoft.windows.gdiplus_6595b64144ccf1df_1.1.7601.23038_none_deadbeef/$<TARGET_FILE_NAME:gdiplus>=$<TARGET_FILE:gdiplus>
reactos/winsxs/manifests/amd64_microsoft.windows.gdiplus_6595b64144ccf1df_1.1.7601.23038_none_deadbeef.manifest=/home/moebius/reactos/dll/win32/gdiplus/amd64_microsoft.windows.gdiplus_6595b64144ccf1df_1.1.7601.23038_none_deadbeef.manifest
reactos/winsxs/amd64_microsoft.windows.gdiplus_6595b64144ccf1df_1.0.14393.0_none_deadbeef/$<TARGET_FILE_NAME:gdiplus>=$<TARGET_FILE:gdiplus>
reactos/winsxs/manifests/amd64_microsoft.windows.gdiplus_6595b64144ccf1df_1.0.14393.0_none_deadbeef.manifest=/home/moebius/reactos/dll/win32/gdiplus/amd64_microsoft.windows.gdiplus_6595b64144ccf1df_1.0.14393.0_none_deadbeef.manifest
reactos/system32/$<TARGET_FILE_NAME:getuname>=$<TARGET_FILE:getuname>
reactos/system32/$<TARGET_FILE_NAME:hhctrl>=$<TARGET_FILE:hhctrl>
reactos/system32/$<TARGET_FILE_NAME:hid>=$<TARGET_FILE:hid>
reactos/system32/$<TARGET_FILE_NAME:hlink>=$<TARGET_FILE:hlink>
reactos/system32/$<TARGET_FILE_NAME:hnetcfg>=$<TARGET_FILE:hnetcfg>
reactos/system32/$<TARGET_FILE_NAME:httpapi>=$<TARGET_FILE:httpapi>
reactos/system32/$<TARGET_FILE_NAME:iccvid>=$<TARGET_FILE:iccvid>
reactos/system32/$<TARGET_FILE_NAME:icmp>=$<TARGET_FILE:icmp>
reactos/system32/$<TARGET_FILE_NAME:ieframe>=$<TARGET_FILE:ieframe>
reactos/system32/$<TARGET_FILE_NAME:iernonce>=$<TARGET_FILE:iernonce>
reactos/system32/$<TARGET_FILE_NAME:imaadp32.acm>=$<TARGET_FILE:imaadp32.acm>
reactos/system32/$<TARGET_FILE_NAME:imagehlp>=$<TARGET_FILE:imagehlp>
reactos/system32/$<TARGET_FILE_NAME:inetcomm>=$<TARGET_FILE:inetcomm>
reactos/system32/$<TARGET_FILE_NAME:inetmib1>=$<TARGET_FILE:inetmib1>
reactos/system32/$<TARGET_FILE_NAME:initpki>=$<TARGET_FILE:initpki>
reactos/system32/$<TARGET_FILE_NAME:inseng>=$<TARGET_FILE:inseng>
reactos/system32/$<TARGET_FILE_NAME:iologmsg>=$<TARGET_FILE:iologmsg>
reactos/system32/$<TARGET_FILE_NAME:iphlpapi>=$<TARGET_FILE:iphlpapi>
reactos/system32/$<TARGET_FILE_NAME:itircl>=$<TARGET_FILE:itircl>
reactos/system32/$<TARGET_FILE_NAME:itss>=$<TARGET_FILE:itss>
reactos/system32/$<TARGET_FILE_NAME:jscript>=$<TARGET_FILE:jscript>
reactos/system32/$<TARGET_FILE_NAME:jsproxy>=$<TARGET_FILE:jsproxy>
reactos/system32/$<TARGET_FILE_NAME:kernel32_vista>=$<TARGET_FILE:kernel32_vista>
reactos/system32/$<TARGET_FILE_NAME:kernel32>=$<TARGET_FILE:kernel32>
reactos/system32/$<TARGET_FILE_NAME:loadperf>=$<TARGET_FILE:loadperf>
reactos/system32/$<TARGET_FILE_NAME:lpk>=$<TARGET_FILE:lpk>
reactos/system32/$<TARGET_FILE_NAME:lsasrv>=$<TARGET_FILE:lsasrv>
reactos/system32/$<TARGET_FILE_NAME:lz32>=$<TARGET_FILE:lz32>
reactos/system32/$<TARGET_FILE_NAME:mapi32>=$<TARGET_FILE:mapi32>
reactos/system32/$<TARGET_FILE_NAME:mciavi32>=$<TARGET_FILE:mciavi32>
reactos/system32/$<TARGET_FILE_NAME:mcicda>=$<TARGET_FILE:mcicda>
reactos/system32/$<TARGET_FILE_NAME:mciqtz32>=$<TARGET_FILE:mciqtz32>
reactos/system32/$<TARGET_FILE_NAME:mciseq>=$<TARGET_FILE:mciseq>
reactos/system32/$<TARGET_FILE_NAME:mciwave>=$<TARGET_FILE:mciwave>
reactos/system32/$<TARGET_FILE_NAME:mgmtapi>=$<TARGET_FILE:mgmtapi>
reactos/system32/$<TARGET_FILE_NAME:mlang>=$<TARGET_FILE:mlang>
reactos/system32/$<TARGET_FILE_NAME:mmdrv>=$<TARGET_FILE:mmdrv>
reactos/system32/$<TARGET_FILE_NAME:modemui>=$<TARGET_FILE:modemui>
reactos/system32/$<TARGET_FILE_NAME:mpr>=$<TARGET_FILE:mpr>
reactos/system32/$<TARGET_FILE_NAME:mprapi>=$<TARGET_FILE:mprapi>
reactos/system32/$<TARGET_FILE_NAME:msacm32>=$<TARGET_FILE:msacm32>
reactos/system32/$<TARGET_FILE_NAME:msacm32.drv>=$<TARGET_FILE:msacm32.drv>
reactos/system32/$<TARGET_FILE_NAME:msadp32.acm>=$<TARGET_FILE:msadp32.acm>
reactos/system32/$<TARGET_FILE_NAME:msafd>=$<TARGET_FILE:msafd>
reactos/system32/$<TARGET_FILE_NAME:mscat32>=$<TARGET_FILE:mscat32>
reactos/system32/$<TARGET_FILE_NAME:mscms>=$<TARGET_FILE:mscms>
reactos/system32/$<TARGET_FILE_NAME:mscoree>=$<TARGET_FILE:mscoree>
reactos/system32/$<TARGET_FILE_NAME:msftedit>=$<TARGET_FILE:msftedit>
reactos/system32/$<TARGET_FILE_NAME:msg711.acm>=$<TARGET_FILE:msg711.acm>
reactos/system32/$<TARGET_FILE_NAME:msgina>=$<TARGET_FILE:msgina>
reactos/system32/$<TARGET_FILE_NAME:msgsm32.acm>=$<TARGET_FILE:msgsm32.acm>
reactos/system32/$<TARGET_FILE_NAME:mshtml>=$<TARGET_FILE:mshtml>
reactos/system32/$<TARGET_FILE_NAME:msi>=$<TARGET_FILE:msi>
reactos/system32/$<TARGET_FILE_NAME:mshtml.tlb>=$<TARGET_FILE:mshtml.tlb>
reactos/system32/$<TARGET_FILE_NAME:msimg32>=$<TARGET_FILE:msimg32>
reactos/system32/$<TARGET_FILE_NAME:msimtf>=$<TARGET_FILE:msimtf>
reactos/system32/$<TARGET_FILE_NAME:msisip>=$<TARGET_FILE:msisip>
reactos/system32/$<TARGET_FILE_NAME:msisys>=$<TARGET_FILE:msisys>
reactos/system32/$<TARGET_FILE_NAME:mspatcha>=$<TARGET_FILE:mspatcha>
reactos/system32/$<TARGET_FILE_NAME:msports>=$<TARGET_FILE:msports>
reactos/system32/$<TARGET_FILE_NAME:msrle32>=$<TARGET_FILE:msrle32>
reactos/system32/$<TARGET_FILE_NAME:mssign32>=$<TARGET_FILE:mssign32>
reactos/system32/$<TARGET_FILE_NAME:mssip32>=$<TARGET_FILE:mssip32>
reactos/system32/$<TARGET_FILE_NAME:mstask>=$<TARGET_FILE:mstask>
reactos/system32/$<TARGET_FILE_NAME:msv1_0>=$<TARGET_FILE:msv1_0>
reactos/system32/$<TARGET_FILE_NAME:msvcrt>=$<TARGET_FILE:msvcrt>
reactos/system32/$<TARGET_FILE_NAME:msvfw32>=$<TARGET_FILE:msvfw32>
reactos/system32/$<TARGET_FILE_NAME:msvidc32>=$<TARGET_FILE:msvidc32>
reactos/system32/$<TARGET_FILE_NAME:mswsock>=$<TARGET_FILE:mswsock>
reactos/system32/$<TARGET_FILE_NAME:msxml>=$<TARGET_FILE:msxml>
reactos/system32/$<TARGET_FILE_NAME:msxml2>=$<TARGET_FILE:msxml2>
reactos/system32/$<TARGET_FILE_NAME:msxml3>=$<TARGET_FILE:msxml3>
reactos/system32/$<TARGET_FILE_NAME:msxml3r>=$<TARGET_FILE:msxml3r>
reactos/system32/$<TARGET_FILE_NAME:msxml4>=$<TARGET_FILE:msxml4>
reactos/system32/$<TARGET_FILE_NAME:msxml6>=$<TARGET_FILE:msxml6>
reactos/system32/$<TARGET_FILE_NAME:mycomput>=$<TARGET_FILE:mycomput>
reactos/system32/$<TARGET_FILE_NAME:nddeapi>=$<TARGET_FILE:nddeapi>
reactos/system32/$<TARGET_FILE_NAME:netapi32>=$<TARGET_FILE:netapi32>
reactos/system32/$<TARGET_FILE_NAME:netcfgx>=$<TARGET_FILE:netcfgx>
reactos/system32/$<TARGET_FILE_NAME:netevent>=$<TARGET_FILE:netevent>
reactos/system32/$<TARGET_FILE_NAME:netid>=$<TARGET_FILE:netid>
reactos/system32/$<TARGET_FILE_NAME:netmsg>=$<TARGET_FILE:netmsg>
reactos/system32/$<TARGET_FILE_NAME:newdev>=$<TARGET_FILE:newdev>
reactos/system32/$<TARGET_FILE_NAME:npptools>=$<TARGET_FILE:npptools>
reactos/system32/$<TARGET_FILE_NAME:ntdsapi>=$<TARGET_FILE:ntdsapi>
reactos/system32/$<TARGET_FILE_NAME:ntlanman>=$<TARGET_FILE:ntlanman>
reactos/system32/$<TARGET_FILE_NAME:ntmarta>=$<TARGET_FILE:ntmarta>
reactos/system32/$<TARGET_FILE_NAME:objsel>=$<TARGET_FILE:objsel>
reactos/system32/$<TARGET_FILE_NAME:odbc32>=$<TARGET_FILE:odbc32>
reactos/system32/$<TARGET_FILE_NAME:odbccp32>=$<TARGET_FILE:odbccp32>
reactos/system32/$<TARGET_FILE_NAME:ole32>=$<TARGET_FILE:ole32>
reactos/system32/$<TARGET_FILE_NAME:oleacc>=$<TARGET_FILE:oleacc>
reactos/system32/$<TARGET_FILE_NAME:oleaut32>=$<TARGET_FILE:oleaut32>
reactos/system32/$<TARGET_FILE_NAME:olecli32>=$<TARGET_FILE:olecli32>
reactos/system32/$<TARGET_FILE_NAME:oledlg>=$<TARGET_FILE:oledlg>
reactos/system32/$<TARGET_FILE_NAME:olepro32>=$<TARGET_FILE:olepro32>
reactos/system32/$<TARGET_FILE_NAME:olesvr32>=$<TARGET_FILE:olesvr32>
reactos/system32/$<TARGET_FILE_NAME:olethk32>=$<TARGET_FILE:olethk32>
reactos/system32/$<TARGET_FILE_NAME:pdh>=$<TARGET_FILE:pdh>
reactos/system32/$<TARGET_FILE_NAME:pidgen>=$<TARGET_FILE:pidgen>
reactos/system32/$<TARGET_FILE_NAME:powrprof>=$<TARGET_FILE:powrprof>
reactos/system32/$<TARGET_FILE_NAME:profmap>=$<TARGET_FILE:profmap>
reactos/system32/$<TARGET_FILE_NAME:propsys>=$<TARGET_FILE:propsys>
reactos/system32/$<TARGET_FILE_NAME:psapi>=$<TARGET_FILE:psapi>
reactos/system32/$<TARGET_FILE_NAME:pstorec>=$<TARGET_FILE:pstorec>
reactos/system32/$<TARGET_FILE_NAME:qmgr>=$<TARGET_FILE:qmgr>
reactos/system32/$<TARGET_FILE_NAME:qmgrprxy>=$<TARGET_FILE:qmgrprxy>
reactos/system32/$<TARGET_FILE_NAME:query>=$<TARGET_FILE:query>
reactos/system32/$<TARGET_FILE_NAME:rasadhlp>=$<TARGET_FILE:rasadhlp>
reactos/system32/$<TARGET_FILE_NAME:rasapi32>=$<TARGET_FILE:rasapi32>
reactos/system32/$<TARGET_FILE_NAME:rasdlg>=$<TARGET_FILE:rasdlg>
reactos/system32/$<TARGET_FILE_NAME:rasman>=$<TARGET_FILE:rasman>
reactos/system32/$<TARGET_FILE_NAME:regapi>=$<TARGET_FILE:regapi>
reactos/system32/$<TARGET_FILE_NAME:resutils>=$<TARGET_FILE:resutils>
reactos/system32/$<TARGET_FILE_NAME:riched20>=$<TARGET_FILE:riched20>
reactos/system32/$<TARGET_FILE_NAME:riched32>=$<TARGET_FILE:riched32>
reactos/system32/$<TARGET_FILE_NAME:rpcrt4>=$<TARGET_FILE:rpcrt4>
reactos/system32/$<TARGET_FILE_NAME:rsabase>=$<TARGET_FILE:rsabase>
reactos/system32/$<TARGET_FILE_NAME:rsaenh>=$<TARGET_FILE:rsaenh>
reactos/system32/$<TARGET_FILE_NAME:samlib>=$<TARGET_FILE:samlib>
reactos/system32/$<TARGET_FILE_NAME:samsrv>=$<TARGET_FILE:samsrv>
reactos/system32/$<TARGET_FILE_NAME:sccbase>=$<TARGET_FILE:sccbase>
reactos/system32/$<TARGET_FILE_NAME:schannel>=$<TARGET_FILE:schannel>
reactos/system32/$<TARGET_FILE_NAME:scrrun>=$<TARGET_FILE:scrrun>
reactos/system32/$<TARGET_FILE_NAME:secur32>=$<TARGET_FILE:secur32>
reactos/system32/$<TARGET_FILE_NAME:security>=$<TARGET_FILE:security>
reactos/system32/$<TARGET_FILE_NAME:sensapi>=$<TARGET_FILE:sensapi>
reactos/system32/$<TARGET_FILE_NAME:serialui>=$<TARGET_FILE:serialui>
reactos/system32/$<TARGET_FILE_NAME:setupapi>=$<TARGET_FILE:setupapi>
reactos/system32/$<TARGET_FILE_NAME:sfc>=$<TARGET_FILE:sfc>
reactos/system32/$<TARGET_FILE_NAME:sfc_os>=$<TARGET_FILE:sfc_os>
reactos/system32/$<TARGET_FILE_NAME:sfcfiles>=$<TARGET_FILE:sfcfiles>
reactos/system32/$<TARGET_FILE_NAME:shdoclc>=$<TARGET_FILE:shdoclc>
reactos/system32/$<TARGET_FILE_NAME:shdocvw>=$<TARGET_FILE:shdocvw>
reactos/system32/$<TARGET_FILE_NAME:shell32>=$<TARGET_FILE:shell32>
reactos/system32/$<TARGET_FILE_NAME:shfolder>=$<TARGET_FILE:shfolder>
reactos/system32/$<TARGET_FILE_NAME:shimgvw>=$<TARGET_FILE:shimgvw>
reactos/system32/$<TARGET_FILE_NAME:shlwapi>=$<TARGET_FILE:shlwapi>
reactos/system32/$<TARGET_FILE_NAME:slbcsp>=$<TARGET_FILE:slbcsp>
reactos/system32/$<TARGET_FILE_NAME:sndblst>=$<TARGET_FILE:sndblst>
reactos/system32/$<TARGET_FILE_NAME:snmpapi>=$<TARGET_FILE:snmpapi>
reactos/system32/$<TARGET_FILE_NAME:softpub>=$<TARGET_FILE:softpub>
reactos/system32/$<TARGET_FILE_NAME:srclient>=$<TARGET_FILE:srclient>
reactos/system32/$<TARGET_FILE_NAME:stdole2.tlb>=$<TARGET_FILE:stdole2.tlb>
reactos/system32/$<TARGET_FILE_NAME:stdole32.tlb>=$<TARGET_FILE:stdole32.tlb>
reactos/system32/$<TARGET_FILE_NAME:sti>=$<TARGET_FILE:sti>
reactos/system32/$<TARGET_FILE_NAME:storprop>=$<TARGET_FILE:storprop>
reactos/system32/$<TARGET_FILE_NAME:streamci>=$<TARGET_FILE:streamci>
reactos/system32/$<TARGET_FILE_NAME:sxs>=$<TARGET_FILE:sxs>
reactos/system32/$<TARGET_FILE_NAME:syssetup>=$<TARGET_FILE:syssetup>
reactos/system32/$<TARGET_FILE_NAME:t2embed>=$<TARGET_FILE:t2embed>
reactos/system32/$<TARGET_FILE_NAME:tapi32>=$<TARGET_FILE:tapi32>
reactos/system32/$<TARGET_FILE_NAME:tapiui>=$<TARGET_FILE:tapiui>
reactos/system32/$<TARGET_FILE_NAME:themeui>=$<TARGET_FILE:themeui>
reactos/system32/$<TARGET_FILE_NAME:traffic>=$<TARGET_FILE:traffic>
reactos/$<TARGET_FILE_NAME:twain_32>=$<TARGET_FILE:twain_32>
reactos/system32/$<TARGET_FILE_NAME:ubtrfs>=$<TARGET_FILE:ubtrfs>
reactos/system32/$<TARGET_FILE_NAME:ucdfs>=$<TARGET_FILE:ucdfs>
reactos/system32/$<TARGET_FILE_NAME:ucrtbase>=$<TARGET_FILE:ucrtbase>
reactos/system32/$<TARGET_FILE_NAME:uext2>=$<TARGET_FILE:uext2>
reactos/system32/$<TARGET_FILE_NAME:ufat>=$<TARGET_FILE:ufat>
reactos/system32/$<TARGET_FILE_NAME:ufatx>=$<TARGET_FILE:ufatx>
reactos/system32/$<TARGET_FILE_NAME:untfs>=$<TARGET_FILE:untfs>
reactos/system32/$<TARGET_FILE_NAME:updspapi>=$<TARGET_FILE:updspapi>
reactos/system32/$<TARGET_FILE_NAME:url>=$<TARGET_FILE:url>
reactos/system32/$<TARGET_FILE_NAME:urlmon>=$<TARGET_FILE:urlmon>
reactos/system32/$<TARGET_FILE_NAME:userenv>=$<TARGET_FILE:userenv>
reactos/system32/$<TARGET_FILE_NAME:usp10>=$<TARGET_FILE:usp10>
reactos/system32/$<TARGET_FILE_NAME:uxtheme>=$<TARGET_FILE:uxtheme>
reactos/system32/$<TARGET_FILE_NAME:vbscript>=$<TARGET_FILE:vbscript>
reactos/system32/$<TARGET_FILE_NAME:verifier>=$<TARGET_FILE:verifier>
reactos/system32/$<TARGET_FILE_NAME:version>=$<TARGET_FILE:version>
reactos/system32/$<TARGET_FILE_NAME:vssapi>=$<TARGET_FILE:vssapi>
reactos/system32/wbem/$<TARGET_FILE_NAME:wbemdisp>=$<TARGET_FILE:wbemdisp>
reactos/system32/wbem/$<TARGET_FILE_NAME:wbemprox>=$<TARGET_FILE:wbemprox>
reactos/system32/$<TARGET_FILE_NAME:wdmaud.drv>=$<TARGET_FILE:wdmaud.drv>
reactos/system32/$<TARGET_FILE_NAME:windowscodecs>=$<TARGET_FILE:windowscodecs>
reactos/system32/$<TARGET_FILE_NAME:windowscodecsext>=$<TARGET_FILE:windowscodecsext>
reactos/system32/$<TARGET_FILE_NAME:winemp3.acm>=$<TARGET_FILE:winemp3.acm>
reactos/system32/$<TARGET_FILE_NAME:winfax>=$<TARGET_FILE:winfax>
reactos/system32/$<TARGET_FILE_NAME:wing32>=$<TARGET_FILE:wing32>
reactos/system32/$<TARGET_FILE_NAME:winhttp>=$<TARGET_FILE:winhttp>
reactos/system32/$<TARGET_FILE_NAME:wininet>=$<TARGET_FILE:wininet>
reactos/system32/$<TARGET_FILE_NAME:winmm>=$<TARGET_FILE:winmm>
reactos/system32/$<TARGET_FILE_NAME:midimap>=$<TARGET_FILE:midimap>
reactos/system32/$<TARGET_FILE_NAME:winscard>=$<TARGET_FILE:winscard>
reactos/system32/$<TARGET_FILE_NAME:winsta>=$<TARGET_FILE:winsta>
reactos/system32/$<TARGET_FILE_NAME:wintrust>=$<TARGET_FILE:wintrust>
reactos/system32/$<TARGET_FILE_NAME:wlanapi>=$<TARGET_FILE:wlanapi>
reactos/system32/$<TARGET_FILE_NAME:wldap32>=$<TARGET_FILE:wldap32>
reactos/system32/$<TARGET_FILE_NAME:wlnotify>=$<TARGET_FILE:wlnotify>
reactos/system32/$<TARGET_FILE_NAME:wmi>=$<TARGET_FILE:wmi>
reactos/system32/wbem/$<TARGET_FILE_NAME:wmiutils>=$<TARGET_FILE:wmiutils>
reactos/system32/$<TARGET_FILE_NAME:wmvcore>=$<TARGET_FILE:wmvcore>
reactos/system32/$<TARGET_FILE_NAME:ws2_32>=$<TARGET_FILE:ws2_32>
reactos/system32/$<TARGET_FILE_NAME:ws2help>=$<TARGET_FILE:ws2help>
reactos/system32/$<TARGET_FILE_NAME:wshirda>=$<TARGET_FILE:wshirda>
reactos/system32/$<TARGET_FILE_NAME:wshom>=$<TARGET_FILE:wshom>
reactos/system32/$<TARGET_FILE_NAME:wshtcpip>=$<TARGET_FILE:wshtcpip>
reactos/system32/$<TARGET_FILE_NAME:wsock32>=$<TARGET_FILE:wsock32>
reactos/system32/$<TARGET_FILE_NAME:wtsapi32>=$<TARGET_FILE:wtsapi32>
reactos/system32/$<TARGET_FILE_NAME:wuapi>=$<TARGET_FILE:wuapi>
reactos/system32/$<TARGET_FILE_NAME:xinput1_1>=$<TARGET_FILE:xinput1_1>
reactos/system32/$<TARGET_FILE_NAME:xinput1_2>=$<TARGET_FILE:xinput1_2>
reactos/system32/$<TARGET_FILE_NAME:xinput1_3>=$<TARGET_FILE:xinput1_3>
reactos/system32/$<TARGET_FILE_NAME:xinput9_1_0>=$<TARGET_FILE:xinput9_1_0>
reactos/system32/$<TARGET_FILE_NAME:xmllite>=$<TARGET_FILE:xmllite>
reactos/system32/$<TARGET_FILE_NAME:xolehlp>=$<TARGET_FILE:xolehlp>
reactos/system32/drivers/$<TARGET_FILE_NAME:cmbatt>=$<TARGET_FILE:cmbatt>
reactos/system32/drivers/$<TARGET_FILE_NAME:beep>=$<TARGET_FILE:beep>
reactos/system32/$<TARGET_FILE_NAME:bootvid>=$<TARGET_FILE:bootvid>
reactos/system32/drivers/$<TARGET_FILE_NAME:condrv>=$<TARGET_FILE:condrv>
reactos/system32/$<TARGET_FILE_NAME:kdcom>=$<TARGET_FILE:kdcom>
reactos/system32/drivers/$<TARGET_FILE_NAME:nmidebug>=$<TARGET_FILE:nmidebug>
reactos/system32/drivers/$<TARGET_FILE_NAME:null>=$<TARGET_FILE:null>
reactos/system32/drivers/$<TARGET_FILE_NAME:battc>=$<TARGET_FILE:battc>
reactos/system32/drivers/$<TARGET_FILE_NAME:compbatt>=$<TARGET_FILE:compbatt>
reactos/system32/drivers/$<TARGET_FILE_NAME:fbtusb>=$<TARGET_FILE:fbtusb>
reactos/system32/drivers/$<TARGET_FILE_NAME:acpi>=$<TARGET_FILE:acpi>
reactos/inf/acpi.inf=/home/moebius/reactos/output-posix-amd64/drivers/bus/acpi/acpi.inf
reactos/system32/drivers/$<TARGET_FILE_NAME:isapnp>=$<TARGET_FILE:isapnp>
reactos/system32/drivers/$<TARGET_FILE_NAME:pci>=$<TARGET_FILE:pci>
reactos/system32/drivers/$<TARGET_FILE_NAME:pcix>=$<TARGET_FILE:pcix>
reactos/system32/drivers/$<TARGET_FILE_NAME:pcmcia>=$<TARGET_FILE:pcmcia>
reactos/system32/drivers/$<TARGET_FILE_NAME:ksecdd>=$<TARGET_FILE:ksecdd>
reactos/system32/drivers/$<TARGET_FILE_NAME:btrfs>=$<TARGET_FILE:btrfs>
reactos/inf/btrfs.inf=/home/moebius/reactos/output-posix-amd64/drivers/filesystems/btrfs/btrfs.inf
reactos/system32/drivers/$<TARGET_FILE_NAME:cdfs>=$<TARGET_FILE:cdfs>
reactos/system32/drivers/$<TARGET_FILE_NAME:ext2fs>=$<TARGET_FILE:ext2fs>
reactos/system32/drivers/$<TARGET_FILE_NAME:fastfat>=$<TARGET_FILE:fastfat>
reactos/system32/drivers/$<TARGET_FILE_NAME:fs_rec>=$<TARGET_FILE:fs_rec>
reactos/system32/drivers/$<TARGET_FILE_NAME:msfs>=$<TARGET_FILE:msfs>
reactos/system32/drivers/$<TARGET_FILE_NAME:mup>=$<TARGET_FILE:mup>
reactos/system32/drivers/$<TARGET_FILE_NAME:nfs41_driver>=$<TARGET_FILE:nfs41_driver>
reactos/system32/drivers/$<TARGET_FILE_NAME:npfs>=$<TARGET_FILE:npfs>
reactos/system32/drivers/$<TARGET_FILE_NAME:ntfs>=$<TARGET_FILE:ntfs>
reactos/system32/drivers/$<TARGET_FILE_NAME:udfs>=$<TARGET_FILE:udfs>
reactos/system32/drivers/$<TARGET_FILE_NAME:fltmgr>=$<TARGET_FILE:fltmgr>
reactos/system32/drivers/$<TARGET_FILE_NAME:hidclass>=$<TARGET_FILE:hidclass>
reactos/system32/drivers/$<TARGET_FILE_NAME:hidparse>=$<TARGET_FILE:hidparse>
reactos/system32/drivers/$<TARGET_FILE_NAME:hidusb>=$<TARGET_FILE:hidusb>
reactos/system32/drivers/$<TARGET_FILE_NAME:kbdhid>=$<TARGET_FILE:kbdhid>
reactos/system32/drivers/$<TARGET_FILE_NAME:mouhid>=$<TARGET_FILE:mouhid>
reactos/system32/drivers/$<TARGET_FILE_NAME:i8042prt>=$<TARGET_FILE:i8042prt>
reactos/system32/drivers/$<TARGET_FILE_NAME:inport>=$<TARGET_FILE:inport>
reactos/system32/drivers/$<TARGET_FILE_NAME:kbdclass>=$<TARGET_FILE:kbdclass>
reactos/system32/drivers/$<TARGET_FILE_NAME:mouclass>=$<TARGET_FILE:mouclass>
reactos/system32/drivers/$<TARGET_FILE_NAME:sermouse>=$<TARGET_FILE:sermouse>
reactos/system32/drivers/$<TARGET_FILE_NAME:ks>=$<TARGET_FILE:ks>
reactos/system32/drivers/$<TARGET_FILE_NAME:swenum>=$<TARGET_FILE:swenum>
reactos/system32/drivers/$<TARGET_FILE_NAME:bdasup>=$<TARGET_FILE:bdasup>
reactos/system32/drivers/$<TARGET_FILE_NAME:afd>=$<TARGET_FILE:afd>
reactos/system32/drivers/$<TARGET_FILE_NAME:dc21x4>=$<TARGET_FILE:dc21x4>
reactos/inf/net21x4.inf=/home/moebius/reactos/output-posix-amd64/drivers/network/dd/dc21x4/net21x4.inf
reactos/system32/drivers/$<TARGET_FILE_NAME:e1000>=$<TARGET_FILE:e1000>
reactos/inf/nete1000.inf=/home/moebius/reactos/output-posix-amd64/drivers/network/dd/e1000/nete1000.inf
reactos/system32/drivers/$<TARGET_FILE_NAME:ne2000>=$<TARGET_FILE:ne2000>
reactos/inf/netne.inf=/home/moebius/reactos/output-posix-amd64/drivers/network/dd/ne2000/netne.inf
reactos/system32/drivers/$<TARGET_FILE_NAME:netkvm>=$<TARGET_FILE:netkvm>
reactos/inf/netkvm.inf=/home/moebius/reactos/output-posix-amd64/drivers/network/dd/netkvm/netkvm.inf
reactos/system32/drivers/$<TARGET_FILE_NAME:nvnet>=$<TARGET_FILE:nvnet>
reactos/inf/netnv.inf=/home/moebius/reactos/output-posix-amd64/drivers/network/dd/nvnet/netnv.inf
reactos/system32/drivers/$<TARGET_FILE_NAME:pcnet>=$<TARGET_FILE:pcnet>
reactos/inf/netamd.inf=/home/moebius/reactos/output-posix-amd64/drivers/network/dd/pcnet/netamd.inf
reactos/system32/drivers/$<TARGET_FILE_NAME:rtl8139>=$<TARGET_FILE:rtl8139>
reactos/inf/netrtl.inf=/home/moebius/reactos/output-posix-amd64/drivers/network/dd/rtl8139/netrtl.inf
reactos/system32/drivers/$<TARGET_FILE_NAME:ndis>=$<TARGET_FILE:ndis>
reactos/system32/drivers/$<TARGET_FILE_NAME:ndisuio>=$<TARGET_FILE:ndisuio>
reactos/system32/drivers/$<TARGET_FILE_NAME:tcpip>=$<TARGET_FILE:tcpip>
reactos/system32/drivers/$<TARGET_FILE_NAME:tdi>=$<TARGET_FILE:tdi>
reactos/system32/drivers/$<TARGET_FILE_NAME:parport>=$<TARGET_FILE:parport>
reactos/system32/drivers/$<TARGET_FILE_NAME:processr>=$<TARGET_FILE:processr>
reactos/inf/cpu.inf=/home/moebius/reactos/output-posix-amd64/drivers/processor/processr/cpu.inf
reactos/system32/drivers/$<TARGET_FILE_NAME:sacdrv>=$<TARGET_FILE:sacdrv>
reactos/system32/drivers/$<TARGET_FILE_NAME:serenum>=$<TARGET_FILE:serenum>
reactos/system32/drivers/$<TARGET_FILE_NAME:serial>=$<TARGET_FILE:serial>
reactos/system32/drivers/$<TARGET_FILE_NAME:blue>=$<TARGET_FILE:blue>
reactos/system32/drivers/$<TARGET_FILE_NAME:cdrom>=$<TARGET_FILE:cdrom>
reactos/inf/cdrom.inf=/home/moebius/reactos/output-posix-amd64/drivers/storage/class/cdrom/cdrom.inf
reactos/system32/drivers/$<TARGET_FILE_NAME:classpnp>=$<TARGET_FILE:classpnp>
reactos/system32/drivers/$<TARGET_FILE_NAME:disk>=$<TARGET_FILE:disk>
reactos/inf/disk.inf=/home/moebius/reactos/output-posix-amd64/drivers/storage/class/disk/disk.inf
reactos/system32/drivers/$<TARGET_FILE_NAME:ramdisk>=$<TARGET_FILE:ramdisk>
reactos/inf/ramdisk.inf=/home/moebius/reactos/output-posix-amd64/drivers/storage/class/ramdisk/ramdisk.inf
reactos/system32/drivers/$<TARGET_FILE_NAME:floppy>=$<TARGET_FILE:floppy>
reactos/system32/drivers/$<TARGET_FILE_NAME:atapi>=$<TARGET_FILE:atapi>
reactos/system32/drivers/$<TARGET_FILE_NAME:pciide>=$<TARGET_FILE:pciide>
reactos/system32/drivers/$<TARGET_FILE_NAME:pciidex>=$<TARGET_FILE:pciidex>
reactos/system32/drivers/$<TARGET_FILE_NAME:uniata>=$<TARGET_FILE:uniata>
reactos/inf/uniata_comm.inf=/home/moebius/reactos/output-posix-amd64/drivers/storage/ide/uniata/uniata_comm.inf
reactos/system32/drivers/$<TARGET_FILE_NAME:mountmgr>=$<TARGET_FILE:mountmgr>
reactos/system32/drivers/$<TARGET_FILE_NAME:partmgr>=$<TARGET_FILE:partmgr>
reactos/system32/drivers/$<TARGET_FILE_NAME:buslogic>=$<TARGET_FILE:buslogic>
reactos/system32/drivers/$<TARGET_FILE_NAME:scsiport>=$<TARGET_FILE:scsiport>
reactos/system32/drivers/$<TARGET_FILE_NAME:storport>=$<TARGET_FILE:storport>
reactos/system32/drivers/$<TARGET_FILE_NAME:usbccgp>=$<TARGET_FILE:usbccgp>
reactos/system32/drivers/$<TARGET_FILE_NAME:usbd>=$<TARGET_FILE:usbd>
reactos/system32/drivers/$<TARGET_FILE_NAME:usbehci>=$<TARGET_FILE:usbehci>
reactos/system32/drivers/$<TARGET_FILE_NAME:usbhub>=$<TARGET_FILE:usbhub>
reactos/system32/drivers/$<TARGET_FILE_NAME:usbohci>=$<TARGET_FILE:usbohci>
reactos/system32/drivers/$<TARGET_FILE_NAME:usbport>=$<TARGET_FILE:usbport>
reactos/system32/drivers/$<TARGET_FILE_NAME:usbstor>=$<TARGET_FILE:usbstor>
reactos/inf/usbstor.inf=/home/moebius/reactos/output-posix-amd64/drivers/usb/usbstor/usbstor.inf
reactos/system32/drivers/$<TARGET_FILE_NAME:usbuhci>=$<TARGET_FILE:usbuhci>
reactos/system32/drivers/$<TARGET_FILE_NAME:portcls>=$<TARGET_FILE:portcls>
reactos/system32/drivers/$<TARGET_FILE_NAME:ac97>=$<TARGET_FILE:ac97>
reactos/inf/ac97.inf=/home/moebius/reactos/output-posix-amd64/drivers/wdm/audio/drivers/ac97/ac97.inf
reactos/system32/drivers/$<TARGET_FILE_NAME:cmicontrol>=$<TARGET_FILE:cmicontrol>
reactos/system32/drivers/$<TARGET_FILE_NAME:cmicpl>=$<TARGET_FILE:cmicpl>
reactos/system32/drivers/$<TARGET_FILE_NAME:cmipci>=$<TARGET_FILE:cmipci>
reactos/inf/CM8738-x64.inf=/home/moebius/reactos/drivers/wdm/audio/drivers/CMIDriver/CM8738-x64.inf
reactos/system32/drivers/$<TARGET_FILE_NAME:drmk>=$<TARGET_FILE:drmk>
reactos/system32/drivers/$<TARGET_FILE_NAME:kmixer>=$<TARGET_FILE:kmixer>
reactos/system32/drivers/$<TARGET_FILE_NAME:hdaudbus>=$<TARGET_FILE:hdaudbus>
reactos/inf/hdaudbus.inf=/home/moebius/reactos/output-posix-amd64/drivers/wdm/audio/hdaudbus/hdaudbus.inf
reactos/system32/drivers/$<TARGET_FILE_NAME:wdmaud>=$<TARGET_FILE:wdmaud>
reactos/system32/drivers/$<TARGET_FILE_NAME:sysaudio>=$<TARGET_FILE:sysaudio>
reactos/system32/drivers/$<TARGET_FILE_NAME:wmilib>=$<TARGET_FILE:wmilib>
reactos/system32/$<TARGET_FILE_NAME:hal>=$<TARGET_FILE:hal>
reactos/system32/$<TARGET_FILE_NAME:halmp>=$<TARGET_FILE:halmp>
reactos/Fonts/arial.ttf=/home/moebius/reactos/media/fonts/arial.ttf
reactos/Fonts/arialbd.ttf=/home/moebius/reactos/media/fonts/arialbd.ttf
reactos/Fonts/arialbi.ttf=/home/moebius/reactos/media/fonts/arialbi.ttf
reactos/Fonts/ariali.ttf=/home/moebius/reactos/media/fonts/ariali.ttf
reactos/Fonts/ariblk.ttf=/home/moebius/reactos/media/fonts/ariblk.ttf
reactos/Fonts/comic.ttf=/home/moebius/reactos/media/fonts/comic.ttf
reactos/Fonts/comicbd.ttf=/home/moebius/reactos/media/fonts/comicbd.ttf
reactos/Fonts/cour.ttf=/home/moebius/reactos/media/fonts/cour.ttf
reactos/Fonts/courbd.ttf=/home/moebius/reactos/media/fonts/courbd.ttf
reactos/Fonts/courbi.ttf=/home/moebius/reactos/media/fonts/courbi.ttf
reactos/Fonts/couri.ttf=/home/moebius/reactos/media/fonts/couri.ttf
reactos/Fonts/framd.ttf=/home/moebius/reactos/media/fonts/framd.ttf
reactos/Fonts/framdit.ttf=/home/moebius/reactos/media/fonts/framdit.ttf
reactos/Fonts/FreeSans.ttf=/home/moebius/reactos/media/fonts/FreeSans.ttf
reactos/Fonts/FreeSansBold.ttf=/home/moebius/reactos/media/fonts/FreeSansBold.ttf
reactos/Fonts/FreeSansBoldOblique.ttf=/home/moebius/reactos/media/fonts/FreeSansBoldOblique.ttf
reactos/Fonts/FreeSansOblique.ttf=/home/moebius/reactos/media/fonts/FreeSansOblique.ttf
reactos/Fonts/FSEX301.ttf=/home/moebius/reactos/media/fonts/FSEX301.ttf
reactos/Fonts/FSEX301-L2.ttf=/home/moebius/reactos/media/fonts/FSEX301-L2.ttf
reactos/Fonts/georgia.ttf=/home/moebius/reactos/media/fonts/georgia.ttf
reactos/Fonts/georgiab.ttf=/home/moebius/reactos/media/fonts/georgiab.ttf
reactos/Fonts/georgiai.ttf=/home/moebius/reactos/media/fonts/georgiai.ttf
reactos/Fonts/georgiaz.ttf=/home/moebius/reactos/media/fonts/georgiaz.ttf
reactos/Fonts/lucon.ttf=/home/moebius/reactos/media/fonts/lucon.ttf
reactos/Fonts/Marlett.ttf=/home/moebius/reactos/media/fonts/Marlett.ttf
reactos/Fonts/micross.ttf=/home/moebius/reactos/media/fonts/micross.ttf
reactos/Fonts/pala.ttf=/home/moebius/reactos/media/fonts/pala.ttf
reactos/Fonts/palab.ttf=/home/moebius/reactos/media/fonts/palab.ttf
reactos/Fonts/palabi.ttf=/home/moebius/reactos/media/fonts/palabi.ttf
reactos/Fonts/palai.ttf=/home/moebius/reactos/media/fonts/palai.ttf
reactos/Fonts/SourceSansPro-Regular.ttf=/home/moebius/reactos/media/fonts/SourceSansPro-Regular.ttf
reactos/Fonts/SourceSansPro-Bold.ttf=/home/moebius/reactos/media/fonts/SourceSansPro-Bold.ttf
reactos/Fonts/SourceSansPro-BoldIt.ttf=/home/moebius/reactos/media/fonts/SourceSansPro-BoldIt.ttf
reactos/Fonts/SourceSansPro-It.ttf=/home/moebius/reactos/media/fonts/SourceSansPro-It.ttf
reactos/Fonts/symbol.ttf=/home/moebius/reactos/media/fonts/symbol.ttf
reactos/Fonts/tahoma.ttf=/home/moebius/reactos/media/fonts/tahoma.ttf
reactos/Fonts/tahomabd.ttf=/home/moebius/reactos/media/fonts/tahomabd.ttf
reactos/Fonts/times.ttf=/home/moebius/reactos/media/fonts/times.ttf
reactos/Fonts/timesbd.ttf=/home/moebius/reactos/media/fonts/timesbd.ttf
reactos/Fonts/timesbi.ttf=/home/moebius/reactos/media/fonts/timesbi.ttf
reactos/Fonts/timesi.ttf=/home/moebius/reactos/media/fonts/timesi.ttf
reactos/Fonts/trebuc.ttf=/home/moebius/reactos/media/fonts/trebuc.ttf
reactos/Fonts/trebucbd.ttf=/home/moebius/reactos/media/fonts/trebucbd.ttf
reactos/Fonts/trebucbi.ttf=/home/moebius/reactos/media/fonts/trebucbi.ttf
reactos/Fonts/trebucit.ttf=/home/moebius/reactos/media/fonts/trebucit.ttf
reactos/Fonts/UniVGA16.ttf=/home/moebius/reactos/media/fonts/UniVGA16.ttf
reactos/Fonts/verdanab.ttf=/home/moebius/reactos/media/fonts/verdanab.ttf
reactos/Fonts/verdanaz.ttf=/home/moebius/reactos/media/fonts/verdanaz.ttf
reactos/Fonts/verdanai.ttf=/home/moebius/reactos/media/fonts/verdanai.ttf
reactos/Fonts/verdana.ttf=/home/moebius/reactos/media/fonts/verdana.ttf
reactos/Fonts/wingding.ttf=/home/moebius/reactos/media/fonts/wingding.ttf
reactos/inf/audio.inf=/home/moebius/reactos/output-posix-amd64/media/inf/audio.inf
reactos/inf/battery.inf=/home/moebius/reactos/output-posix-amd64/media/inf/battery.inf
reactos/inf/bda.inf=/home/moebius/reactos/output-posix-amd64/media/inf/bda.inf
reactos/inf/bth.inf=/home/moebius/reactos/output-posix-amd64/media/inf/bth.inf
reactos/inf/c_image.inf=/home/moebius/reactos/output-posix-amd64/media/inf/c_image.inf
reactos/inf/display.inf=/home/moebius/reactos/output-posix-amd64/media/inf/display.inf
reactos/inf/fdc.inf=/home/moebius/reactos/output-posix-amd64/media/inf/fdc.inf
reactos/inf/flpydisk.inf=/home/moebius/reactos/output-posix-amd64/media/inf/flpydisk.inf
reactos/inf/hal.inf=/home/moebius/reactos/output-posix-amd64/media/inf/hal.inf
reactos/inf/hdc.inf=/home/moebius/reactos/output-posix-amd64/media/inf/hdc.inf
reactos/inf/input.inf=/home/moebius/reactos/output-posix-amd64/media/inf/input.inf
reactos/inf/keyboard.inf=/home/moebius/reactos/output-posix-amd64/media/inf/keyboard.inf
reactos/inf/ks.inf=/home/moebius/reactos/output-posix-amd64/media/inf/ks.inf
reactos/inf/kscaptur.inf=/home/moebius/reactos/output-posix-amd64/media/inf/kscaptur.inf
reactos/inf/legcydrv.inf=/home/moebius/reactos/output-posix-amd64/media/inf/legcydrv.inf
reactos/inf/machine.inf=/home/moebius/reactos/output-posix-amd64/media/inf/machine.inf
reactos/inf/monitor.inf=/home/moebius/reactos/output-posix-amd64/media/inf/monitor.inf
reactos/inf/msmouse.inf=/home/moebius/reactos/output-posix-amd64/media/inf/msmouse.inf
reactos/inf/ndisuio.inf=/home/moebius/reactos/output-posix-amd64/media/inf/ndisuio.inf
reactos/inf/NET_NIC.inf=/home/moebius/reactos/output-posix-amd64/media/inf/NET_NIC.inf
reactos/inf/nettcpip.inf=/home/moebius/reactos/output-posix-amd64/media/inf/nettcpip.inf
reactos/inf/ports.inf=/home/moebius/reactos/output-posix-amd64/media/inf/ports.inf
reactos/inf/scsi.inf=/home/moebius/reactos/output-posix-amd64/media/inf/scsi.inf
reactos/inf/shortcuts.inf=/home/moebius/reactos/output-posix-amd64/media/inf/shortcuts.inf
reactos/inf/unknown.inf=/home/moebius/reactos/output-posix-amd64/media/inf/unknown.inf
reactos/inf/usb.inf=/home/moebius/reactos/output-posix-amd64/media/inf/usb.inf
reactos/inf/usbport.inf=/home/moebius/reactos/output-posix-amd64/media/inf/usbport.inf
reactos/inf/volume.inf=/home/moebius/reactos/output-posix-amd64/media/inf/volume.inf
reactos/inf/wdmaudio.inf=/home/moebius/reactos/output-posix-amd64/media/inf/wdmaudio.inf
reactos/inf/wmiacpi.inf=/home/moebius/reactos/output-posix-amd64/media/inf/wmiacpi.inf
reactos/inf/defltwk.inf=/home/moebius/reactos/media/inf/defltwk.inf
reactos/inf/font.inf=/home/moebius/reactos/media/inf/font.inf
reactos/inf/intl.inf=/home/moebius/reactos/media/inf/intl.inf
reactos/inf/layout.inf=/home/moebius/reactos/media/inf/layout.inf
reactos/inf/syssetup.inf=/home/moebius/reactos/media/inf/syssetup.inf
reactos/system32/c_037.nls=/home/moebius/reactos/output-posix-amd64/media/nls/c_037.nls
reactos/system32/c_10000.nls=/home/moebius/reactos/output-posix-amd64/media/nls/c_10000.nls
reactos/system32/c_10001.nls=/home/moebius/reactos/output-posix-amd64/media/nls/c_10001.nls
reactos/system32/c_10002.nls=/home/moebius/reactos/output-posix-amd64/media/nls/c_10002.nls
reactos/system32/c_10003.nls=/home/moebius/reactos/output-posix-amd64/media/nls/c_10003.nls
reactos/system32/c_10004.nls=/home/moebius/reactos/output-posix-amd64/media/nls/c_10004.nls
reactos/system32/c_10005.nls=/home/moebius/reactos/output-posix-amd64/media/nls/c_10005.nls
reactos/system32/c_10006.nls=/home/moebius/reactos/output-posix-amd64/media/nls/c_10006.nls
reactos/system32/c_10007.nls=/home/moebius/reactos/output-posix-amd64/media/nls/c_10007.nls
reactos/system32/c_10008.nls=/home/moebius/reactos/output-posix-amd64/media/nls/c_10008.nls
reactos/system32/c_10010.nls=/home/moebius/reactos/output-posix-amd64/media/nls/c_10010.nls
reactos/system32/c_10017.nls=/home/moebius/reactos/output-posix-amd64/media/nls/c_10017.nls
reactos/system32/c_10021.nls=/home/moebius/reactos/output-posix-amd64/media/nls/c_10021.nls
reactos/system32/c_10029.nls=/home/moebius/reactos/output-posix-amd64/media/nls/c_10029.nls
reactos/system32/c_10079.nls=/home/moebius/reactos/output-posix-amd64/media/nls/c_10079.nls
reactos/system32/c_10081.nls=/home/moebius/reactos/output-posix-amd64/media/nls/c_10081.nls
reactos/system32/c_10082.nls=/home/moebius/reactos/output-posix-amd64/media/nls/c_10082.nls
reactos/system32/c_1006.nls=/home/moebius/reactos/output-posix-amd64/media/nls/c_1006.nls
reactos/system32/c_1026.nls=/home/moebius/reactos/output-posix-amd64/media/nls/c_1026.nls
reactos/system32/c_1047.nls=/home/moebius/reactos/output-posix-amd64/media/nls/c_1047.nls
reactos/system32/c_1140.nls=/home/moebius/reactos/output-posix-amd64/media/nls/c_1140.nls
reactos/system32/c_1141.nls=/home/moebius/reactos/output-posix-amd64/media/nls/c_1141.nls
reactos/system32/c_1142.nls=/home/moebius/reactos/output-posix-amd64/media/nls/c_1142.nls
reactos/system32/c_1143.nls=/home/moebius/reactos/output-posix-amd64/media/nls/c_1143.nls
reactos/system32/c_1144.nls=/home/moebius/reactos/output-posix-amd64/media/nls/c_1144.nls
reactos/system32/c_1145.nls=/home/moebius/reactos/output-posix-amd64/media/nls/c_1145.nls
reactos/system32/c_1146.nls=/home/moebius/reactos/output-posix-amd64/media/nls/c_1146.nls
reactos/system32/c_1147.nls=/home/moebius/reactos/output-posix-amd64/media/nls/c_1147.nls
reactos/system32/c_1148.nls=/home/moebius/reactos/output-posix-amd64/media/nls/c_1148.nls
reactos/system32/c_1149.nls=/home/moebius/reactos/output-posix-amd64/media/nls/c_1149.nls
reactos/system32/c_1250.nls=/home/moebius/reactos/output-posix-amd64/media/nls/c_1250.nls
reactos/system32/c_1251.nls=/home/moebius/reactos/output-posix-amd64/media/nls/c_1251.nls
reactos/system32/c_1252.nls=/home/moebius/reactos/output-posix-amd64/media/nls/c_1252.nls
reactos/system32/c_1253.nls=/home/moebius/reactos/output-posix-amd64/media/nls/c_1253.nls
reactos/system32/c_1254.nls=/home/moebius/reactos/output-posix-amd64/media/nls/c_1254.nls
reactos/system32/c_1255.nls=/home/moebius/reactos/output-posix-amd64/media/nls/c_1255.nls
reactos/system32/c_1256.nls=/home/moebius/reactos/output-posix-amd64/media/nls/c_1256.nls
reactos/system32/c_1257.nls=/home/moebius/reactos/output-posix-amd64/media/nls/c_1257.nls
reactos/system32/c_1258.nls=/home/moebius/reactos/output-posix-amd64/media/nls/c_1258.nls
reactos/system32/c_1361.nls=/home/moebius/reactos/output-posix-amd64/media/nls/c_1361.nls
reactos/system32/c_20000.nls=/home/moebius/reactos/output-posix-amd64/media/nls/c_20000.nls
reactos/system32/c_20001.nls=/home/moebius/reactos/output-posix-amd64/media/nls/c_20001.nls
reactos/system32/c_20002.nls=/home/moebius/reactos/output-posix-amd64/media/nls/c_20002.nls
reactos/system32/c_20003.nls=/home/moebius/reactos/output-posix-amd64/media/nls/c_20003.nls
reactos/system32/c_20004.nls=/home/moebius/reactos/output-posix-amd64/media/nls/c_20004.nls
reactos/system32/c_20005.nls=/home/moebius/reactos/output-posix-amd64/media/nls/c_20005.nls
reactos/system32/c_20105.nls=/home/moebius/reactos/output-posix-amd64/media/nls/c_20105.nls
reactos/system32/c_20106.nls=/home/moebius/reactos/output-posix-amd64/media/nls/c_20106.nls
reactos/system32/c_20107.nls=/home/moebius/reactos/output-posix-amd64/media/nls/c_20107.nls
reactos/system32/c_20108.nls=/home/moebius/reactos/output-posix-amd64/media/nls/c_20108.nls
reactos/system32/c_20127.nls=/home/moebius/reactos/output-posix-amd64/media/nls/c_20127.nls
reactos/system32/c_20261.nls=/home/moebius/reactos/output-posix-amd64/media/nls/c_20261.nls
reactos/system32/c_20269.nls=/home/moebius/reactos/output-posix-amd64/media/nls/c_20269.nls
reactos/system32/c_20273.nls=/home/moebius/reactos/output-posix-amd64/media/nls/c_20273.nls
reactos/system32/c_20277.nls=/home/moebius/reactos/output-posix-amd64/media/nls/c_20277.nls
reactos/system32/c_20278.nls=/home/moebius/reactos/output-posix-amd64/media/nls/c_20278.nls
reactos/system32/c_20280.nls=/home/moebius/reactos/output-posix-amd64/media/nls/c_20280.nls
reactos/system32/c_20284.nls=/home/moebius/reactos/output-posix-amd64/media/nls/c_20284.nls
reactos/system32/c_20285.nls=/home/moebius/reactos/output-posix-amd64/media/nls/c_20285.nls
reactos/system32/c_20290.nls=/home/moebius/reactos/output-posix-amd64/media/nls/c_20290.nls
reactos/system32/c_20297.nls=/home/moebius/reactos/output-posix-amd64/media/nls/c_20297.nls
reactos/system32/c_20420.nls=/home/moebius/reactos/output-posix-amd64/media/nls/c_20420.nls
reactos/system32/c_20423.nls=/home/moebius/reactos/output-posix-amd64/media/nls/c_20423.nls
reactos/system32/c_20424.nls=/home/moebius/reactos/output-posix-amd64/media/nls/c_20424.nls
reactos/system32/c_20833.nls=/home/moebius/reactos/output-posix-amd64/media/nls/c_20833.nls
reactos/system32/c_20838.nls=/home/moebius/reactos/output-posix-amd64/media/nls/c_20838.nls
reactos/system32/c_20866.nls=/home/moebius/reactos/output-posix-amd64/media/nls/c_20866.nls
reactos/system32/c_20871.nls=/home/moebius/reactos/output-posix-amd64/media/nls/c_20871.nls
reactos/system32/c_20880.nls=/home/moebius/reactos/output-posix-amd64/media/nls/c_20880.nls
reactos/system32/c_20905.nls=/home/moebius/reactos/output-posix-amd64/media/nls/c_20905.nls
reactos/system32/c_20924.nls=/home/moebius/reactos/output-posix-amd64/media/nls/c_20924.nls
reactos/system32/c_21025.nls=/home/moebius/reactos/output-posix-amd64/media/nls/c_21025.nls
reactos/system32/c_21027.nls=/home/moebius/reactos/output-posix-amd64/media/nls/c_21027.nls
reactos/system32/c_21866.nls=/home/moebius/reactos/output-posix-amd64/media/nls/c_21866.nls
reactos/system32/c_28591.nls=/home/moebius/reactos/output-posix-amd64/media/nls/c_28591.nls
reactos/system32/c_28592.nls=/home/moebius/reactos/output-posix-amd64/media/nls/c_28592.nls
reactos/system32/c_28593.nls=/home/moebius/reactos/output-posix-amd64/media/nls/c_28593.nls
reactos/system32/c_28594.nls=/home/moebius/reactos/output-posix-amd64/media/nls/c_28594.nls
reactos/system32/c_28595.nls=/home/moebius/reactos/output-posix-amd64/media/nls/c_28595.nls
reactos/system32/c_28596.nls=/home/moebius/reactos/output-posix-amd64/media/nls/c_28596.nls
reactos/system32/c_28597.nls=/home/moebius/reactos/output-posix-amd64/media/nls/c_28597.nls
reactos/system32/c_28598.nls=/home/moebius/reactos/output-posix-amd64/media/nls/c_28598.nls
reactos/system32/c_28599.nls=/home/moebius/reactos/output-posix-amd64/media/nls/c_28599.nls
reactos/system32/c_28600.nls=/home/moebius/reactos/output-posix-amd64/media/nls/c_28600.nls
reactos/system32/c_28603.nls=/home/moebius/reactos/output-posix-amd64/media/nls/c_28603.nls
reactos/system32/c_28604.nls=/home/moebius/reactos/output-posix-amd64/media/nls/c_28604.nls
reactos/system32/c_28605.nls=/home/moebius/reactos/output-posix-amd64/media/nls/c_28605.nls
reactos/system32/c_28606.nls=/home/moebius/reactos/output-posix-amd64/media/nls/c_28606.nls
reactos/system32/c_29001.nls=/home/moebius/reactos/output-posix-amd64/media/nls/c_29001.nls
reactos/system32/c_424.nls=/home/moebius/reactos/output-posix-amd64/media/nls/c_424.nls
reactos/system32/c_437.nls=/home/moebius/reactos/output-posix-amd64/media/nls/c_437.nls
reactos/system32/c_500.nls=/home/moebius/reactos/output-posix-amd64/media/nls/c_500.nls
reactos/system32/c_708.nls=/home/moebius/reactos/output-posix-amd64/media/nls/c_708.nls
reactos/system32/c_720.nls=/home/moebius/reactos/output-posix-amd64/media/nls/c_720.nls
reactos/system32/c_737.nls=/home/moebius/reactos/output-posix-amd64/media/nls/c_737.nls
reactos/system32/c_775.nls=/home/moebius/reactos/output-posix-amd64/media/nls/c_775.nls
reactos/system32/c_850.nls=/home/moebius/reactos/output-posix-amd64/media/nls/c_850.nls
reactos/system32/c_852.nls=/home/moebius/reactos/output-posix-amd64/media/nls/c_852.nls
reactos/system32/c_855.nls=/home/moebius/reactos/output-posix-amd64/media/nls/c_855.nls
reactos/system32/c_857.nls=/home/moebius/reactos/output-posix-amd64/media/nls/c_857.nls
reactos/system32/c_858.nls=/home/moebius/reactos/output-posix-amd64/media/nls/c_858.nls
reactos/system32/c_860.nls=/home/moebius/reactos/output-posix-amd64/media/nls/c_860.nls
reactos/system32/c_861.nls=/home/moebius/reactos/output-posix-amd64/media/nls/c_861.nls
reactos/system32/c_862.nls=/home/moebius/reactos/output-posix-amd64/media/nls/c_862.nls
reactos/system32/c_863.nls=/home/moebius/reactos/output-posix-amd64/media/nls/c_863.nls
reactos/system32/c_864.nls=/home/moebius/reactos/output-posix-amd64/media/nls/c_864.nls
reactos/system32/c_865.nls=/home/moebius/reactos/output-posix-amd64/media/nls/c_865.nls
reactos/system32/c_866.nls=/home/moebius/reactos/output-posix-amd64/media/nls/c_866.nls
reactos/system32/c_869.nls=/home/moebius/reactos/output-posix-amd64/media/nls/c_869.nls
reactos/system32/c_870.nls=/home/moebius/reactos/output-posix-amd64/media/nls/c_870.nls
reactos/system32/c_874.nls=/home/moebius/reactos/output-posix-amd64/media/nls/c_874.nls
reactos/system32/c_875.nls=/home/moebius/reactos/output-posix-amd64/media/nls/c_875.nls
reactos/system32/c_932.nls=/home/moebius/reactos/output-posix-amd64/media/nls/c_932.nls
reactos/system32/c_936.nls=/home/moebius/reactos/output-posix-amd64/media/nls/c_936.nls
reactos/system32/c_949.nls=/home/moebius/reactos/output-posix-amd64/media/nls/c_949.nls
reactos/system32/c_950.nls=/home/moebius/reactos/output-posix-amd64/media/nls/c_950.nls
reactos/system32/l_intl.nls=/home/moebius/reactos/media/nls/l_intl.nls
reactos/system32/c_856.nls=/home/moebius/reactos/media/nls/c_856.nls
reactos/system32/c_878.nls=/home/moebius/reactos/media/nls/c_878.nls
reactos/system32/ctype.nls=/home/moebius/reactos/media/nls/ctype.nls
reactos/system32/geo.nls=/home/moebius/reactos/media/nls/geo.nls
reactos/system32/l_except.nls=/home/moebius/reactos/media/nls/l_except.nls
reactos/system32/locale.nls=/home/moebius/reactos/media/nls/locale.nls
reactos/system32/sortkey.nls=/home/moebius/reactos/media/nls/sortkey.nls
reactos/system32/sorttbls.nls=/home/moebius/reactos/media/nls/sorttbls.nls
reactos/system32/unicode.nls=/home/moebius/reactos/media/nls/unicode.nls
reactos/AppPatch/sysmain.sdb=/home/moebius/reactos/output-posix-amd64/media/sdb/sysmain.sdb
reactos/media/ReactOS_Critical_Stop.wav=/home/moebius/reactos/media/sounds/ReactOS_Critical_Stop.wav
reactos/media/ReactOS_Startup.wav=/home/moebius/reactos/media/sounds/ReactOS_Startup.wav
reactos/media/ReactOS_Notify.wav=/home/moebius/reactos/media/sounds/ReactOS_Notify.wav
reactos/media/ReactOS_Recycle.wav=/home/moebius/reactos/media/sounds/ReactOS_Recycle.wav
reactos/Resources/Themes/Lautus/$<TARGET_FILE_NAME:lautus.msstyles>=$<TARGET_FILE:lautus.msstyles>
reactos/Resources/Themes/Lunar/$<TARGET_FILE_NAME:lunar.msstyles>=$<TARGET_FILE:lunar.msstyles>
reactos/Resources/Themes/Mizu/$<TARGET_FILE_NAME:mizu.msstyles>=$<TARGET_FILE:mizu.msstyles>
reactos/Resources/Themes/Modern/$<TARGET_FILE_NAME:modern.msstyles>=$<TARGET_FILE:modern.msstyles>
reactos/vgafonts.cab=/home/moebius/reactos/output-posix-amd64/media/vgafonts/vgafonts.cab
reactos/system32/drivers/etc/hosts=/home/moebius/reactos/media/drivers/etc/hosts
reactos/system32/drivers/etc/KDBinit=/home/moebius/reactos/media/drivers/etc/KDBinit
reactos/system32/drivers/etc/networks=/home/moebius/reactos/media/drivers/etc/networks
reactos/system32/drivers/etc/protocol=/home/moebius/reactos/media/drivers/etc/protocol
reactos/system32/drivers/etc/services=/home/moebius/reactos/media/drivers/etc/services
reactos/winsxs/manifests/systemcompatible.manifest=/home/moebius/reactos/media/systemcompatible.manifest
reactos/system32/$<TARGET_FILE_NAME:ntoskrnl>=$<TARGET_FILE:ntoskrnl>
reactos/system32/$<TARGET_FILE_NAME:ntkrnlmp>=$<TARGET_FILE:ntkrnlmp>
reactos/system32/$<TARGET_FILE_NAME:csrsrv>=$<TARGET_FILE:csrsrv>
reactos/system32/$<TARGET_FILE_NAME:csrss>=$<TARGET_FILE:csrss>
reactos/system32/AUTOEXEC.NT=/home/moebius/reactos/subsystems/mvdm/config/AUTOEXEC.NT
reactos/repair/AUTOEXEC.NT=/home/moebius/reactos/subsystems/mvdm/config/AUTOEXEC.NT
reactos/system32/CONFIG.NT=/home/moebius/reactos/subsystems/mvdm/config/CONFIG.NT
reactos/repair/CONFIG.NT=/home/moebius/reactos/subsystems/mvdm/config/CONFIG.NT
reactos/system.ini=/home/moebius/reactos/subsystems/mvdm/config/system.ini
reactos/win.ini=/home/moebius/reactos/subsystems/mvdm/config/win.ini
reactos/system32/command.com=/home/moebius/reactos/output-posix-amd64/subsystems/mvdm/dos/command.com
reactos/system32/$<TARGET_FILE_NAME:ntvdm>=$<TARGET_FILE:ntvdm>
reactos/system32/$<TARGET_FILE_NAME:pifmgr>=$<TARGET_FILE:pifmgr>
reactos/system32/$<TARGET_FILE_NAME:vdmdbg>=$<TARGET_FILE:vdmdbg>
reactos/system32/$<TARGET_FILE_NAME:user>=$<TARGET_FILE:user>
reactos/system32/$<TARGET_FILE_NAME:basesrv>=$<TARGET_FILE:basesrv>
reactos/system32/$<TARGET_FILE_NAME:framebuf>=$<TARGET_FILE:framebuf>
reactos/system32/$<TARGET_FILE_NAME:vgaddi>=$<TARGET_FILE:vgaddi>
reactos/system32/$<TARGET_FILE_NAME:ftfd>=$<TARGET_FILE:ftfd>
reactos/system32/drivers/$<TARGET_FILE_NAME:bochsmp>=$<TARGET_FILE:bochsmp>
reactos/inf/bochsmp.inf=/home/moebius/reactos/output-posix-amd64/win32ss/drivers/miniport/bochs/bochsmp.inf
reactos/system32/drivers/$<TARGET_FILE_NAME:vgapnp>=$<TARGET_FILE:vgapnp>
reactos/system32/drivers/$<TARGET_FILE_NAME:vga>=$<TARGET_FILE:vga>
reactos/system32/drivers/$<TARGET_FILE_NAME:videoprt>=$<TARGET_FILE:videoprt>
reactos/system32/drivers/$<TARGET_FILE_NAME:watchdog>=$<TARGET_FILE:watchdog>
reactos/system32/$<TARGET_FILE_NAME:gdi32>=$<TARGET_FILE:gdi32>
reactos/system32/$<TARGET_FILE_NAME:gdi32_vista>=$<TARGET_FILE:gdi32_vista>
reactos/system32/$<TARGET_FILE_NAME:ntprint>=$<TARGET_FILE:ntprint>
reactos/system32/$<TARGET_FILE_NAME:printui>=$<TARGET_FILE:printui>
reactos/system32/$<TARGET_FILE_NAME:spoolss>=$<TARGET_FILE:spoolss>
reactos/system32/$<TARGET_FILE_NAME:spoolsv>=$<TARGET_FILE:spoolsv>
reactos/system32/$<TARGET_FILE_NAME:winspool>=$<TARGET_FILE:winspool>
reactos/system32/$<TARGET_FILE_NAME:localui>=$<TARGET_FILE:localui>
reactos/system32/$<TARGET_FILE_NAME:localmon>=$<TARGET_FILE:localmon>
reactos/system32/spool/prtprocs/x64/$<TARGET_FILE_NAME:winprint>=$<TARGET_FILE:winprint>
reactos/system32/$<TARGET_FILE_NAME:localspl>=$<TARGET_FILE:localspl>
reactos/system32/drivers/$<TARGET_FILE_NAME:dxapi>=$<TARGET_FILE:dxapi>
reactos/system32/drivers/$<TARGET_FILE_NAME:dxg>=$<TARGET_FILE:dxg>
reactos/system32/drivers/$<TARGET_FILE_NAME:dxgthk>=$<TARGET_FILE:dxgthk>
reactos/system32/$<TARGET_FILE_NAME:imm32>=$<TARGET_FILE:imm32>
reactos/system32/$<TARGET_FILE_NAME:user32>=$<TARGET_FILE:user32>
reactos/system32/$<TARGET_FILE_NAME:user32_vista>=$<TARGET_FILE:user32_vista>
reactos/system32/$<TARGET_FILE_NAME:winsrv>=$<TARGET_FILE:winsrv>
reactos/system32/$<TARGET_FILE_NAME:win32k>=$<TARGET_FILE:win32k>
reactos/system32/config/system=/home/moebius/reactos/output-posix-amd64/boot/bootdata/system
reactos/system32/config/software=/home/moebius/reactos/output-posix-amd64/boot/bootdata/software
reactos/system32/config/default=/home/moebius/reactos/output-posix-amd64/boot/bootdata/default
reactos/system32/config/sam=/home/moebius/reactos/output-posix-amd64/boot/bootdata/sam
reactos/system32/config/security=/home/moebius/reactos/output-posix-amd64/boot/bootdata/security
efi/boot/BCD=/home/moebius/reactos/output-posix-amd64/boot/bootdata/BCD